base.h:24:18:virtual void core::Component::init()	16	static
base.h:25:13:core::Component::~Component()	16	static
base.h:25:13:virtual core::Component::~Component()	16	static
base.h:32:13:core::Event::~Event()	16	static
base.h:32:13:virtual core::Event::~Event()	16	static
event-queue.h:15:10:core::EventQueue::~EventQueue()	16	static
event-queue.h:15:10:virtual core::EventQueue::~EventQueue()	16	static
event-queue.h:30:17:void core::EventQueue::post(uint8_t)	24	static,ignoring_inline_asm
event-queue.h:45:17:virtual void core::EventQueue::pushFixed(uint8_t, uint8_t*, uint8_t)	32	static,ignoring_inline_asm
event-queue.h:64:17:virtual void core::EventQueue::popFixed(uint8_t*, uint8_t)	40	static
event-queue.h:72:17:virtual void core::EventQueue::pushBuffer(uint8_t, uint8_t*, uint8_t)	32	static,ignoring_inline_asm
event-queue.h:93:17:virtual void core::EventQueue::popBuffer(uint8_t*, uint8_t&)	40	static
event-queue.h:103:17:void core::EventQueue::push_(uint8_t)	16	static
event-queue.h:110:20:uint8_t core::EventQueue::pop_()	24	static
engine.h:18:5:core::Engine::~Engine()	16	static
engine.h:18:5:virtual core::Engine::~Engine()	16	static
engine.h:23:17:core::EventQueue& core::Engine::events()	16	static
engine.h:27:23:void __tcf_0()	8	static
engine.h:25:20:static core::Engine& core::Engine::instance()	8	static
event.h:31:5:core::EmptyEvent::EmptyEvent(core::Component*, core::EmptyEvent::Handler)	24	static
event.h:32:10:void core::EmptyEvent::post()	16	static
event.h:37:10:virtual void core::EmptyEvent::execute(core::AbstractEventQueue*)	16	static
controller.h:9:1:void __tcf_2()	8	static
controller.h:9:1:static console::Controller& console::Controller::instance()	8	static
controller.h:9:1:console::Controller::~Controller()	16	static
controller.h:9:1:virtual console::Controller::~Controller()	16	static
base.h:21:7:constexpr core::Component::Component()	16	static
controller.h:9:1:console::Controller::Controller()	24	static
data.h:15:10:void osc::Data::reset(uint16_t)	16	static
data.h:24:10:void osc::Data::add(uint16_t)	24	static
data.h:41:10:bool osc::Data::flush()	40	static
data.h:57:10:void osc::Data::prepareFlush()	16	static
dual.h:27:10:void osc::Dual::idle_(uint16_t, uint16_t)	16	static
dual.cpp:4:1:osc::Dual::Dual(uint8_t, uint16_t)	32	static
dual.cpp:10:6:void osc::Dual::thresholding_(uint16_t, uint16_t)	16	static
dual.cpp:32:6:void osc::Dual::probing_(uint16_t, uint16_t)	16	static
dual.cpp:47:6:void osc::Dual::first_(uint16_t, uint16_t)	16	static
dual.cpp:55:6:void osc::Dual::adding_(uint16_t, uint16_t)	16	static
dual.cpp:71:6:void osc::Dual::c1Flush_()	16	static
dual.cpp:83:6:void osc::Dual::c2Flush_()	16	static
dual.h:13:7:osc::Dual::~Dual()	16	static
dual.h:13:7:virtual osc::Dual::~Dual()	16	static
event.h:27:7:core::EmptyEvent::~EmptyEvent()	16	static
event.h:27:7:virtual core::EmptyEvent::~EmptyEvent()	16	static
