base.h:24:18:virtual void core::Component::init()	16	static
base.h:25:13:core::Component::~Component()	16	static
base.h:25:13:virtual core::Component::~Component()	16	static
base.h:32:13:core::Event::~Event()	16	static
base.h:32:13:virtual core::Event::~Event()	16	static
event-queue.h:15:10:core::EventQueue::~EventQueue()	16	static
event-queue.h:15:10:virtual core::EventQueue::~EventQueue()	16	static
event-queue.h:30:17:void core::EventQueue::post(uint8_t)	24	static,ignoring_inline_asm
event-queue.h:45:17:virtual void core::EventQueue::pushFixed(uint8_t, uint8_t*, uint8_t)	32	static,ignoring_inline_asm
event-queue.h:64:17:virtual void core::EventQueue::popFixed(uint8_t*, uint8_t)	40	static
event-queue.h:72:17:virtual void core::EventQueue::pushBuffer(uint8_t, uint8_t*, uint8_t)	32	static,ignoring_inline_asm
event-queue.h:93:17:virtual void core::EventQueue::popBuffer(uint8_t*, uint8_t&)	40	static
event-queue.h:103:17:void core::EventQueue::push_(uint8_t)	16	static
event-queue.h:110:20:uint8_t core::EventQueue::pop_()	24	static
engine.h:18:5:core::Engine::~Engine()	16	static
engine.h:18:5:virtual core::Engine::~Engine()	16	static
engine.h:23:17:core::EventQueue& core::Engine::events()	16	static
engine.h:27:23:void __tcf_0()	8	static
engine.h:25:20:static core::Engine& core::Engine::instance()	8	static
event.h:31:5:core::EmptyEvent::EmptyEvent(core::Component*, core::EmptyEvent::Handler)	24	static
event.h:32:10:void core::EmptyEvent::post()	16	static
event.h:37:10:virtual void core::EmptyEvent::execute(core::AbstractEventQueue*)	16	static
single.h:20:10:void osc::Single::idle_(uint16_t)	16	static
controller.h:9:1:void __tcf_2()	8	static
controller.h:9:1:static console::Controller& console::Controller::instance()	8	static
controller.h:9:1:console::Controller::~Controller()	16	static
controller.h:9:1:virtual console::Controller::~Controller()	16	static
base.h:21:7:constexpr core::Component::Component()	16	static
controller.h:9:1:console::Controller::Controller()	24	static
single.cpp:4:1:osc::Single::Single(uint8_t)	24	static
single.cpp:8:6:void osc::Single::thresholding_(uint16_t)	16	static
single.cpp:30:6:void osc::Single::probing_(uint16_t)	16	static
single.cpp:45:6:void osc::Single::first_(uint16_t)	16	static
single.cpp:56:6:void osc::Single::adding_(uint16_t)	24	static
single.cpp:82:6:void osc::Single::flush_()	40	static
single.h:9:7:osc::Single::~Single()	16	static
single.h:9:7:virtual osc::Single::~Single()	16	static
event.h:27:7:core::EmptyEvent::~EmptyEvent()	16	static
event.h:27:7:virtual core::EmptyEvent::~EmptyEvent()	16	static
