Archive member included to satisfy reference by file (symbol)

c:/st/stm32cubeide_1.7.0/stm32cubeide/plugins/com.st.stm32cube.ide.mcu.externaltools.gnu-tools-for-stm32.9-2020-q2-update.win32_2.0.0.202105311346/tools/bin/../lib/gcc/arm-none-eabi/9.3.1/../../../../arm-none-eabi/lib/thumb/v7e-m+fp/hard\libstdc++_nano.a(del_ops.o)
                              ./Components/console/controller.o (operator delete(void*, unsigned int))
c:/st/stm32cubeide_1.7.0/stm32cubeide/plugins/com.st.stm32cube.ide.mcu.externaltools.gnu-tools-for-stm32.9-2020-q2-update.win32_2.0.0.202105311346/tools/bin/../lib/gcc/arm-none-eabi/9.3.1/../../../../arm-none-eabi/lib/thumb/v7e-m+fp/hard\libstdc++_nano.a(guard.o)
                              ./Components/console/controller.o (__cxa_guard_acquire)
c:/st/stm32cubeide_1.7.0/stm32cubeide/plugins/com.st.stm32cube.ide.mcu.externaltools.gnu-tools-for-stm32.9-2020-q2-update.win32_2.0.0.202105311346/tools/bin/../lib/gcc/arm-none-eabi/9.3.1/../../../../arm-none-eabi/lib/thumb/v7e-m+fp/hard\libstdc++_nano.a(new_op.o)
                              ./Components/console/controller.o (operator new(unsigned int))
c:/st/stm32cubeide_1.7.0/stm32cubeide/plugins/com.st.stm32cube.ide.mcu.externaltools.gnu-tools-for-stm32.9-2020-q2-update.win32_2.0.0.202105311346/tools/bin/../lib/gcc/arm-none-eabi/9.3.1/../../../../arm-none-eabi/lib/thumb/v7e-m+fp/hard\libstdc++_nano.a(del_op.o)
                              c:/st/stm32cubeide_1.7.0/stm32cubeide/plugins/com.st.stm32cube.ide.mcu.externaltools.gnu-tools-for-stm32.9-2020-q2-update.win32_2.0.0.202105311346/tools/bin/../lib/gcc/arm-none-eabi/9.3.1/../../../../arm-none-eabi/lib/thumb/v7e-m+fp/hard\libstdc++_nano.a(del_ops.o) (operator delete(void*))
c:/st/stm32cubeide_1.7.0/stm32cubeide/plugins/com.st.stm32cube.ide.mcu.externaltools.gnu-tools-for-stm32.9-2020-q2-update.win32_2.0.0.202105311346/tools/bin/../lib/gcc/arm-none-eabi/9.3.1/../../../../arm-none-eabi/lib/thumb/v7e-m+fp/hard\libstdc++_nano.a(new_handler.o)
                              c:/st/stm32cubeide_1.7.0/stm32cubeide/plugins/com.st.stm32cube.ide.mcu.externaltools.gnu-tools-for-stm32.9-2020-q2-update.win32_2.0.0.202105311346/tools/bin/../lib/gcc/arm-none-eabi/9.3.1/../../../../arm-none-eabi/lib/thumb/v7e-m+fp/hard\libstdc++_nano.a(new_op.o) (std::get_new_handler())
c:/st/stm32cubeide_1.7.0/stm32cubeide/plugins/com.st.stm32cube.ide.mcu.externaltools.gnu-tools-for-stm32.9-2020-q2-update.win32_2.0.0.202105311346/tools/bin/../lib/gcc/arm-none-eabi/9.3.1/../../../../arm-none-eabi/lib/thumb/v7e-m+fp/hard\libm.a(lib_a-s_cos.o)
                              ./Components/test/example/example.o (cos)
c:/st/stm32cubeide_1.7.0/stm32cubeide/plugins/com.st.stm32cube.ide.mcu.externaltools.gnu-tools-for-stm32.9-2020-q2-update.win32_2.0.0.202105311346/tools/bin/../lib/gcc/arm-none-eabi/9.3.1/../../../../arm-none-eabi/lib/thumb/v7e-m+fp/hard\libm.a(lib_a-s_sin.o)
                              ./Components/test/example/example.o (sin)
c:/st/stm32cubeide_1.7.0/stm32cubeide/plugins/com.st.stm32cube.ide.mcu.externaltools.gnu-tools-for-stm32.9-2020-q2-update.win32_2.0.0.202105311346/tools/bin/../lib/gcc/arm-none-eabi/9.3.1/../../../../arm-none-eabi/lib/thumb/v7e-m+fp/hard\libm.a(lib_a-e_rem_pio2.o)
                              c:/st/stm32cubeide_1.7.0/stm32cubeide/plugins/com.st.stm32cube.ide.mcu.externaltools.gnu-tools-for-stm32.9-2020-q2-update.win32_2.0.0.202105311346/tools/bin/../lib/gcc/arm-none-eabi/9.3.1/../../../../arm-none-eabi/lib/thumb/v7e-m+fp/hard\libm.a(lib_a-s_cos.o) (__ieee754_rem_pio2)
c:/st/stm32cubeide_1.7.0/stm32cubeide/plugins/com.st.stm32cube.ide.mcu.externaltools.gnu-tools-for-stm32.9-2020-q2-update.win32_2.0.0.202105311346/tools/bin/../lib/gcc/arm-none-eabi/9.3.1/../../../../arm-none-eabi/lib/thumb/v7e-m+fp/hard\libm.a(lib_a-k_cos.o)
                              c:/st/stm32cubeide_1.7.0/stm32cubeide/plugins/com.st.stm32cube.ide.mcu.externaltools.gnu-tools-for-stm32.9-2020-q2-update.win32_2.0.0.202105311346/tools/bin/../lib/gcc/arm-none-eabi/9.3.1/../../../../arm-none-eabi/lib/thumb/v7e-m+fp/hard\libm.a(lib_a-s_cos.o) (__kernel_cos)
c:/st/stm32cubeide_1.7.0/stm32cubeide/plugins/com.st.stm32cube.ide.mcu.externaltools.gnu-tools-for-stm32.9-2020-q2-update.win32_2.0.0.202105311346/tools/bin/../lib/gcc/arm-none-eabi/9.3.1/../../../../arm-none-eabi/lib/thumb/v7e-m+fp/hard\libm.a(lib_a-k_rem_pio2.o)
                              c:/st/stm32cubeide_1.7.0/stm32cubeide/plugins/com.st.stm32cube.ide.mcu.externaltools.gnu-tools-for-stm32.9-2020-q2-update.win32_2.0.0.202105311346/tools/bin/../lib/gcc/arm-none-eabi/9.3.1/../../../../arm-none-eabi/lib/thumb/v7e-m+fp/hard\libm.a(lib_a-e_rem_pio2.o) (__kernel_rem_pio2)
c:/st/stm32cubeide_1.7.0/stm32cubeide/plugins/com.st.stm32cube.ide.mcu.externaltools.gnu-tools-for-stm32.9-2020-q2-update.win32_2.0.0.202105311346/tools/bin/../lib/gcc/arm-none-eabi/9.3.1/../../../../arm-none-eabi/lib/thumb/v7e-m+fp/hard\libm.a(lib_a-k_sin.o)
[...]
Memory Configuration

Name             Origin             Length             Attributes
RAM              0x0000000020000000 0x0000000000020000 xrw
FLASH            0x0000000008000000 0x0000000000080000 xr
*default*        0x0000000000000000 0xffffffffffffffff

Linker script and memory map

LOAD c:/st/stm32cubeide_1.7.0/stm32cubeide/plugins/com.st.stm32cube.ide.mcu.externaltools.gnu-tools-for-stm32.9-2020-q2-update.win32_2.0.0.202105311346/tools/bin/../lib/gcc/arm-none-eabi/9.3.1/thumb/v7e-m+fp/hard/crti.o
LOAD c:/st/stm32cubeide_1.7.0/stm32cubeide/plugins/com.st.stm32cube.ide.mcu.externaltools.gnu-tools-for-stm32.9-2020-q2-update.win32_2.0.0.202105311346/tools/bin/../lib/gcc/arm-none-eabi/9.3.1/thumb/v7e-m+fp/hard/crtbegin.o
LOAD c:/st/stm32cubeide_1.7.0/stm32cubeide/plugins/com.st.stm32cube.ide.mcu.externaltools.gnu-tools-for-stm32.9-2020-q2-update.win32_2.0.0.202105311346/tools/bin/../lib/gcc/arm-none-eabi/9.3.1/../../../../arm-none-eabi/lib/thumb/v7e-m+fp/hard/crt0.o
LOAD ./Components/console/controller.o
LOAD ./Components/console/driver.o
LOAD ./Components/console/hal.o
LOAD ./Components/console/plot.o
LOAD ./Components/core/engine.o
LOAD ./Components/core/system.o
LOAD ./Components/core/task.o
LOAD ./Components/test/example/example-sm.o
LOAD ./Components/test/example/example.o
LOAD ./Components/test/example/main.o
LOAD ./Core/Src/gpio.o
LOAD ./Core/Src/main.o
LOAD ./Core/Src/stm32f4xx_hal_msp.o
LOAD ./Core/Src/syscalls.o
LOAD ./Core/Src/sysmem.o
LOAD ./Core/Src/system_stm32f4xx.o
LOAD ./Core/Src/usart.o
LOAD ./Core/Startup/startup_stm32f411retx.o
LOAD ./Drivers/STM32F4xx_HAL_Driver/Src/stm32f4xx_hal.o
LOAD ./Drivers/STM32F4xx_HAL_Driver/Src/stm32f4xx_hal_cortex.o
LOAD ./Drivers/STM32F4xx_HAL_Driver/Src/stm32f4xx_hal_dma.o
LOAD ./Drivers/STM32F4xx_HAL_Driver/Src/stm32f4xx_hal_dma_ex.o
LOAD ./Drivers/STM32F4xx_HAL_Driver/Src/stm32f4xx_hal_exti.o
LOAD ./Drivers/STM32F4xx_HAL_Driver/Src/stm32f4xx_hal_flash.o
LOAD ./Drivers/STM32F4xx_HAL_Driver/Src/stm32f4xx_hal_flash_ex.o
LOAD ./Drivers/STM32F4xx_HAL_Driver/Src/stm32f4xx_hal_flash_ramfunc.o
LOAD ./Drivers/STM32F4xx_HAL_Driver/Src/stm32f4xx_hal_gpio.o
LOAD ./Drivers/STM32F4xx_HAL_Driver/Src/stm32f4xx_hal_pwr.o
LOAD ./Drivers/STM32F4xx_HAL_Driver/Src/stm32f4xx_hal_pwr_ex.o
LOAD ./Drivers/STM32F4xx_HAL_Driver/Src/stm32f4xx_hal_rcc.o
LOAD ./Drivers/STM32F4xx_HAL_Driver/Src/stm32f4xx_hal_rcc_ex.o
LOAD ./Drivers/STM32F4xx_HAL_Driver/Src/stm32f4xx_hal_tim.o
LOAD ./Drivers/STM32F4xx_HAL_Driver/Src/stm32f4xx_hal_tim_ex.o
LOAD ./Drivers/STM32F4xx_HAL_Driver/Src/stm32f4xx_ll_dma.o
LOAD ./Drivers/STM32F4xx_HAL_Driver/Src/stm32f4xx_ll_exti.o
LOAD ./Drivers/STM32F4xx_HAL_Driver/Src/stm32f4xx_ll_gpio.o
LOAD ./Drivers/STM32F4xx_HAL_Driver/Src/stm32f4xx_ll_rcc.o
LOAD ./Drivers/STM32F4xx_HAL_Driver/Src/stm32f4xx_ll_usart.o
LOAD ./Drivers/STM32F4xx_HAL_Driver/Src/stm32f4xx_ll_utils.o
START GROUP
LOAD c:/st/stm32cubeide_1.7.0/stm32cubeide/plugins/com.st.stm32cube.ide.mcu.externaltools.gnu-tools-for-stm32.9-2020-q2-update.win32_2.0.0.202105311346/tools/bin/../lib/gcc/arm-none-eabi/9.3.1/../../../../arm-none-eabi/lib/thumb/v7e-m+fp/hard\libstdc++_nano.a
LOAD c:/st/stm32cubeide_1.7.0/stm32cubeide/plugins/com.st.stm32cube.ide.mcu.externaltools.gnu-tools-for-stm32.9-2020-q2-update.win32_2.0.0.202105311346/tools/bin/../lib/gcc/arm-none-eabi/9.3.1/../../../../arm-none-eabi/lib/thumb/v7e-m+fp/hard\libsupc++_nano.a
END GROUP
LOAD c:/st/stm32cubeide_1.7.0/stm32cubeide/plugins/com.st.stm32cube.ide.mcu.externaltools.gnu-tools-for-stm32.9-2020-q2-update.win32_2.0.0.202105311346/tools/bin/../lib/gcc/arm-none-eabi/9.3.1/../../../../arm-none-eabi/lib/thumb/v7e-m+fp/hard\libstdc++_nano.a
LOAD c:/st/stm32cubeide_1.7.0/stm32cubeide/plugins/com.st.stm32cube.ide.mcu.externaltools.gnu-tools-for-stm32.9-2020-q2-update.win32_2.0.0.202105311346/tools/bin/../lib/gcc/arm-none-eabi/9.3.1/../../../../arm-none-eabi/lib/thumb/v7e-m+fp/hard\libm.a
LOAD c:/st/stm32cubeide_1.7.0/stm32cubeide/plugins/com.st.stm32cube.ide.mcu.externaltools.gnu-tools-for-stm32.9-2020-q2-update.win32_2.0.0.202105311346/tools/bin/../lib/gcc/arm-none-eabi/9.3.1/../../../../arm-none-eabi/lib/thumb/v7e-m+fp/hard\libc_nano.a
START GROUP
LOAD c:/st/stm32cubeide_1.7.0/stm32cubeide/plugins/com.st.stm32cube.ide.mcu.externaltools.gnu-tools-for-stm32.9-2020-q2-update.win32_2.0.0.202105311346/tools/bin/../lib/gcc/arm-none-eabi/9.3.1/thumb/v7e-m+fp/hard\libgcc.a
LOAD c:/st/stm32cubeide_1.7.0/stm32cubeide/plugins/com.st.stm32cube.ide.mcu.externaltools.gnu-tools-for-stm32.9-2020-q2-update.win32_2.0.0.202105311346/tools/bin/../lib/gcc/arm-none-eabi/9.3.1/../../../../arm-none-eabi/lib/thumb/v7e-m+fp/hard\libc_nano.a
END GROUP
START GROUP
LOAD c:/st/stm32cubeide_1.7.0/stm32cubeide/plugins/com.st.stm32cube.ide.mcu.externaltools.gnu-tools-for-stm32.9-2020-q2-update.win32_2.0.0.202105311346/tools/bin/../lib/gcc/arm-none-eabi/9.3.1/thumb/v7e-m+fp/hard\libgcc.a
LOAD c:/st/stm32cubeide_1.7.0/stm32cubeide/plugins/com.st.stm32cube.ide.mcu.externaltools.gnu-tools-for-stm32.9-2020-q2-update.win32_2.0.0.202105311346/tools/bin/../lib/gcc/arm-none-eabi/9.3.1/../../../../arm-none-eabi/lib/thumb/v7e-m+fp/hard\libc_nano.a
LOAD c:/st/stm32cubeide_1.7.0/stm32cubeide/plugins/com.st.stm32cube.ide.mcu.externaltools.gnu-tools-for-stm32.9-2020-q2-update.win32_2.0.0.202105311346/tools/bin/../lib/gcc/arm-none-eabi/9.3.1/../../../../arm-none-eabi/lib/thumb/v7e-m+fp/hard\libnosys.a
END GROUP
START GROUP
LOAD c:/st/stm32cubeide_1.7.0/stm32cubeide/plugins/com.st.stm32cube.ide.mcu.externaltools.gnu-tools-for-stm32.9-2020-q2-update.win32_2.0.0.202105311346/tools/bin/../lib/gcc/arm-none-eabi/9.3.1/thumb/v7e-m+fp/hard\libgcc.a
LOAD c:/st/stm32cubeide_1.7.0/stm32cubeide/plugins/com.st.stm32cube.ide.mcu.externaltools.gnu-tools-for-stm32.9-2020-q2-update.win32_2.0.0.202105311346/tools/bin/../lib/gcc/arm-none-eabi/9.3.1/../../../../arm-none-eabi/lib/thumb/v7e-m+fp/hard\libc_nano.a
LOAD c:/st/stm32cubeide_1.7.0/stm32cubeide/plugins/com.st.stm32cube.ide.mcu.externaltools.gnu-tools-for-stm32.9-2020-q2-update.win32_2.0.0.202105311346/tools/bin/../lib/gcc/arm-none-eabi/9.3.1/../../../../arm-none-eabi/lib/thumb/v7e-m+fp/hard\libnosys.a
END GROUP
LOAD c:/st/stm32cubeide_1.7.0/stm32cubeide/plugins/com.st.stm32cube.ide.mcu.externaltools.gnu-tools-for-stm32.9-2020-q2-update.win32_2.0.0.202105311346/tools/bin/../lib/gcc/arm-none-eabi/9.3.1/thumb/v7e-m+fp/hard/crtend.o
LOAD c:/st/stm32cubeide_1.7.0/stm32cubeide/plugins/com.st.stm32cube.ide.mcu.externaltools.gnu-tools-for-stm32.9-2020-q2-update.win32_2.0.0.202105311346/tools/bin/../lib/gcc/arm-none-eabi/9.3.1/thumb/v7e-m+fp/hard/crtn.o
                0x0000000020020000                _estack = (ORIGIN (RAM) + LENGTH (RAM))
                0x0000000000000200                _Min_Heap_Size = 0x200
                0x0000000000000400                _Min_Stack_Size = 0x400

.isr_vector     0x0000000008000000      0x198
                0x0000000008000000                . = ALIGN (0x4)
 *(.isr_vector)
 .isr_vector    0x0000000008000000      0x198 ./Core/Startup/startup_stm32f411retx.o
                0x0000000008000000                g_pfnVectors
                0x0000000008000198                . = ALIGN (0x4)

.text           0x00000000080001a0     0x7038
                0x00000000080001a0                . = ALIGN (0x4)
 *(.text)
 .text          0x00000000080001a0       0x40 c:/st/stm32cubeide_1.7.0/stm32cubeide/plugins/com.st.stm32cube.ide.mcu.externaltools.gnu-tools-for-stm32.9-2020-q2-update.win32_2.0.0.202105311346/tools/bin/../lib/gcc/arm-none-eabi/9.3.1/thumb/v7e-m+fp/hard/crtbegin.o
 .text          0x00000000080001e0       0xa0 c:/st/stm32cubeide_1.7.0/stm32cubeide/plugins/com.st.stm32cube.ide.mcu.externaltools.gnu-tools-for-stm32.9-2020-q2-update.win32_2.0.0.202105311346/tools/bin/../lib/gcc/arm-none-eabi/9.3.1/../../../../arm-none-eabi/lib/thumb/v7e-m+fp/hard\libc_nano.a(lib_a-memchr.o)
                0x00000000080001e0                memchr
 .text          0x0000000008000280      0x378 c:/st/stm32cubeide_1.7.0/stm32cubeide/plugins/com.st.stm32cube.ide.mcu.externaltools.gnu-tools-for-stm32.9-2020-q2-update.win32_2.0.0.202105311346/tools/bin/../lib/gcc/arm-none-eabi/9.3.1/thumb/v7e-m+fp/hard\libgcc.a(_arm_addsubdf3.o)
                0x0000000008000280                __aeabi_drsub
                0x0000000008000288                __aeabi_dsub
                0x0000000008000288                __subdf3
                0x000000000800028c                __aeabi_dadd
                0x000000000800028c                __adddf3
                0x0000000008000504                __floatunsidf
                0x0000000008000504                __aeabi_ui2d
                0x0000000008000524                __floatsidf
                0x0000000008000524                __aeabi_i2d
                0x0000000008000548                __aeabi_f2d
                0x0000000008000548                __extendsfdf2
                0x000000000800058c                __floatundidf
                0x000000000800058c                __aeabi_ul2d
                0x000000000800059c                __floatdidf
                0x000000000800059c                __aeabi_l2d
 .text          0x00000000080005f8      0x424 c:/st/stm32cubeide_1.7.0/stm32cubeide/plugins/com.st.stm32cube.ide.mcu.externaltools.gnu-tools-for-stm32.9-2020-q2-update.win32_2.0.0.202105311346/tools/bin/../lib/gcc/arm-none-eabi/9.3.1/thumb/v7e-m+fp/hard\libgcc.a(_arm_muldivdf3.o)
                0x00000000080005f8                __aeabi_dmul
                0x00000000080005f8                __muldf3
                0x000000000800084c                __divdf3
                0x000000000800084c                __aeabi_ddiv
 .text          0x0000000008000a1c      0x110 c:/st/stm32cubeide_1.7.0/stm32cubeide/plugins/com.st.stm32cube.ide.mcu.externaltools.gnu-tools-for-stm32.9-2020-q2-update.win32_2.0.0.202105311346/tools/bin/../lib/gcc/arm-none-eabi/9.3.1/thumb/v7e-m+fp/hard\libgcc.a(_arm_cmpdf2.o)
                0x0000000008000a1c                __gtdf2
                0x0000000008000a1c                __gedf2
                0x0000000008000a24                __ltdf2
                0x0000000008000a24                __ledf2
                0x0000000008000a2c                __nedf2
                0x0000000008000a2c                __eqdf2
                0x0000000008000a2c                __cmpdf2
                0x0000000008000aa8                __aeabi_cdrcmple
                0x0000000008000ab8                __aeabi_cdcmpeq
                0x0000000008000ab8                __aeabi_cdcmple
                0x0000000008000ac8                __aeabi_dcmpeq
                0x0000000008000adc                __aeabi_dcmplt
                0x0000000008000af0                __aeabi_dcmple
                0x0000000008000b04                __aeabi_dcmpge
                0x0000000008000b18                __aeabi_dcmpgt
 .text          0x0000000008000b2c       0x50 c:/st/stm32cubeide_1.7.0/stm32cubeide/plugins/com.st.stm32cube.ide.mcu.externaltools.gnu-tools-for-stm32.9-2020-q2-update.win32_2.0.0.202105311346/tools/bin/../lib/gcc/arm-none-eabi/9.3.1/thumb/v7e-m+fp/hard\libgcc.a(_arm_fixdfsi.o)
                0x0000000008000b2c                __aeabi_d2iz
                0x0000000008000b2c                __fixdfsi
 .text          0x0000000008000b7c       0x30 c:/st/stm32cubeide_1.7.0/stm32cubeide/plugins/com.st.stm32cube.ide.mcu.externaltools.gnu-tools-for-stm32.9-2020-q2-update.win32_2.0.0.202105311346/tools/bin/../lib/gcc/arm-none-eabi/9.3.1/thumb/v7e-m+fp/hard\libgcc.a(_aeabi_uldivmod.o)
                0x0000000008000b7c                __aeabi_uldivmod
 .text          0x0000000008000bac      0x2c4 c:/st/stm32cubeide_1.7.0/stm32cubeide/plugins/com.st.stm32cube.ide.mcu.externaltools.gnu-tools-for-stm32.9-2020-q2-update.win32_2.0.0.202105311346/tools/bin/../lib/gcc/arm-none-eabi/9.3.1/thumb/v7e-m+fp/hard\libgcc.a(_udivmoddi4.o)
                0x0000000008000bac                __udivmoddi4
 .text          0x0000000008000e70        0x4 c:/st/stm32cubeide_1.7.0/stm32cubeide/plugins/com.st.stm32cube.ide.mcu.externaltools.gnu-tools-for-stm32.9-2020-q2-update.win32_2.0.0.202105311346/tools/bin/../lib/gcc/arm-none-eabi/9.3.1/thumb/v7e-m+fp/hard\libgcc.a(_dvmd_tls.o)
                0x0000000008000e70                __aeabi_idiv0
                0x0000000008000e70                __aeabi_ldiv0
 *(.text*)
 .text._ZN4core5QueueC2EPht
                0x0000000008000e74       0x44 ./Components/console/controller.o
                0x0000000008000e74                core::Queue::Queue(unsigned char*, unsigned short)
                0x0000000008000e74                core::Queue::Queue(unsigned char*, unsigned short)
 .text._ZN4core5Queue9availableEv
                0x0000000008000eb8       0x3c ./Components/console/controller.o
                0x0000000008000eb8                core::Queue::available()
 .text._ZN4core9Component4initEv
                0x0000000008000ef4       0x14 ./Components/console/controller.o
                0x0000000008000ef4                core::Component::init()
 .text._ZN4core9ComponentD2Ev
                0x0000000008000f08       0x20 ./Components/console/controller.o
                0x0000000008000f08                core::Component::~Component()
                0x0000000008000f08                core::Component::~Component()
 .text._ZN4core9ComponentD0Ev
                0x0000000008000f28       0x20 ./Components/console/controller.o
                0x0000000008000f28                core::Component::~Component()
 .text._ZN4core5EventD2Ev
                0x0000000008000f48       0x20 ./Components/console/controller.o
                0x0000000008000f48                core::Event::~Event()
                0x0000000008000f48                core::Event::~Event()
 .text._ZN4core5EventD0Ev
                0x0000000008000f68       0x20 ./Components/console/controller.o
                0x0000000008000f68                core::Event::~Event()
 .text._ZN4core5Event7executeEv
                0x0000000008000f88       0x14 ./Components/console/controller.o
                0x0000000008000f88                core::Event::execute()
 .text._ZN7console10ControllerD2Ev
                0x0000000008000f9c       0x24 ./Components/console/controller.o
                0x0000000008000f9c                console::Controller::~Controller()
                0x0000000008000f9c                console::Controller::~Controller()
 .text._ZN7console10ControllerD0Ev
                0x0000000008000fc0       0x20 ./Components/console/controller.o
                0x0000000008000fc0                console::Controller::~Controller()
 .text._ZN4core9ComponentC2Ev
                0x0000000008000fe0       0x20 ./Components/console/controller.o
                0x0000000008000fe0                core::Component::Component()
                0x0000000008000fe0                core::Component::Component()
 .text._ZN4core10EmptyEventC2EPNS_9ComponentEMS1_FvvE
                0x0000000008001000       0x40 ./Components/console/controller.o
                0x0000000008001000                core::EmptyEvent::EmptyEvent(core::Component*, void (core::Component::*)())
                0x0000000008001000                core::EmptyEvent::EmptyEvent(core::Component*, void (core::Component::*)())
 .text._ZN4core10EmptyEvent7executeEv
                0x0000000008001040       0x48 ./Components/console/controller.o
                0x0000000008001040                core::EmptyEvent::execute()
 .text._ZN4core7Machine9NullStateEv
                0x0000000008001088       0x14 ./Components/console/controller.o
                0x0000000008001088                core::Machine::NullState()
 .text._ZN4core7Machine6check_EhMS0_FvvE
                0x000000000800109c       0x22 ./Components/console/controller.o
                0x000000000800109c                core::Machine::check_(unsigned char, void (core::Machine::*)())
 .text._ZN4core7Machine6start_EMS0_FvvE
                0x00000000080010be       0x28 ./Components/console/controller.o
                0x00000000080010be                core::Machine::start_(void (core::Machine::*)())
 *fill*         0x00000000080010e6        0x2 
 .text.__tcf_3  0x00000000080010e8       0x10 ./Components/console/controller.o
 .text._ZN7console6Driver8instanceEv
                0x00000000080010f8       0x5c ./Components/console/controller.o
                0x00000000080010f8                console::Driver::instance()
 .text._ZN4core7MachineD2Ev
                0x0000000008001154       0x24 ./Components/console/controller.o
                0x0000000008001154                core::Machine::~Machine()
                0x0000000008001154                core::Machine::~Machine()
 .text._ZN4core7MachineD0Ev
                0x0000000008001178       0x20 ./Components/console/controller.o
                0x0000000008001178                core::Machine::~Machine()
 .text._ZN4core11ByteMachineIhED2Ev
                0x0000000008001198       0x30 ./Components/console/controller.o
                0x0000000008001198                core::ByteMachine<unsigned char>::~ByteMachine()
                0x0000000008001198                core::ByteMachine<unsigned char>::~ByteMachine()
 .text._ZN4core11ByteMachineIhED0Ev
                0x00000000080011c8       0x20 ./Components/console/controller.o
                0x00000000080011c8                core::ByteMachine<unsigned char>::~ByteMachine()
 .text._ZN7console6DriverD2Ev
                0x00000000080011e8       0x30 ./Components/console/controller.o
                0x00000000080011e8                console::Driver::~Driver()
                0x00000000080011e8                console::Driver::~Driver()
 .text._ZN7console6DriverD0Ev
                0x0000000008001218       0x22 ./Components/console/controller.o
                0x0000000008001218                console::Driver::~Driver()
 *fill*         0x000000000800123a        0x2 
 .text._ZN4core7MachineC2Ev
                0x000000000800123c       0x40 ./Components/console/controller.o
                0x000000000800123c                core::Machine::Machine()
                0x000000000800123c                core::Machine::Machine()
 .text._ZN4core11ByteMachineIhEC2Ev
                0x000000000800127c       0x44 ./Components/console/controller.o
                0x000000000800127c                core::ByteMachine<unsigned char>::ByteMachine()
                0x000000000800127c                core::ByteMachine<unsigned char>::ByteMachine()
 .text._ZN7console6DriverC2Ev
                0x00000000080012c0       0x60 ./Components/console/controller.o
                0x00000000080012c0                console::Driver::Driver()
                0x00000000080012c0                console::Driver::Driver()
 .text._ZN7console10Controller4initEv
                0x0000000008001320       0x2e ./Components/console/controller.o
                0x0000000008001320                console::Controller::init()
 .text._ZN7console10Controller6printfEPKcz
                0x000000000800134e       0x54 ./Components/console/controller.o
                0x000000000800134e                console::Controller::printf(char const*, ...)
 .text._ZN7console10Controller15registerCommandEtPFvthPhE
                0x00000000080013a2       0x48 ./Components/console/controller.o
                0x00000000080013a2                console::Controller::registerCommand(unsigned short, void (*)(unsigned short, unsigned char, unsigned char*))
 .text._ZN7console10Controller14updateIntFieldEtl
                0x00000000080013ea       0x54 ./Components/console/controller.o
                0x00000000080013ea                console::Controller::updateIntField(unsigned short, long)
 .text._ZN7console10Controller14processCommandEthPh
                0x000000000800143e       0x48 ./Components/console/controller.o
                0x000000000800143e                console::Controller::processCommand(unsigned short, unsigned char, unsigned char*)
 .text._ZN7console10Controller15updateTextFieldEthPh
                0x0000000008001486       0xc0 ./Components/console/controller.o
                0x0000000008001486                console::Controller::updateTextField(unsigned short, unsigned char, unsigned char*)
 *fill*         0x0000000008001546        0x2 
 .text._ZN4core10FixedEventIhEC2EPNS_9ComponentEMS2_FvRKhE
                0x0000000008001548       0x5c ./Components/console/controller.o
                0x0000000008001548                core::FixedEvent<unsigned char>::FixedEvent(core::Component*, void (core::Component::*)(unsigned char const&))
                0x0000000008001548                core::FixedEvent<unsigned char>::FixedEvent(core::Component*, void (core::Component::*)(unsigned char const&))
 .text._ZN4core11ByteMachineIhE8execute_ERKh
                0x00000000080015a4       0x88 ./Components/console/controller.o
                0x00000000080015a4                core::ByteMachine<unsigned char>::execute_(unsigned char const&)
 .text._ZN7MemPoolIhEC2Em
                0x000000000800162c       0x7a ./Components/console/controller.o
                0x000000000800162c                MemPool<unsigned char>::MemPool(unsigned long)
                0x000000000800162c                MemPool<unsigned char>::MemPool(unsigned long)
 *fill*         0x00000000080016a6        0x2 
 .text._ZN4core10FixedEventIhED2Ev
                0x00000000080016a8       0x24 ./Components/console/controller.o
                0x00000000080016a8                core::FixedEvent<unsigned char>::~FixedEvent()
                0x00000000080016a8                core::FixedEvent<unsigned char>::~FixedEvent()
 .text._ZN4core10FixedEventIhED0Ev
                0x00000000080016cc       0x20 ./Components/console/controller.o
                0x00000000080016cc                core::FixedEvent<unsigned char>::~FixedEvent()
 .text._ZN4core10EmptyEventD2Ev
                0x00000000080016ec       0x24 ./Components/console/controller.o
                0x00000000080016ec                core::EmptyEvent::~EmptyEvent()
                0x00000000080016ec                core::EmptyEvent::~EmptyEvent()
 .text._ZN4core10EmptyEventD0Ev
                0x0000000008001710       0x20 ./Components/console/controller.o
                0x0000000008001710                core::EmptyEvent::~EmptyEvent()
 .text._ZN4core11ByteMachineIhE6start_EMNS_7MachineEFvvE
                0x0000000008001730       0x28 ./Components/console/controller.o
                0x0000000008001730                core::ByteMachine<unsigned char>::start_(void (core::Machine::*)())
 .text._ZN4core10FixedEventIhE7executeEv
                0x0000000008001758       0x5a ./Components/console/controller.o
                0x0000000008001758                core::FixedEvent<unsigned char>::execute()
 .text._ZN7MemPoolIhE4FreeEPh
                0x00000000080017b2       0x6a ./Components/console/controller.o
                0x00000000080017b2                MemPool<unsigned char>::Free(unsigned char*)
 .text._ZN4core5Queue5emptyEv
                0x000000000800181c       0x26 ./Components/console/driver.o
                0x000000000800181c                core::Queue::empty()
 .text._ZN4core5Queue4pushEh
                0x0000000008001842       0x48 ./Components/console/driver.o
                0x0000000008001842                core::Queue::push(unsigned char)
 .text._ZN4core5Queue3popEv
                0x000000000800188a       0x4c ./Components/console/driver.o
                0x000000000800188a                core::Queue::pop()
 *fill*         0x00000000080018d6        0x2 
 .text._ZN4core10EventQueueD2Ev
                0x00000000080018d8       0x20 ./Components/console/driver.o
                0x00000000080018d8                core::EventQueue::~EventQueue()
                0x00000000080018d8                core::EventQueue::~EventQueue()
 .text._ZN4core10EventQueueD0Ev
                0x00000000080018f8       0x22 ./Components/console/driver.o
                0x00000000080018f8                core::EventQueue::~EventQueue()
 .text._ZN4core10EventQueue4postENS_9ContainerE
                0x000000000800191a       0x74 ./Components/console/driver.o
                0x000000000800191a                core::EventQueue::post(core::Container)
 .text._ZN4core10EventQueue5push_ENS_9ContainerE
                0x000000000800198e       0x74 ./Components/console/driver.o
                0x000000000800198e                core::EventQueue::push_(core::Container)
 *fill*         0x0000000008001a02        0x2 
 .text._ZN4core6EngineD2Ev
                0x0000000008001a04       0x30 ./Components/console/driver.o
                0x0000000008001a04                core::Engine::~Engine()
                0x0000000008001a04                core::Engine::~Engine()
 .text._ZN4core6EngineD0Ev
                0x0000000008001a34       0x22 ./Components/console/driver.o
                0x0000000008001a34                core::Engine::~Engine()
 .text._ZN4core6Engine6eventsEv
                0x0000000008001a56       0x18 ./Components/console/driver.o
                0x0000000008001a56                core::Engine::events()
 *fill*         0x0000000008001a6e        0x2 
 .text.__tcf_0  0x0000000008001a70       0x10 ./Components/console/driver.o
 .text._ZN4core6Engine8instanceEv
                0x0000000008001a80       0x5c ./Components/console/driver.o
                0x0000000008001a80                core::Engine::instance()
 .text.__tcf_1  0x0000000008001adc       0x10 ./Components/console/driver.o
 .text._ZN7console10Controller8instanceEv
                0x0000000008001aec       0x5c ./Components/console/driver.o
                0x0000000008001aec                console::Controller::instance()
 .text._ZN7console10ControllerC2Ev
                0x0000000008001b48       0x58 ./Components/console/driver.o
                0x0000000008001b48                console::Controller::Controller()
                0x0000000008001b48                console::Controller::Controller()
 .text._ZN4core10EmptyEvent4postEv
                0x0000000008001ba0       0x28 ./Components/console/driver.o
                0x0000000008001ba0                core::EmptyEvent::post()
 .text._ZN7console6Driver4initEv
                0x0000000008001bc8       0x34 ./Components/console/driver.o
                0x0000000008001bc8                console::Driver::init()
 .text._ZN7console6Driver13ReceiveHeaderEv
                0x0000000008001bfc       0x2c ./Components/console/driver.o
                0x0000000008001bfc                console::Driver::ReceiveHeader()
 .text._ZN7console6Driver13ReceiveLengthEv
                0x0000000008001c28       0x6c ./Components/console/driver.o
                0x0000000008001c28                console::Driver::ReceiveLength()
 .text._ZN7console6Driver11ReceiveTypeEv
                0x0000000008001c94       0xa0 ./Components/console/driver.o
                0x0000000008001c94                console::Driver::ReceiveType()
 .text._ZN7console6Driver11ReceiveDataEv
                0x0000000008001d34       0x68 ./Components/console/driver.o
                0x0000000008001d34                console::Driver::ReceiveData()
 .text._ZN7console6Driver15ReceiveChecksumEv
                0x0000000008001d9c       0x44 ./Components/console/driver.o
                0x0000000008001d9c                console::Driver::ReceiveChecksum()
 .text._ZN7console6Driver13ReceiveFooterEv
                0x0000000008001de0       0x44 ./Components/console/driver.o
                0x0000000008001de0                console::Driver::ReceiveFooter()
 .text._ZN7console6Driver10sendPacketEthPKh
                0x0000000008001e24      0x130 ./Components/console/driver.o
                0x0000000008001e24                console::Driver::sendPacket(unsigned short, unsigned char, unsigned char const*)
 .text._ZN7console6Driver12sendHandler_Ev
                0x0000000008001f54       0x52 ./Components/console/driver.o
                0x0000000008001f54                console::Driver::sendHandler_()
 .text.LL_USART_IsActiveFlag_RXNE
                0x0000000008001fa6       0x26 ./Components/console/hal.o
 .text.LL_USART_IsActiveFlag_TC
                0x0000000008001fcc       0x26 ./Components/console/hal.o
 .text.LL_USART_IsActiveFlag_TXE
                0x0000000008001ff2       0x26 ./Components/console/hal.o
 .text.LL_USART_ClearFlag_TC
                0x0000000008002018       0x1c ./Components/console/hal.o
 .text.LL_USART_EnableIT_RXNE
                0x0000000008002034       0x50 ./Components/console/hal.o
 .text.LL_USART_EnableIT_ERROR
                0x0000000008002084       0x50 ./Components/console/hal.o
 .text.LL_USART_DisableIT_TC
                0x00000000080020d4       0x50 ./Components/console/hal.o
 .text.LL_USART_DisableIT_TXE
                0x0000000008002124       0x50 ./Components/console/hal.o
 .text.LL_USART_IsEnabledIT_RXNE
                0x0000000008002174       0x26 ./Components/console/hal.o
 .text.LL_USART_ReceiveData8
                0x000000000800219a       0x1a ./Components/console/hal.o
 .text.LL_USART_TransmitData8
                0x00000000080021b4       0x1e ./Components/console/hal.o
 *fill*         0x00000000080021d2        0x2 
 .text._ZN7console3HAL4initEv
                0x00000000080021d4       0x28 ./Components/console/hal.o
                0x00000000080021d4                console::HAL::init()
 .text._ZN7console3HAL7txReadyEv
                0x00000000080021fc       0x20 ./Components/console/hal.o
                0x00000000080021fc                console::HAL::txReady()
 .text._ZN7console3HAL5writeEh
                0x000000000800221c       0x20 ./Components/console/hal.o
                0x000000000800221c                console::HAL::write(unsigned char)
 .text.USART2_IRQHandler
                0x000000000800223c       0x94 ./Components/console/hal.o
                0x000000000800223c                USART2_IRQHandler
 .text._ZN4core10FixedEventIhE4postERKh
                0x00000000080022d0       0x4c ./Components/console/hal.o
                0x00000000080022d0                core::FixedEvent<unsigned char>::post(unsigned char const&)
 .text._ZN4core11ByteMachineIhE4postEh
                0x000000000800231c       0x22 ./Components/console/hal.o
                0x000000000800231c                core::ByteMachine<unsigned char>::post(unsigned char)
 .text._ZN7MemPoolIhE5AllocEv
                0x000000000800233e       0x48 ./Components/console/hal.o
                0x000000000800233e                MemPool<unsigned char>::Alloc()
 .text._ZN7console10Controller4plotEhl
                0x0000000008002386       0x4c ./Components/console/plot.o
                0x0000000008002386                console::Controller::plot(unsigned char, long)
 .text._ZN7console10Controller12plotHandler_Ev
                0x00000000080023d2      0x19a ./Components/console/plot.o
                0x00000000080023d2                console::Controller::plotHandler_()
 .text._ZN4core5EventC2Eh
                0x000000000800256c       0x30 ./Components/core/engine.o
                0x000000000800256c                core::Event::Event(unsigned char)
                0x000000000800256c                core::Event::Event(unsigned char)
 .text._ZN4core10EventQueueC2Ev
                0x000000000800259c       0x78 ./Components/core/engine.o
                0x000000000800259c                core::EventQueue::EventQueue()
                0x000000000800259c                core::EventQueue::EventQueue()
 .text._ZN4core10EventQueue4nextEv
                0x0000000008002614       0x6c ./Components/core/engine.o
                0x0000000008002614                core::EventQueue::next()
 .text._ZN4core10EventQueue4pop_Ev
                0x0000000008002680       0x70 ./Components/core/engine.o
                0x0000000008002680                core::EventQueue::pop_()
 .text._ZN4core10EventQueue14registerEvent_EPNS_5EventE
                0x00000000080026f0       0x58 ./Components/core/engine.o
                0x00000000080026f0                core::EventQueue::registerEvent_(core::Event*)
 .text._ZN4core5EventC2Ev
                0x0000000008002748       0x40 ./Components/core/engine.o
                0x0000000008002748                core::Event::Event()
                0x0000000008002748                core::Event::Event()
 .text._ZN4core6EngineC2Ev
                0x0000000008002788       0x84 ./Components/core/engine.o
                0x0000000008002788                core::Engine::Engine()
                0x0000000008002788                core::Engine::Engine()
 .text._ZN4core6Engine3runEv
                0x000000000800280c       0x20 ./Components/core/engine.o
                0x000000000800280c                core::Engine::run()
 .text._ZN4core6Engine13registerTask_EPNS_4TaskE
                0x000000000800282c       0x30 ./Components/core/engine.o
                0x000000000800282c                core::Engine::registerTask_(core::Task*)
 .text._ZN4core6Engine10startTask_EPNS_4TaskE
                0x000000000800285c       0xa6 ./Components/core/engine.o
                0x000000000800285c                core::Engine::startTask_(core::Task*)
 .text._ZN4core6Engine9stopTask_EPNS_4TaskE
                0x0000000008002902       0x7c ./Components/core/engine.o
                0x0000000008002902                core::Engine::stopTask_(core::Task*)
 .text._ZN4core6Engine7executeEv
                0x000000000800297e       0x90 ./Components/core/engine.o
                0x000000000800297e                core::Engine::execute()
 *fill*         0x0000000008002a0e        0x2 
 .text.LL_SYSTICK_EnableIT
                0x0000000008002a10       0x20 ./Components/core/system.o
 .text._ZN4core6Engine4tickEv
                0x0000000008002a30       0x5e ./Components/core/system.o
                0x0000000008002a30                core::Engine::tick()
 .text.SysTick_Handler
                0x0000000008002a8e       0x14 ./Components/core/system.o
                0x0000000008002a8e                SysTick_Handler
 .text._Z10systemInitv
                0x0000000008002aa2       0x18 ./Components/core/system.o
                0x0000000008002aa2                systemInit()
 .text._ZN4core4TaskC2EPNS_9ComponentEMS1_FvvE
                0x0000000008002aba       0x48 ./Components/core/task.o
                0x0000000008002aba                core::Task::Task(core::Component*, void (core::Component::*)())
                0x0000000008002aba                core::Task::Task(core::Component*, void (core::Component::*)())
 .text._ZN4core4Task5startEml
                0x0000000008002b02       0x4e ./Components/core/task.o
                0x0000000008002b02                core::Task::start(unsigned long, long)
 .text._ZN4core4Task4run_Ev
                0x0000000008002b50       0xae ./Components/core/task.o
                0x0000000008002b50                core::Task::run_()
 *fill*         0x0000000008002bfe        0x2 
 .text._ZN2ex4Test7StartUpEv
                0x0000000008002c00       0x30 ./Components/test/example/example-sm.o
                0x0000000008002c00                ex::Test::StartUp()
 .text._ZN2ex4Test7RunningEv
                0x0000000008002c30       0x30 ./Components/test/example/example-sm.o
                0x0000000008002c30                ex::Test::Running()
 .text._ZN2ex4Test5PauseEv
                0x0000000008002c60       0x30 ./Components/test/example/example-sm.o
                0x0000000008002c60                ex::Test::Pause()
 .text.LL_GPIO_TogglePin
                0x0000000008002c90       0x32 ./Components/test/example/example.o
 .text._ZN4core13SimpleMachine9postEventEh
                0x0000000008002cc2       0x22 ./Components/test/example/example.o
                0x0000000008002cc2                core::SimpleMachine::postEvent(unsigned char)
 .text._ZN4core13SimpleMachine6check_EhMNS_7MachineEFvvE
                0x0000000008002ce4       0x3e ./Components/test/example/example.o
                0x0000000008002ce4                core::SimpleMachine::check_(unsigned char, void (core::Machine::*)())
 .text._ZN4core13SimpleMachine6start_EMNS_7MachineEFvvE
                0x0000000008002d22       0x5e ./Components/test/example/example.o
                0x0000000008002d22                core::SimpleMachine::start_(void (core::Machine::*)())
 .text._ZN4core14EmptySignalOne7connectEPNS_10EmptyEventE
                0x0000000008002d80       0x1c ./Components/test/example/example.o
                0x0000000008002d80                core::EmptySignalOne::connect(core::EmptyEvent*)
 .text._ZN4core14EmptySignalOne4emitEv
                0x0000000008002d9c       0x22 ./Components/test/example/example.o
                0x0000000008002d9c                core::EmptySignalOne::emit()
 *fill*         0x0000000008002dbe        0x2 
 .text._ZN4core13SimpleMachineD2Ev
                0x0000000008002dc0       0x30 ./Components/test/example/example.o
                0x0000000008002dc0                core::SimpleMachine::~SimpleMachine()
                0x0000000008002dc0                core::SimpleMachine::~SimpleMachine()
 .text._ZN4core13SimpleMachineD0Ev
                0x0000000008002df0       0x20 ./Components/test/example/example.o
                0x0000000008002df0                core::SimpleMachine::~SimpleMachine()
 .text._ZN2ex4TestD2Ev
                0x0000000008002e10       0x4c ./Components/test/example/example.o
                0x0000000008002e10                ex::Test::~Test()
                0x0000000008002e10                ex::Test::~Test()
 .text._ZN2ex4TestD0Ev
                0x0000000008002e5c       0x22 ./Components/test/example/example.o
                0x0000000008002e5c                ex::Test::~Test()
 *fill*         0x0000000008002e7e        0x2 
 .text._ZN2ex4Test4initEv
                0x0000000008002e80      0x138 ./Components/test/example/example.o
                0x0000000008002e80                ex::Test::init()
 .text._ZN2ex4Test12plotHandler_Ev
                0x0000000008002fb8       0x64 ./Components/test/example/example.o
                0x0000000008002fb8                ex::Test::plotHandler_()
 .text._ZN2ex4Test20oscilloscopeHandler_Ev
                0x000000000800301c       0x14 ./Components/test/example/example.o
                0x000000000800301c                ex::Test::oscilloscopeHandler_()
 .text._ZN2ex4Test15timeoutHandler_Ev
                0x0000000008003030       0x50 ./Components/test/example/example.o
                0x0000000008003030                ex::Test::timeoutHandler_()
 .text._ZN2ex4Test18emptyEventHandler_Ev
                0x0000000008003080       0x24 ./Components/test/example/example.o
                0x0000000008003080                ex::Test::emptyEventHandler_()
 .text._ZN2ex4Test18fixedEventHandler_ERKm
                0x00000000080030a4       0x28 ./Components/test/example/example.o
                0x00000000080030a4                ex::Test::fixedEventHandler_(unsigned long const&)
 .text._ZN2ex4Test27emptySignalReceivedHandler_Ev
                0x00000000080030cc       0x2a ./Components/test/example/example.o
                0x00000000080030cc                ex::Test::emptySignalReceivedHandler_()
 .text._ZN2ex4Test27fixedSignalReceivedHandler_ERKt
                0x00000000080030f6       0x22 ./Components/test/example/example.o
                0x00000000080030f6                ex::Test::fixedSignalReceivedHandler_(unsigned short const&)
 .text._ZN2ex4Test20startCommandHandler_Ev
                0x0000000008003118       0x24 ./Components/test/example/example.o
                0x0000000008003118                ex::Test::startCommandHandler_()
 .text._ZN2ex4Test19stopCommandHandler_Ev
                0x000000000800313c       0x24 ./Components/test/example/example.o
                0x000000000800313c                ex::Test::stopCommandHandler_()
 .text._ZN2ex4Test22integerCommandHandler_El
                0x0000000008003160       0x28 ./Components/test/example/example.o
                0x0000000008003160                ex::Test::integerCommandHandler_(long)
 .text._ZN2ex4Test19nameCommandHandler_EhPh
                0x0000000008003188       0x64 ./Components/test/example/example.o
                0x0000000008003188                ex::Test::nameCommandHandler_(unsigned char, unsigned char*)
 .text._ZN4core9SignalOneINS_10FixedEventItEEtE7connectEPS2_
                0x00000000080031ec       0x1c ./Components/test/example/example.o
                0x00000000080031ec                core::SignalOne<core::FixedEvent<unsigned short>, unsigned short>::connect(core::FixedEvent<unsigned short>*)
 .text._ZN4core9SignalOneINS_10FixedEventItEEtE4emitEt
                0x0000000008003208       0x2a ./Components/test/example/example.o
                0x0000000008003208                core::SignalOne<core::FixedEvent<unsigned short>, unsigned short>::emit(unsigned short)
 .text._ZN4core10FixedEventImE4postERKm
                0x0000000008003232       0x4c ./Components/test/example/example.o
                0x0000000008003232                core::FixedEvent<unsigned long>::post(unsigned long const&)
 .text._ZN4core10FixedEventItE4postERKt
                0x000000000800327e       0x4e ./Components/test/example/example.o
                0x000000000800327e                core::FixedEvent<unsigned short>::post(unsigned short const&)
 .text._ZN7MemPoolImE5AllocEv
                0x00000000080032cc       0x48 ./Components/test/example/example.o
                0x00000000080032cc                MemPool<unsigned long>::Alloc()
 .text._ZN7MemPoolItE5AllocEv
                0x0000000008003314       0x48 ./Components/test/example/example.o
                0x0000000008003314                MemPool<unsigned short>::Alloc()
 .text._ZN4core10FixedEventItED2Ev
                0x000000000800335c       0x24 ./Components/test/example/example.o
                0x000000000800335c                core::FixedEvent<unsigned short>::~FixedEvent()
                0x000000000800335c                core::FixedEvent<unsigned short>::~FixedEvent()
 .text._ZN4core10FixedEventItED0Ev
                0x0000000008003380       0x20 ./Components/test/example/example.o
                0x0000000008003380                core::FixedEvent<unsigned short>::~FixedEvent()
 .text._ZN4core10FixedEventImED2Ev
                0x00000000080033a0       0x24 ./Components/test/example/example.o
                0x00000000080033a0                core::FixedEvent<unsigned long>::~FixedEvent()
                0x00000000080033a0                core::FixedEvent<unsigned long>::~FixedEvent()
 .text._ZN4core10FixedEventImED0Ev
                0x00000000080033c4       0x20 ./Components/test/example/example.o
                0x00000000080033c4                core::FixedEvent<unsigned long>::~FixedEvent()
 .text._ZN4core10FixedEventItE7executeEv
                0x00000000080033e4       0x5a ./Components/test/example/example.o
                0x00000000080033e4                core::FixedEvent<unsigned short>::execute()
 .text._ZN4core10FixedEventImE7executeEv
                0x000000000800343e       0x5a ./Components/test/example/example.o
                0x000000000800343e                core::FixedEvent<unsigned long>::execute()
 .text._ZN7MemPoolItE4FreeEPt
                0x0000000008003498       0x6a ./Components/test/example/example.o
                0x0000000008003498                MemPool<unsigned short>::Free(unsigned short*)
 .text._ZN7MemPoolImE4FreeEPm
                0x0000000008003502       0x6a ./Components/test/example/example.o
                0x0000000008003502                MemPool<unsigned long>::Free(unsigned long*)
 .text._ZN4core13SimpleMachine7executeERh
                0x000000000800356c      0x13e ./Components/test/example/main.o
                0x000000000800356c                core::SimpleMachine::execute(unsigned char&)
 *fill*         0x00000000080036aa        0x2 
 .text.__tcf_3  0x00000000080036ac       0x10 ./Components/test/example/main.o
 .text._ZN2ex4Test8instanceEv
                0x00000000080036bc       0x5c ./Components/test/example/main.o
                0x00000000080036bc                ex::Test::instance()
 .text._ZN4core13SimpleMachineC2Ev
                0x0000000008003718       0x48 ./Components/test/example/main.o
                0x0000000008003718                core::SimpleMachine::SimpleMachine()
                0x0000000008003718                core::SimpleMachine::SimpleMachine()
 .text._ZN4core14EmptySignalOneC2Ev
                0x0000000008003760       0x1c ./Components/test/example/main.o
                0x0000000008003760                core::EmptySignalOne::EmptySignalOne()
                0x0000000008003760                core::EmptySignalOne::EmptySignalOne()
 .text._ZN4core9SignalOneINS_10FixedEventItEEtEC2Ev
                0x000000000800377c       0x1c ./Components/test/example/main.o
                0x000000000800377c                core::SignalOne<core::FixedEvent<unsigned short>, unsigned short>::SignalOne()
                0x000000000800377c                core::SignalOne<core::FixedEvent<unsigned short>, unsigned short>::SignalOne()
 .text._ZN2ex4TestC2Ev
                0x0000000008003798      0x184 ./Components/test/example/main.o
                0x0000000008003798                ex::Test::Test()
                0x0000000008003798                ex::Test::Test()
 .text._ZN2ex4Test12startCommandEthPh
                0x000000000800391c       0x24 ./Components/test/example/main.o
                0x000000000800391c                ex::Test::startCommand(unsigned short, unsigned char, unsigned char*)
 .text._ZN2ex4Test11stopCommandEthPh
                0x0000000008003940       0x24 ./Components/test/example/main.o
                0x0000000008003940                ex::Test::stopCommand(unsigned short, unsigned char, unsigned char*)
 .text._ZN2ex4Test14integerCommandEthPh
                0x0000000008003964       0x58 ./Components/test/example/main.o
                0x0000000008003964                ex::Test::integerCommand(unsigned short, unsigned char, unsigned char*)
 .text._ZN2ex4Test11nameCommandEthPh
                0x00000000080039bc       0x34 ./Components/test/example/main.o
                0x00000000080039bc                ex::Test::nameCommand(unsigned short, unsigned char, unsigned char*)
 .text.main     0x00000000080039f0       0x32 ./Components/test/example/main.o
                0x00000000080039f0                main
 *fill*         0x0000000008003a22        0x2 
 .text._ZN4core10FixedEventImEC2EPNS_9ComponentEMS2_FvRKmE
                0x0000000008003a24       0x5c ./Components/test/example/main.o
                0x0000000008003a24                core::FixedEvent<unsigned long>::FixedEvent(core::Component*, void (core::Component::*)(unsigned long const&))
                0x0000000008003a24                core::FixedEvent<unsigned long>::FixedEvent(core::Component*, void (core::Component::*)(unsigned long const&))
 .text._ZN4core10FixedEventItEC2EPNS_9ComponentEMS2_FvRKtE
                0x0000000008003a80       0x5c ./Components/test/example/main.o
                0x0000000008003a80                core::FixedEvent<unsigned short>::FixedEvent(core::Component*, void (core::Component::*)(unsigned short const&))
                0x0000000008003a80                core::FixedEvent<unsigned short>::FixedEvent(core::Component*, void (core::Component::*)(unsigned short const&))
 .text._ZN7MemPoolImEC2Em
                0x0000000008003adc       0x72 ./Components/test/example/main.o
                0x0000000008003adc                MemPool<unsigned long>::MemPool(unsigned long)
                0x0000000008003adc                MemPool<unsigned long>::MemPool(unsigned long)
 .text._ZN7MemPoolItEC2Em
                0x0000000008003b4e       0x7e ./Components/test/example/main.o
                0x0000000008003b4e                MemPool<unsigned short>::MemPool(unsigned long)
                0x0000000008003b4e                MemPool<unsigned short>::MemPool(unsigned long)
 .text.LL_GPIO_ResetOutputPin
                0x0000000008003bcc       0x1e ./Core/Src/gpio.o
 *fill*         0x0000000008003bea        0x2 
 .text.LL_AHB1_GRP1_EnableClock
                0x0000000008003bec       0x30 ./Core/Src/gpio.o
 .text.MX_GPIO_Init
                0x0000000008003c1c       0x54 ./Core/Src/gpio.o
                0x0000000008003c1c                MX_GPIO_Init
 .text.SystemClock_Config
                0x0000000008003c70       0xd0 ./Core/Src/main.o
                0x0000000008003c70                SystemClock_Config
 .text.Error_Handler
                0x0000000008003d40        0xa ./Core/Src/main.o
                0x0000000008003d40                Error_Handler
 *fill*         0x0000000008003d4a        0x2 
 .text.HAL_MspInit
                0x0000000008003d4c       0x50 ./Core/Src/stm32f4xx_hal_msp.o
                0x0000000008003d4c                HAL_MspInit
 .text._getpid  0x0000000008003d9c       0x10 ./Core/Src/syscalls.o
                0x0000000008003d9c                _getpid
 .text._kill    0x0000000008003dac       0x20 ./Core/Src/syscalls.o
                0x0000000008003dac                _kill
 .text._exit    0x0000000008003dcc       0x14 ./Core/Src/syscalls.o
                0x0000000008003dcc                _exit
 .text._sbrk    0x0000000008003de0       0x6c ./Core/Src/sysmem.o
                0x0000000008003de0                _sbrk
 .text.SystemInit
                0x0000000008003e4c       0x24 ./Core/Src/system_stm32f4xx.o
                0x0000000008003e4c                SystemInit
 .text.__NVIC_GetPriorityGrouping
                0x0000000008003e70       0x1c ./Core/Src/usart.o
 .text.__NVIC_EnableIRQ
                0x0000000008003e8c       0x3c ./Core/Src/usart.o
 .text.__NVIC_SetPriority
                0x0000000008003ec8       0x54 ./Core/Src/usart.o
 .text.NVIC_EncodePriority
                0x0000000008003f1c       0x66 ./Core/Src/usart.o
 .text.LL_USART_Enable
                0x0000000008003f82       0x20 ./Core/Src/usart.o
 .text.LL_USART_ConfigAsyncMode
                0x0000000008003fa2       0x2c ./Core/Src/usart.o
 *fill*         0x0000000008003fce        0x2 
 .text.LL_AHB1_GRP1_EnableClock
                0x0000000008003fd0       0x30 ./Core/Src/usart.o
 .text.LL_APB1_GRP1_EnableClock
                0x0000000008004000       0x30 ./Core/Src/usart.o
 .text.MX_USART2_UART_Init
                0x0000000008004030       0xc0 ./Core/Src/usart.o
                0x0000000008004030                MX_USART2_UART_Init
 .text.Reset_Handler
                0x00000000080040f0       0x50 ./Core/Startup/startup_stm32f411retx.o
                0x00000000080040f0                Reset_Handler
 .text.Default_Handler
                0x0000000008004140        0x2 ./Core/Startup/startup_stm32f411retx.o
                0x0000000008004140                RTC_Alarm_IRQHandler
                0x0000000008004140                EXTI2_IRQHandler
                0x0000000008004140                DebugMon_Handler
                0x0000000008004140                SPI4_IRQHandler
                0x0000000008004140                TIM1_CC_IRQHandler
                0x0000000008004140                DMA2_Stream5_IRQHandler
                0x0000000008004140                HardFault_Handler
                0x0000000008004140                DMA1_Stream5_IRQHandler
                0x0000000008004140                PVD_IRQHandler
                0x0000000008004140                SDIO_IRQHandler
                0x0000000008004140                TAMP_STAMP_IRQHandler
                0x0000000008004140                PendSV_Handler
                0x0000000008004140                NMI_Handler
                0x0000000008004140                EXTI3_IRQHandler
                0x0000000008004140                TIM1_UP_TIM10_IRQHandler
                0x0000000008004140                I2C3_ER_IRQHandler
                0x0000000008004140                EXTI0_IRQHandler
                0x0000000008004140                I2C2_EV_IRQHandler
                0x0000000008004140                DMA1_Stream2_IRQHandler
                0x0000000008004140                FPU_IRQHandler
                0x0000000008004140                UsageFault_Handler
                0x0000000008004140                DMA2_Stream2_IRQHandler
                0x0000000008004140                SPI1_IRQHandler
                0x0000000008004140                TIM1_BRK_TIM9_IRQHandler
                0x0000000008004140                DMA2_Stream3_IRQHandler
                0x0000000008004140                USART6_IRQHandler
                0x0000000008004140                DMA2_Stream0_IRQHandler
                0x0000000008004140                TIM4_IRQHandler
                0x0000000008004140                I2C1_EV_IRQHandler
                0x0000000008004140                DMA1_Stream6_IRQHandler
                0x0000000008004140                DMA1_Stream1_IRQHandler
                0x0000000008004140                TIM3_IRQHandler
                0x0000000008004140                RCC_IRQHandler
                0x0000000008004140                Default_Handler
                0x0000000008004140                EXTI15_10_IRQHandler
                0x0000000008004140                ADC_IRQHandler
                0x0000000008004140                DMA1_Stream7_IRQHandler
                0x0000000008004140                SPI5_IRQHandler
                0x0000000008004140                TIM5_IRQHandler
                0x0000000008004140                DMA2_Stream7_IRQHandler
                0x0000000008004140                I2C3_EV_IRQHandler
                0x0000000008004140                EXTI9_5_IRQHandler
                0x0000000008004140                RTC_WKUP_IRQHandler
                0x0000000008004140                SPI2_IRQHandler
                0x0000000008004140                MemManage_Handler
                0x0000000008004140                DMA1_Stream0_IRQHandler
                0x0000000008004140                SVC_Handler
                0x0000000008004140                EXTI4_IRQHandler
                0x0000000008004140                WWDG_IRQHandler
                0x0000000008004140                TIM2_IRQHandler
                0x0000000008004140                OTG_FS_WKUP_IRQHandler
                0x0000000008004140                TIM1_TRG_COM_TIM11_IRQHandler
                0x0000000008004140                EXTI1_IRQHandler
                0x0000000008004140                I2C2_ER_IRQHandler
                0x0000000008004140                DMA2_Stream1_IRQHandler
                0x0000000008004140                FLASH_IRQHandler
                0x0000000008004140                DMA2_Stream4_IRQHandler
                0x0000000008004140                BusFault_Handler
                0x0000000008004140                USART1_IRQHandler
                0x0000000008004140                OTG_FS_IRQHandler
                0x0000000008004140                SPI3_IRQHandler
                0x0000000008004140                DMA1_Stream4_IRQHandler
                0x0000000008004140                I2C1_ER_IRQHandler
                0x0000000008004140                DMA2_Stream6_IRQHandler
                0x0000000008004140                DMA1_Stream3_IRQHandler
 *fill*         0x0000000008004142        0x2 
 .text.HAL_Init
                0x0000000008004144       0x44 ./Drivers/STM32F4xx_HAL_Driver/Src/stm32f4xx_hal.o
                0x0000000008004144                HAL_Init
 .text.HAL_InitTick
                0x0000000008004188       0x60 ./Drivers/STM32F4xx_HAL_Driver/Src/stm32f4xx_hal.o
                0x0000000008004188                HAL_InitTick
 .text.HAL_GetTick
                0x00000000080041e8       0x18 ./Drivers/STM32F4xx_HAL_Driver/Src/stm32f4xx_hal.o
                0x00000000080041e8                HAL_GetTick
 .text.__NVIC_SetPriorityGrouping
                0x0000000008004200       0x48 ./Drivers/STM32F4xx_HAL_Driver/Src/stm32f4xx_hal_cortex.o
 .text.__NVIC_GetPriorityGrouping
                0x0000000008004248       0x1c ./Drivers/STM32F4xx_HAL_Driver/Src/stm32f4xx_hal_cortex.o
 .text.__NVIC_SetPriority
                0x0000000008004264       0x54 ./Drivers/STM32F4xx_HAL_Driver/Src/stm32f4xx_hal_cortex.o
 .text.NVIC_EncodePriority
                0x00000000080042b8       0x66 ./Drivers/STM32F4xx_HAL_Driver/Src/stm32f4xx_hal_cortex.o
 *fill*         0x000000000800431e        0x2 
 .text.SysTick_Config
                0x0000000008004320       0x44 ./Drivers/STM32F4xx_HAL_Driver/Src/stm32f4xx_hal_cortex.o
 .text.HAL_NVIC_SetPriorityGrouping
                0x0000000008004364       0x16 ./Drivers/STM32F4xx_HAL_Driver/Src/stm32f4xx_hal_cortex.o
                0x0000000008004364                HAL_NVIC_SetPriorityGrouping
 .text.HAL_NVIC_SetPriority
                0x000000000800437a       0x38 ./Drivers/STM32F4xx_HAL_Driver/Src/stm32f4xx_hal_cortex.o
                0x000000000800437a                HAL_NVIC_SetPriority
 .text.HAL_SYSTICK_Config
                0x00000000080043b2       0x18 ./Drivers/STM32F4xx_HAL_Driver/Src/stm32f4xx_hal_cortex.o
                0x00000000080043b2                HAL_SYSTICK_Config
 *fill*         0x00000000080043ca        0x2 
 .text.HAL_RCC_OscConfig
                0x00000000080043cc      0x4f0 ./Drivers/STM32F4xx_HAL_Driver/Src/stm32f4xx_hal_rcc.o
                0x00000000080043cc                HAL_RCC_OscConfig
 .text.HAL_RCC_ClockConfig
                0x00000000080048bc      0x1cc ./Drivers/STM32F4xx_HAL_Driver/Src/stm32f4xx_hal_rcc.o
                0x00000000080048bc                HAL_RCC_ClockConfig
 .text.HAL_RCC_GetSysClockFreq
                0x0000000008004a88      0x1c4 ./Drivers/STM32F4xx_HAL_Driver/Src/stm32f4xx_hal_rcc.o
                0x0000000008004a88                HAL_RCC_GetSysClockFreq
 .text.LL_GPIO_SetPinMode
                0x0000000008004c4c       0x5e ./Drivers/STM32F4xx_HAL_Driver/Src/stm32f4xx_ll_gpio.o
 .text.LL_GPIO_SetPinOutputType
                0x0000000008004caa       0x30 ./Drivers/STM32F4xx_HAL_Driver/Src/stm32f4xx_ll_gpio.o
 .text.LL_GPIO_SetPinSpeed
                0x0000000008004cda       0x5e ./Drivers/STM32F4xx_HAL_Driver/Src/stm32f4xx_ll_gpio.o
 .text.LL_GPIO_SetPinPull
                0x0000000008004d38       0x5e ./Drivers/STM32F4xx_HAL_Driver/Src/stm32f4xx_ll_gpio.o
 .text.LL_GPIO_SetAFPin_0_7
                0x0000000008004d96       0x5e ./Drivers/STM32F4xx_HAL_Driver/Src/stm32f4xx_ll_gpio.o
 .text.LL_GPIO_SetAFPin_8_15
                0x0000000008004df4       0x62 ./Drivers/STM32F4xx_HAL_Driver/Src/stm32f4xx_ll_gpio.o
 .text.LL_GPIO_Init
                0x0000000008004e56       0xe6 ./Drivers/STM32F4xx_HAL_Driver/Src/stm32f4xx_ll_gpio.o
                0x0000000008004e56                LL_GPIO_Init
 .text.LL_RCC_GetSysClkSource
                0x0000000008004f3c       0x1c ./Drivers/STM32F4xx_HAL_Driver/Src/stm32f4xx_ll_rcc.o
 .text.LL_RCC_GetAHBPrescaler
                0x0000000008004f58       0x1c ./Drivers/STM32F4xx_HAL_Driver/Src/stm32f4xx_ll_rcc.o
 .text.LL_RCC_GetAPB1Prescaler
                0x0000000008004f74       0x1c ./Drivers/STM32F4xx_HAL_Driver/Src/stm32f4xx_ll_rcc.o
 .text.LL_RCC_GetAPB2Prescaler
                0x0000000008004f90       0x1c ./Drivers/STM32F4xx_HAL_Driver/Src/stm32f4xx_ll_rcc.o
 .text.LL_RCC_PLL_GetMainSource
                0x0000000008004fac       0x1c ./Drivers/STM32F4xx_HAL_Driver/Src/stm32f4xx_ll_rcc.o
 .text.LL_RCC_PLL_GetN
                0x0000000008004fc8       0x1c ./Drivers/STM32F4xx_HAL_Driver/Src/stm32f4xx_ll_rcc.o
 .text.LL_RCC_PLL_GetP
                0x0000000008004fe4       0x1c ./Drivers/STM32F4xx_HAL_Driver/Src/stm32f4xx_ll_rcc.o
 .text.LL_RCC_PLL_GetDivider
                0x0000000008005000       0x1c ./Drivers/STM32F4xx_HAL_Driver/Src/stm32f4xx_ll_rcc.o
 .text.LL_RCC_GetSystemClocksFreq
                0x000000000800501c       0x4a ./Drivers/STM32F4xx_HAL_Driver/Src/stm32f4xx_ll_rcc.o
                0x000000000800501c                LL_RCC_GetSystemClocksFreq
 *fill*         0x0000000008005066        0x2 
 .text.RCC_GetSystemClockFreq
                0x0000000008005068       0x50 ./Drivers/STM32F4xx_HAL_Driver/Src/stm32f4xx_ll_rcc.o
                0x0000000008005068                RCC_GetSystemClockFreq
 .text.RCC_GetHCLKClockFreq
                0x00000000080050b8       0x2c ./Drivers/STM32F4xx_HAL_Driver/Src/stm32f4xx_ll_rcc.o
                0x00000000080050b8                RCC_GetHCLKClockFreq
 .text.RCC_GetPCLK1ClockFreq
                0x00000000080050e4       0x28 ./Drivers/STM32F4xx_HAL_Driver/Src/stm32f4xx_ll_rcc.o
                0x00000000080050e4                RCC_GetPCLK1ClockFreq
 .text.RCC_GetPCLK2ClockFreq
                0x000000000800510c       0x28 ./Drivers/STM32F4xx_HAL_Driver/Src/stm32f4xx_ll_rcc.o
                0x000000000800510c                RCC_GetPCLK2ClockFreq
 .text.RCC_PLL_GetFreqDomain_SYS
                0x0000000008005134       0x7c ./Drivers/STM32F4xx_HAL_Driver/Src/stm32f4xx_ll_rcc.o
                0x0000000008005134                RCC_PLL_GetFreqDomain_SYS
 .text.LL_USART_IsEnabled
                0x00000000080051b0       0x28 ./Drivers/STM32F4xx_HAL_Driver/Src/stm32f4xx_ll_usart.o
 .text.LL_USART_SetStopBitsLength
                0x00000000080051d8       0x26 ./Drivers/STM32F4xx_HAL_Driver/Src/stm32f4xx_ll_usart.o
 .text.LL_USART_SetHWFlowCtrl
                0x00000000080051fe       0x26 ./Drivers/STM32F4xx_HAL_Driver/Src/stm32f4xx_ll_usart.o
 .text.LL_USART_SetBaudRate
                0x0000000008005224      0x320 ./Drivers/STM32F4xx_HAL_Driver/Src/stm32f4xx_ll_usart.o
 .text.LL_USART_Init
                0x0000000008005544       0xc8 ./Drivers/STM32F4xx_HAL_Driver/Src/stm32f4xx_ll_usart.o
                0x0000000008005544                LL_USART_Init
 .text._ZdlPvj  0x000000000800560c        0x4 c:/st/stm32cubeide_1.7.0/stm32cubeide/plugins/com.st.stm32cube.ide.mcu.externaltools.gnu-tools-for-stm32.9-2020-q2-update.win32_2.0.0.202105311346/tools/bin/../lib/gcc/arm-none-eabi/9.3.1/../../../../arm-none-eabi/lib/thumb/v7e-m+fp/hard\libstdc++_nano.a(del_ops.o)
                0x000000000800560c                operator delete(void*, unsigned int)
 .text.__cxa_guard_acquire
                0x0000000008005610       0x18 c:/st/stm32cubeide_1.7.0/stm32cubeide/plugins/com.st.stm32cube.ide.mcu.externaltools.gnu-tools-for-stm32.9-2020-q2-update.win32_2.0.0.202105311346/tools/bin/../lib/gcc/arm-none-eabi/9.3.1/../../../../arm-none-eabi/lib/thumb/v7e-m+fp/hard\libstdc++_nano.a(guard.o)
                0x0000000008005610                __cxa_guard_acquire
 .text.__cxa_guard_release
                0x0000000008005628        0x6 c:/st/stm32cubeide_1.7.0/stm32cubeide/plugins/com.st.stm32cube.ide.mcu.externaltools.gnu-tools-for-stm32.9-2020-q2-update.win32_2.0.0.202105311346/tools/bin/../lib/gcc/arm-none-eabi/9.3.1/../../../../arm-none-eabi/lib/thumb/v7e-m+fp/hard\libstdc++_nano.a(guard.o)
                0x0000000008005628                __cxa_guard_release
 .text._Znwj    0x000000000800562e       0x22 c:/st/stm32cubeide_1.7.0/stm32cubeide/plugins/com.st.stm32cube.ide.mcu.externaltools.gnu-tools-for-stm32.9-2020-q2-update.win32_2.0.0.202105311346/tools/bin/../lib/gcc/arm-none-eabi/9.3.1/../../../../arm-none-eabi/lib/thumb/v7e-m+fp/hard\libstdc++_nano.a(new_op.o)
                0x000000000800562e                operator new(unsigned int)
 .text._ZdlPv   0x0000000008005650        0x4 c:/st/stm32cubeide_1.7.0/stm32cubeide/plugins/com.st.stm32cube.ide.mcu.externaltools.gnu-tools-for-stm32.9-2020-q2-update.win32_2.0.0.202105311346/tools/bin/../lib/gcc/arm-none-eabi/9.3.1/../../../../arm-none-eabi/lib/thumb/v7e-m+fp/hard\libstdc++_nano.a(del_op.o)
                0x0000000008005650                operator delete(void*)
 .text._ZSt15get_new_handlerv
                0x0000000008005654       0x10 c:/st/stm32cubeide_1.7.0/stm32cubeide/plugins/com.st.stm32cube.ide.mcu.externaltools.gnu-tools-for-stm32.9-2020-q2-update.win32_2.0.0.202105311346/tools/bin/../lib/gcc/arm-none-eabi/9.3.1/../../../../arm-none-eabi/lib/thumb/v7e-m+fp/hard\libstdc++_nano.a(new_handler.o)
                0x0000000008005654                std::get_new_handler()
 *fill*         0x0000000008005664        0x4 
 .text.cos      0x0000000008005668       0xa0 c:/st/stm32cubeide_1.7.0/stm32cubeide/plugins/com.st.stm32cube.ide.mcu.externaltools.gnu-tools-for-stm32.9-2020-q2-update.win32_2.0.0.202105311346/tools/bin/../lib/gcc/arm-none-eabi/9.3.1/../../../../arm-none-eabi/lib/thumb/v7e-m+fp/hard\libm.a(lib_a-s_cos.o)
                0x0000000008005668                cos
 .text.sin      0x0000000008005708       0xa8 c:/st/stm32cubeide_1.7.0/stm32cubeide/plugins/com.st.stm32cube.ide.mcu.externaltools.gnu-tools-for-stm32.9-2020-q2-update.win32_2.0.0.202105311346/tools/bin/../lib/gcc/arm-none-eabi/9.3.1/../../../../arm-none-eabi/lib/thumb/v7e-m+fp/hard\libm.a(lib_a-s_sin.o)
                0x0000000008005708                sin
 .text.__ieee754_rem_pio2
                0x00000000080057b0      0x414 c:/st/stm32cubeide_1.7.0/stm32cubeide/plugins/com.st.stm32cube.ide.mcu.externaltools.gnu-tools-for-stm32.9-2020-q2-update.win32_2.0.0.202105311346/tools/bin/../lib/gcc/arm-none-eabi/9.3.1/../../../../arm-none-eabi/lib/thumb/v7e-m+fp/hard\libm.a(lib_a-e_rem_pio2.o)
                0x00000000080057b0                __ieee754_rem_pio2
 *fill*         0x0000000008005bc4        0x4 
 .text.__kernel_cos
                0x0000000008005bc8      0x18c c:/st/stm32cubeide_1.7.0/stm32cubeide/plugins/com.st.stm32cube.ide.mcu.externaltools.gnu-tools-for-stm32.9-2020-q2-update.win32_2.0.0.202105311346/tools/bin/../lib/gcc/arm-none-eabi/9.3.1/../../../../arm-none-eabi/lib/thumb/v7e-m+fp/hard\libm.a(lib_a-k_cos.o)
                0x0000000008005bc8                __kernel_cos
 *fill*         0x0000000008005d54        0x4 
 .text.__kernel_rem_pio2
                0x0000000008005d58      0x680 c:/st/stm32cubeide_1.7.0/stm32cubeide/plugins/com.st.stm32cube.ide.mcu.externaltools.gnu-tools-for-stm32.9-2020-q2-update.win32_2.0.0.202105311346/tools/bin/../lib/gcc/arm-none-eabi/9.3.1/../../../../arm-none-eabi/lib/thumb/v7e-m+fp/hard\libm.a(lib_a-k_rem_pio2.o)
                0x0000000008005d58                __kernel_rem_pio2
 .text.__kernel_sin
                0x00000000080063d8      0x17c c:/st/stm32cubeide_1.7.0/stm32cubeide/plugins/com.st.stm32cube.ide.mcu.externaltools.gnu-tools-for-stm32.9-2020-q2-update.win32_2.0.0.202105311346/tools/bin/../lib/gcc/arm-none-eabi/9.3.1/../../../../arm-none-eabi/lib/thumb/v7e-m+fp/hard\libm.a(lib_a-k_sin.o)
                0x00000000080063d8                __kernel_sin
 .text.fabs     0x0000000008006554       0x12 c:/st/stm32cubeide_1.7.0/stm32cubeide/plugins/com.st.stm32cube.ide.mcu.externaltools.gnu-tools-for-stm32.9-2020-q2-update.win32_2.0.0.202105311346/tools/bin/../lib/gcc/arm-none-eabi/9.3.1/../../../../arm-none-eabi/lib/thumb/v7e-m+fp/hard\libm.a(lib_a-s_fabs.o)
                0x0000000008006554                fabs
 *fill*         0x0000000008006566        0x2 
 .text.floor    0x0000000008006568      0x100 c:/st/stm32cubeide_1.7.0/stm32cubeide/plugins/com.st.stm32cube.ide.mcu.externaltools.gnu-tools-for-stm32.9-2020-q2-update.win32_2.0.0.202105311346/tools/bin/../lib/gcc/arm-none-eabi/9.3.1/../../../../arm-none-eabi/lib/thumb/v7e-m+fp/hard\libm.a(lib_a-s_floor.o)
                0x0000000008006568                floor
 .text.scalbn   0x0000000008006668      0x10c c:/st/stm32cubeide_1.7.0/stm32cubeide/plugins/com.st.stm32cube.ide.mcu.externaltools.gnu-tools-for-stm32.9-2020-q2-update.win32_2.0.0.202105311346/tools/bin/../lib/gcc/arm-none-eabi/9.3.1/../../../../arm-none-eabi/lib/thumb/v7e-m+fp/hard\libm.a(lib_a-s_scalbn.o)
                0x0000000008006668                scalbn
 .text.abort    0x0000000008006774        0xe c:/st/stm32cubeide_1.7.0/stm32cubeide/plugins/com.st.stm32cube.ide.mcu.externaltools.gnu-tools-for-stm32.9-2020-q2-update.win32_2.0.0.202105311346/tools/bin/../lib/gcc/arm-none-eabi/9.3.1/../../../../arm-none-eabi/lib/thumb/v7e-m+fp/hard\libc_nano.a(lib_a-abort.o)
                0x0000000008006774                abort
 .text.atexit   0x0000000008006782        0xc c:/st/stm32cubeide_1.7.0/stm32cubeide/plugins/com.st.stm32cube.ide.mcu.externaltools.gnu-tools-for-stm32.9-2020-q2-update.win32_2.0.0.202105311346/tools/bin/../lib/gcc/arm-none-eabi/9.3.1/../../../../arm-none-eabi/lib/thumb/v7e-m+fp/hard\libc_nano.a(lib_a-atexit.o)
                0x0000000008006782                atexit
 *fill*         0x000000000800678e        0x2 
 .text.__errno  0x0000000008006790        0xc c:/st/stm32cubeide_1.7.0/stm32cubeide/plugins/com.st.stm32cube.ide.mcu.externaltools.gnu-tools-for-stm32.9-2020-q2-update.win32_2.0.0.202105311346/tools/bin/../lib/gcc/arm-none-eabi/9.3.1/../../../../arm-none-eabi/lib/thumb/v7e-m+fp/hard\libc_nano.a(lib_a-errno.o)
                0x0000000008006790                __errno
 .text.__libc_init_array
                0x000000000800679c       0x48 c:/st/stm32cubeide_1.7.0/stm32cubeide/plugins/com.st.stm32cube.ide.mcu.externaltools.gnu-tools-for-stm32.9-2020-q2-update.win32_2.0.0.202105311346/tools/bin/../lib/gcc/arm-none-eabi/9.3.1/../../../../arm-none-eabi/lib/thumb/v7e-m+fp/hard\libc_nano.a(lib_a-init.o)
                0x000000000800679c                __libc_init_array
 .text.malloc   0x00000000080067e4       0x10 c:/st/stm32cubeide_1.7.0/stm32cubeide/plugins/com.st.stm32cube.ide.mcu.externaltools.gnu-tools-for-stm32.9-2020-q2-update.win32_2.0.0.202105311346/tools/bin/../lib/gcc/arm-none-eabi/9.3.1/../../../../arm-none-eabi/lib/thumb/v7e-m+fp/hard\libc_nano.a(lib_a-malloc.o)
                0x00000000080067e4                malloc
 .text.free     0x00000000080067f4       0x10 c:/st/stm32cubeide_1.7.0/stm32cubeide/plugins/com.st.stm32cube.ide.mcu.externaltools.gnu-tools-for-stm32.9-2020-q2-update.win32_2.0.0.202105311346/tools/bin/../lib/gcc/arm-none-eabi/9.3.1/../../../../arm-none-eabi/lib/thumb/v7e-m+fp/hard\libc_nano.a(lib_a-malloc.o)
                0x00000000080067f4                free
 .text.memset   0x0000000008006804       0x10 c:/st/stm32cubeide_1.7.0/stm32cubeide/plugins/com.st.stm32cube.ide.mcu.externaltools.gnu-tools-for-stm32.9-2020-q2-update.win32_2.0.0.202105311346/tools/bin/../lib/gcc/arm-none-eabi/9.3.1/../../../../arm-none-eabi/lib/thumb/v7e-m+fp/hard\libc_nano.a(lib_a-memset.o)
                0x0000000008006804                memset
 .text._free_r  0x0000000008006814       0xa0 c:/st/stm32cubeide_1.7.0/stm32cubeide/plugins/com.st.stm32cube.ide.mcu.externaltools.gnu-tools-for-stm32.9-2020-q2-update.win32_2.0.0.202105311346/tools/bin/../lib/gcc/arm-none-eabi/9.3.1/../../../../arm-none-eabi/lib/thumb/v7e-m+fp/hard\libc_nano.a(lib_a-nano-freer.o)
                0x0000000008006814                _free_r
 .text._malloc_r
                0x00000000080068b4       0xb4 c:/st/stm32cubeide_1.7.0/stm32cubeide/plugins/com.st.stm32cube.ide.mcu.externaltools.gnu-tools-for-stm32.9-2020-q2-update.win32_2.0.0.202105311346/tools/bin/../lib/gcc/arm-none-eabi/9.3.1/../../../../arm-none-eabi/lib/thumb/v7e-m+fp/hard\libc_nano.a(lib_a-nano-mallocr.o)
                0x00000000080068b4                _malloc_r
 .text._sbrk_r  0x0000000008006968       0x20 c:/st/stm32cubeide_1.7.0/stm32cubeide/plugins/com.st.stm32cube.ide.mcu.externaltools.gnu-tools-for-stm32.9-2020-q2-update.win32_2.0.0.202105311346/tools/bin/../lib/gcc/arm-none-eabi/9.3.1/../../../../arm-none-eabi/lib/thumb/v7e-m+fp/hard\libc_nano.a(lib_a-sbrkr.o)
                0x0000000008006968                _sbrk_r
 .text._raise_r
                0x0000000008006988       0x50 c:/st/stm32cubeide_1.7.0/stm32cubeide/plugins/com.st.stm32cube.ide.mcu.externaltools.gnu-tools-for-stm32.9-2020-q2-update.win32_2.0.0.202105311346/tools/bin/../lib/gcc/arm-none-eabi/9.3.1/../../../../arm-none-eabi/lib/thumb/v7e-m+fp/hard\libc_nano.a(lib_a-signal.o)
                0x0000000008006988                _raise_r
 .text.raise    0x00000000080069d8       0x10 c:/st/stm32cubeide_1.7.0/stm32cubeide/plugins/com.st.stm32cube.ide.mcu.externaltools.gnu-tools-for-stm32.9-2020-q2-update.win32_2.0.0.202105311346/tools/bin/../lib/gcc/arm-none-eabi/9.3.1/../../../../arm-none-eabi/lib/thumb/v7e-m+fp/hard\libc_nano.a(lib_a-signal.o)
                0x00000000080069d8                raise
 .text._kill_r  0x00000000080069e8       0x24 c:/st/stm32cubeide_1.7.0/stm32cubeide/plugins/com.st.stm32cube.ide.mcu.externaltools.gnu-tools-for-stm32.9-2020-q2-update.win32_2.0.0.202105311346/tools/bin/../lib/gcc/arm-none-eabi/9.3.1/../../../../arm-none-eabi/lib/thumb/v7e-m+fp/hard\libc_nano.a(lib_a-signalr.o)
                0x00000000080069e8                _kill_r
 .text._getpid_r
                0x0000000008006a0c        0x4 c:/st/stm32cubeide_1.7.0/stm32cubeide/plugins/com.st.stm32cube.ide.mcu.externaltools.gnu-tools-for-stm32.9-2020-q2-update.win32_2.0.0.202105311346/tools/bin/../lib/gcc/arm-none-eabi/9.3.1/../../../../arm-none-eabi/lib/thumb/v7e-m+fp/hard\libc_nano.a(lib_a-signalr.o)
                0x0000000008006a0c                _getpid_r
 .text._vsprintf_r
                0x0000000008006a10       0x2c c:/st/stm32cubeide_1.7.0/stm32cubeide/plugins/com.st.stm32cube.ide.mcu.externaltools.gnu-tools-for-stm32.9-2020-q2-update.win32_2.0.0.202105311346/tools/bin/../lib/gcc/arm-none-eabi/9.3.1/../../../../arm-none-eabi/lib/thumb/v7e-m+fp/hard\libc_nano.a(lib_a-vsprintf.o)
                0x0000000008006a10                _vsprintf_r
                0x0000000008006a10                _vsiprintf_r
 .text.vsprintf
                0x0000000008006a3c       0x14 c:/st/stm32cubeide_1.7.0/stm32cubeide/plugins/com.st.stm32cube.ide.mcu.externaltools.gnu-tools-for-stm32.9-2020-q2-update.win32_2.0.0.202105311346/tools/bin/../lib/gcc/arm-none-eabi/9.3.1/../../../../arm-none-eabi/lib/thumb/v7e-m+fp/hard\libc_nano.a(lib_a-vsprintf.o)
                0x0000000008006a3c                vsiprintf
                0x0000000008006a3c                vsprintf
 .text.__register_exitproc
                0x0000000008006a50       0xc4 c:/st/stm32cubeide_1.7.0/stm32cubeide/plugins/com.st.stm32cube.ide.mcu.externaltools.gnu-tools-for-stm32.9-2020-q2-update.win32_2.0.0.202105311346/tools/bin/../lib/gcc/arm-none-eabi/9.3.1/../../../../arm-none-eabi/lib/thumb/v7e-m+fp/hard\libc_nano.a(lib_a-__atexit.o)
                0x0000000008006a50                __register_exitproc
 .text.__retarget_lock_acquire_recursive
                0x0000000008006b14        0x2 c:/st/stm32cubeide_1.7.0/stm32cubeide/plugins/com.st.stm32cube.ide.mcu.externaltools.gnu-tools-for-stm32.9-2020-q2-update.win32_2.0.0.202105311346/tools/bin/../lib/gcc/arm-none-eabi/9.3.1/../../../../arm-none-eabi/lib/thumb/v7e-m+fp/hard\libc_nano.a(lib_a-lock.o)
                0x0000000008006b14                __retarget_lock_acquire_recursive
 .text.__retarget_lock_release
                0x0000000008006b16        0x2 c:/st/stm32cubeide_1.7.0/stm32cubeide/plugins/com.st.stm32cube.ide.mcu.externaltools.gnu-tools-for-stm32.9-2020-q2-update.win32_2.0.0.202105311346/tools/bin/../lib/gcc/arm-none-eabi/9.3.1/../../../../arm-none-eabi/lib/thumb/v7e-m+fp/hard\libc_nano.a(lib_a-lock.o)
                0x0000000008006b16                __retarget_lock_release
 .text.__retarget_lock_release_recursive
                0x0000000008006b18        0x2 c:/st/stm32cubeide_1.7.0/stm32cubeide/plugins/com.st.stm32cube.ide.mcu.externaltools.gnu-tools-for-stm32.9-2020-q2-update.win32_2.0.0.202105311346/tools/bin/../lib/gcc/arm-none-eabi/9.3.1/../../../../arm-none-eabi/lib/thumb/v7e-m+fp/hard\libc_nano.a(lib_a-lock.o)
                0x0000000008006b18                __retarget_lock_release_recursive
 *fill*         0x0000000008006b1a        0x2 
 .text.__malloc_lock
                0x0000000008006b1c        0xc c:/st/stm32cubeide_1.7.0/stm32cubeide/plugins/com.st.stm32cube.ide.mcu.externaltools.gnu-tools-for-stm32.9-2020-q2-update.win32_2.0.0.202105311346/tools/bin/../lib/gcc/arm-none-eabi/9.3.1/../../../../arm-none-eabi/lib/thumb/v7e-m+fp/hard\libc_nano.a(lib_a-mlock.o)
                0x0000000008006b1c                __malloc_lock
 .text.__malloc_unlock
                0x0000000008006b28        0xc c:/st/stm32cubeide_1.7.0/stm32cubeide/plugins/com.st.stm32cube.ide.mcu.externaltools.gnu-tools-for-stm32.9-2020-q2-update.win32_2.0.0.202105311346/tools/bin/../lib/gcc/arm-none-eabi/9.3.1/../../../../arm-none-eabi/lib/thumb/v7e-m+fp/hard\libc_nano.a(lib_a-mlock.o)
                0x0000000008006b28                __malloc_unlock
 .text.__ssputs_r
                0x0000000008006b34       0xb6 c:/st/stm32cubeide_1.7.0/stm32cubeide/plugins/com.st.stm32cube.ide.mcu.externaltools.gnu-tools-for-stm32.9-2020-q2-update.win32_2.0.0.202105311346/tools/bin/../lib/gcc/arm-none-eabi/9.3.1/../../../../arm-none-eabi/lib/thumb/v7e-m+fp/hard\libc_nano.a(lib_a-nano-svfprintf.o)
                0x0000000008006b34                __ssputs_r
 *fill*         0x0000000008006bea        0x2 
 .text._svfprintf_r
                0x0000000008006bec      0x200 c:/st/stm32cubeide_1.7.0/stm32cubeide/plugins/com.st.stm32cube.ide.mcu.externaltools.gnu-tools-for-stm32.9-2020-q2-update.win32_2.0.0.202105311346/tools/bin/../lib/gcc/arm-none-eabi/9.3.1/../../../../arm-none-eabi/lib/thumb/v7e-m+fp/hard\libc_nano.a(lib_a-nano-svfprintf.o)
                0x0000000008006bec                _svfiprintf_r
                0x0000000008006bec                _svfprintf_r
 .text._printf_common
                0x0000000008006dec       0xda c:/st/stm32cubeide_1.7.0/stm32cubeide/plugins/com.st.stm32cube.ide.mcu.externaltools.gnu-tools-for-stm32.9-2020-q2-update.win32_2.0.0.202105311346/tools/bin/../lib/gcc/arm-none-eabi/9.3.1/../../../../arm-none-eabi/lib/thumb/v7e-m+fp/hard\libc_nano.a(lib_a-nano-vfprintf_i.o)
                0x0000000008006dec                _printf_common
 *fill*         0x0000000008006ec6        0x2 
 .text._printf_i
                0x0000000008006ec8      0x24c c:/st/stm32cubeide_1.7.0/stm32cubeide/plugins/com.st.stm32cube.ide.mcu.externaltools.gnu-tools-for-stm32.9-2020-q2-update.win32_2.0.0.202105311346/tools/bin/../lib/gcc/arm-none-eabi/9.3.1/../../../../arm-none-eabi/lib/thumb/v7e-m+fp/hard\libc_nano.a(lib_a-nano-vfprintf_i.o)
                0x0000000008006ec8                _printf_i
 .text.memcpy   0x0000000008007114       0x1c c:/st/stm32cubeide_1.7.0/stm32cubeide/plugins/com.st.stm32cube.ide.mcu.externaltools.gnu-tools-for-stm32.9-2020-q2-update.win32_2.0.0.202105311346/tools/bin/../lib/gcc/arm-none-eabi/9.3.1/../../../../arm-none-eabi/lib/thumb/v7e-m+fp/hard\libc_nano.a(lib_a-memcpy-stub.o)
                0x0000000008007114                memcpy
 .text.memmove  0x0000000008007130       0x34 c:/st/stm32cubeide_1.7.0/stm32cubeide/plugins/com.st.stm32cube.ide.mcu.externaltools.gnu-tools-for-stm32.9-2020-q2-update.win32_2.0.0.202105311346/tools/bin/../lib/gcc/arm-none-eabi/9.3.1/../../../../arm-none-eabi/lib/thumb/v7e-m+fp/hard\libc_nano.a(lib_a-memmove.o)
                0x0000000008007130                memmove
 .text._realloc_r
                0x0000000008007164       0x4c c:/st/stm32cubeide_1.7.0/stm32cubeide/plugins/com.st.stm32cube.ide.mcu.externaltools.gnu-tools-for-stm32.9-2020-q2-update.win32_2.0.0.202105311346/tools/bin/../lib/gcc/arm-none-eabi/9.3.1/../../../../arm-none-eabi/lib/thumb/v7e-m+fp/hard\libc_nano.a(lib_a-nano-reallocr.o)
                0x0000000008007164                _realloc_r
 .text._malloc_usable_size_r
                0x00000000080071b0       0x10 c:/st/stm32cubeide_1.7.0/stm32cubeide/plugins/com.st.stm32cube.ide.mcu.externaltools.gnu-tools-for-stm32.9-2020-q2-update.win32_2.0.0.202105311346/tools/bin/../lib/gcc/arm-none-eabi/9.3.1/../../../../arm-none-eabi/lib/thumb/v7e-m+fp/hard\libc_nano.a(lib_a-nano-msizer.o)
                0x00000000080071b0                _malloc_usable_size_r
 *(.glue_7)
 .glue_7        0x00000000080071c0        0x0 linker stubs
 *(.glue_7t)
 .glue_7t       0x00000000080071c0        0x0 linker stubs
 *(.eh_frame)
 .eh_frame      0x00000000080071c0        0x0 c:/st/stm32cubeide_1.7.0/stm32cubeide/plugins/com.st.stm32cube.ide.mcu.externaltools.gnu-tools-for-stm32.9-2020-q2-update.win32_2.0.0.202105311346/tools/bin/../lib/gcc/arm-none-eabi/9.3.1/thumb/v7e-m+fp/hard/crtbegin.o
 *(.init)
 .init          0x00000000080071c0        0x4 c:/st/stm32cubeide_1.7.0/stm32cubeide/plugins/com.st.stm32cube.ide.mcu.externaltools.gnu-tools-for-stm32.9-2020-q2-update.win32_2.0.0.202105311346/tools/bin/../lib/gcc/arm-none-eabi/9.3.1/thumb/v7e-m+fp/hard/crti.o
                0x00000000080071c0                _init
 .init          0x00000000080071c4        0x8 c:/st/stm32cubeide_1.7.0/stm32cubeide/plugins/com.st.stm32cube.ide.mcu.externaltools.gnu-tools-for-stm32.9-2020-q2-update.win32_2.0.0.202105311346/tools/bin/../lib/gcc/arm-none-eabi/9.3.1/thumb/v7e-m+fp/hard/crtn.o
 *(.fini)
 .fini          0x00000000080071cc        0x4 c:/st/stm32cubeide_1.7.0/stm32cubeide/plugins/com.st.stm32cube.ide.mcu.externaltools.gnu-tools-for-stm32.9-2020-q2-update.win32_2.0.0.202105311346/tools/bin/../lib/gcc/arm-none-eabi/9.3.1/thumb/v7e-m+fp/hard/crti.o
                0x00000000080071cc                _fini
 .fini          0x00000000080071d0        0x8 c:/st/stm32cubeide_1.7.0/stm32cubeide/plugins/com.st.stm32cube.ide.mcu.externaltools.gnu-tools-for-stm32.9-2020-q2-update.win32_2.0.0.202105311346/tools/bin/../lib/gcc/arm-none-eabi/9.3.1/thumb/v7e-m+fp/hard/crtn.o
                0x00000000080071d8                . = ALIGN (0x4)
                0x00000000080071d8                _etext = .

.vfp11_veneer   0x00000000080071d8        0x0
 .vfp11_veneer  0x00000000080071d8        0x0 linker stubs

.v4_bx          0x00000000080071d8        0x0
 .v4_bx         0x00000000080071d8        0x0 linker stubs

.iplt           0x00000000080071d8        0x0
 .iplt          0x00000000080071d8        0x0 c:/st/stm32cubeide_1.7.0/stm32cubeide/plugins/com.st.stm32cube.ide.mcu.externaltools.gnu-tools-for-stm32.9-2020-q2-update.win32_2.0.0.202105311346/tools/bin/../lib/gcc/arm-none-eabi/9.3.1/thumb/v7e-m+fp/hard/crtbegin.o

.rodata         0x00000000080071d8      0x3ac
                0x00000000080071d8                . = ALIGN (0x4)
 *(.rodata)
 .rodata        0x00000000080071d8       0x4b ./Components/test/example/example.o
 *(.rodata*)
 *fill*         0x0000000008007223        0x1 
 .rodata._ZTVN4core11ByteMachineIhEE
                0x0000000008007224       0x1c ./Components/console/controller.o
                0x0000000008007224                vtable for core::ByteMachine<unsigned char>
 .rodata._ZTVN4core10FixedEventIhEE
                0x0000000008007240       0x14 ./Components/console/controller.o
                0x0000000008007240                vtable for core::FixedEvent<unsigned char>
 .rodata._ZTVN4core7MachineE
                0x0000000008007254       0x1c ./Components/console/controller.o
                0x0000000008007254                vtable for core::Machine
 .rodata._ZTVN4core10EmptyEventE
                0x0000000008007270       0x14 ./Components/console/controller.o
                0x0000000008007270                vtable for core::EmptyEvent
 .rodata._ZTVN7console10ControllerE
                0x0000000008007284       0x14 ./Components/console/controller.o
                0x0000000008007284                vtable for console::Controller
 .rodata._ZTVN4core5EventE
                0x0000000008007298       0x14 ./Components/console/controller.o
                0x0000000008007298                vtable for core::Event
 .rodata._ZTVN4core9ComponentE
                0x00000000080072ac       0x14 ./Components/console/controller.o
                0x00000000080072ac                vtable for core::Component
 .rodata._ZTVN7console6DriverE
                0x00000000080072c0       0x1c ./Components/console/driver.o
                0x00000000080072c0                vtable for console::Driver
 .rodata._ZTVN4core10EventQueueE
                0x00000000080072dc       0x10 ./Components/console/driver.o
                0x00000000080072dc                vtable for core::EventQueue
 .rodata._ZTVN4core6EngineE
                0x00000000080072ec       0x14 ./Components/core/engine.o
                0x00000000080072ec                vtable for core::Engine
 .rodata._ZTVN2ex4TestE
                0x0000000008007300       0x1c ./Components/test/example/example.o
                0x0000000008007300                vtable for ex::Test
 .rodata._ZTVN4core10FixedEventItEE
                0x000000000800731c       0x14 ./Components/test/example/example.o
                0x000000000800731c                vtable for core::FixedEvent<unsigned short>
 .rodata._ZTVN4core10FixedEventImEE
                0x0000000008007330       0x14 ./Components/test/example/example.o
                0x0000000008007330                vtable for core::FixedEvent<unsigned long>
 .rodata._ZTVN4core13SimpleMachineE
                0x0000000008007344       0x1c ./Components/test/example/example.o
                0x0000000008007344                vtable for core::SimpleMachine
 .rodata.AHBPrescTable
                0x0000000008007360       0x10 ./Core/Src/system_stm32f4xx.o
                0x0000000008007360                AHBPrescTable
 .rodata.APBPrescTable
                0x0000000008007370        0x8 ./Core/Src/system_stm32f4xx.o
                0x0000000008007370                APBPrescTable
 .rodata.npio2_hw
                0x0000000008007378       0x80 c:/st/stm32cubeide_1.7.0/stm32cubeide/plugins/com.st.stm32cube.ide.mcu.externaltools.gnu-tools-for-stm32.9-2020-q2-update.win32_2.0.0.202105311346/tools/bin/../lib/gcc/arm-none-eabi/9.3.1/../../../../arm-none-eabi/lib/thumb/v7e-m+fp/hard\libm.a(lib_a-e_rem_pio2.o)
 .rodata.two_over_pi
                0x00000000080073f8      0x108 c:/st/stm32cubeide_1.7.0/stm32cubeide/plugins/com.st.stm32cube.ide.mcu.externaltools.gnu-tools-for-stm32.9-2020-q2-update.win32_2.0.0.202105311346/tools/bin/../lib/gcc/arm-none-eabi/9.3.1/../../../../arm-none-eabi/lib/thumb/v7e-m+fp/hard\libm.a(lib_a-e_rem_pio2.o)
 .rodata.PIo2   0x0000000008007500       0x40 c:/st/stm32cubeide_1.7.0/stm32cubeide/plugins/com.st.stm32cube.ide.mcu.externaltools.gnu-tools-for-stm32.9-2020-q2-update.win32_2.0.0.202105311346/tools/bin/../lib/gcc/arm-none-eabi/9.3.1/../../../../arm-none-eabi/lib/thumb/v7e-m+fp/hard\libm.a(lib_a-k_rem_pio2.o)
 .rodata.init_jk
                0x0000000008007540       0x10 c:/st/stm32cubeide_1.7.0/stm32cubeide/plugins/com.st.stm32cube.ide.mcu.externaltools.gnu-tools-for-stm32.9-2020-q2-update.win32_2.0.0.202105311346/tools/bin/../lib/gcc/arm-none-eabi/9.3.1/../../../../arm-none-eabi/lib/thumb/v7e-m+fp/hard\libm.a(lib_a-k_rem_pio2.o)
 .rodata._svfprintf_r.str1.1
                0x0000000008007550       0x11 c:/st/stm32cubeide_1.7.0/stm32cubeide/plugins/com.st.stm32cube.ide.mcu.externaltools.gnu-tools-for-stm32.9-2020-q2-update.win32_2.0.0.202105311346/tools/bin/../lib/gcc/arm-none-eabi/9.3.1/../../../../arm-none-eabi/lib/thumb/v7e-m+fp/hard\libc_nano.a(lib_a-nano-svfprintf.o)
 .rodata._printf_i.str1.1
                0x0000000008007561       0x22 c:/st/stm32cubeide_1.7.0/stm32cubeide/plugins/com.st.stm32cube.ide.mcu.externaltools.gnu-tools-for-stm32.9-2020-q2-update.win32_2.0.0.202105311346/tools/bin/../lib/gcc/arm-none-eabi/9.3.1/../../../../arm-none-eabi/lib/thumb/v7e-m+fp/hard\libc_nano.a(lib_a-nano-vfprintf_i.o)
                0x0000000008007584                . = ALIGN (0x4)
 *fill*         0x0000000008007583        0x1 

.ARM.extab      0x0000000008007584        0x0
                0x0000000008007584                . = ALIGN (0x4)
 *(.ARM.extab* .gnu.linkonce.armextab.*)
                0x0000000008007584                . = ALIGN (0x4)

.ARM            0x0000000008007584        0x8
                0x0000000008007584                . = ALIGN (0x4)
                0x0000000008007584                __exidx_start = .
 *(.ARM.exidx*)
 .ARM.exidx     0x0000000008007584        0x8 c:/st/stm32cubeide_1.7.0/stm32cubeide/plugins/com.st.stm32cube.ide.mcu.externaltools.gnu-tools-for-stm32.9-2020-q2-update.win32_2.0.0.202105311346/tools/bin/../lib/gcc/arm-none-eabi/9.3.1/thumb/v7e-m+fp/hard\libgcc.a(_udivmoddi4.o)
                0x000000000800758c                __exidx_end = .
                0x000000000800758c                . = ALIGN (0x4)

.rel.dyn        0x000000000800758c        0x0
 .rel.iplt      0x000000000800758c        0x0 c:/st/stm32cubeide_1.7.0/stm32cubeide/plugins/com.st.stm32cube.ide.mcu.externaltools.gnu-tools-for-stm32.9-2020-q2-update.win32_2.0.0.202105311346/tools/bin/../lib/gcc/arm-none-eabi/9.3.1/thumb/v7e-m+fp/hard/crtbegin.o

.preinit_array  0x000000000800758c        0x0
                0x000000000800758c                . = ALIGN (0x4)
                0x000000000800758c                PROVIDE (__preinit_array_start = .)
 *(.preinit_array*)
                0x000000000800758c                PROVIDE (__preinit_array_end = .)
                0x000000000800758c                . = ALIGN (0x4)

.init_array     0x000000000800758c        0x4
                0x000000000800758c                . = ALIGN (0x4)
                0x000000000800758c                PROVIDE (__init_array_start = .)
 *(SORT_BY_NAME(.init_array.*))
 *(.init_array*)
 .init_array    0x000000000800758c        0x4 c:/st/stm32cubeide_1.7.0/stm32cubeide/plugins/com.st.stm32cube.ide.mcu.externaltools.gnu-tools-for-stm32.9-2020-q2-update.win32_2.0.0.202105311346/tools/bin/../lib/gcc/arm-none-eabi/9.3.1/thumb/v7e-m+fp/hard/crtbegin.o
                0x0000000008007590                PROVIDE (__init_array_end = .)
                0x0000000008007590                . = ALIGN (0x4)

.fini_array     0x0000000008007590        0x4
                0x0000000008007590                . = ALIGN (0x4)
                [!provide]                        PROVIDE (__fini_array_start = .)
 *(SORT_BY_NAME(.fini_array.*))
 *(.fini_array*)
 .fini_array    0x0000000008007590        0x4 c:/st/stm32cubeide_1.7.0/stm32cubeide/plugins/com.st.stm32cube.ide.mcu.externaltools.gnu-tools-for-stm32.9-2020-q2-update.win32_2.0.0.202105311346/tools/bin/../lib/gcc/arm-none-eabi/9.3.1/thumb/v7e-m+fp/hard/crtbegin.o
                [!provide]                        PROVIDE (__fini_array_end = .)
                0x0000000008007594                . = ALIGN (0x4)
                0x0000000008007594                _sidata = LOADADDR (.data)

.data           0x0000000020000000       0x74 load address 0x0000000008007594
                0x0000000020000000                . = ALIGN (0x4)
                0x0000000020000000                _sdata = .
 *(.data)
 *(.data*)
 .data.SystemCoreClock
                0x0000000020000000        0x4 ./Core/Src/system_stm32f4xx.o
                0x0000000020000000                SystemCoreClock
 .data.uwTickPrio
                0x0000000020000004        0x4 ./Drivers/STM32F4xx_HAL_Driver/Src/stm32f4xx_hal.o
                0x0000000020000004                uwTickPrio
 .data.uwTickFreq
                0x0000000020000008        0x1 ./Drivers/STM32F4xx_HAL_Driver/Src/stm32f4xx_hal.o
                0x0000000020000008                uwTickFreq
 *fill*         0x0000000020000009        0x3 
 .data._impure_ptr
                0x000000002000000c        0x4 c:/st/stm32cubeide_1.7.0/stm32cubeide/plugins/com.st.stm32cube.ide.mcu.externaltools.gnu-tools-for-stm32.9-2020-q2-update.win32_2.0.0.202105311346/tools/bin/../lib/gcc/arm-none-eabi/9.3.1/../../../../arm-none-eabi/lib/thumb/v7e-m+fp/hard\libc_nano.a(lib_a-impure.o)
                0x000000002000000c                _impure_ptr
 .data.impure_data
                0x0000000020000010       0x60 c:/st/stm32cubeide_1.7.0/stm32cubeide/plugins/com.st.stm32cube.ide.mcu.externaltools.gnu-tools-for-stm32.9-2020-q2-update.win32_2.0.0.202105311346/tools/bin/../lib/gcc/arm-none-eabi/9.3.1/../../../../arm-none-eabi/lib/thumb/v7e-m+fp/hard\libc_nano.a(lib_a-impure.o)
 .data.__atexit_recursive_mutex
                0x0000000020000070        0x4 c:/st/stm32cubeide_1.7.0/stm32cubeide/plugins/com.st.stm32cube.ide.mcu.externaltools.gnu-tools-for-stm32.9-2020-q2-update.win32_2.0.0.202105311346/tools/bin/../lib/gcc/arm-none-eabi/9.3.1/../../../../arm-none-eabi/lib/thumb/v7e-m+fp/hard\libc_nano.a(lib_a-__call_atexit.o)
                0x0000000020000070                __atexit_recursive_mutex
 *(.RamFunc)
 *(.RamFunc*)
                0x0000000020000074                . = ALIGN (0x4)
                0x0000000020000074                _edata = .

.igot.plt       0x0000000020000074        0x0 load address 0x0000000008007608
 .igot.plt      0x0000000020000074        0x0 c:/st/stm32cubeide_1.7.0/stm32cubeide/plugins/com.st.stm32cube.ide.mcu.externaltools.gnu-tools-for-stm32.9-2020-q2-update.win32_2.0.0.202105311346/tools/bin/../lib/gcc/arm-none-eabi/9.3.1/thumb/v7e-m+fp/hard/crtbegin.o
                0x0000000020000074                . = ALIGN (0x4)

.bss            0x0000000020000078     0x3460 load address 0x0000000008007608
                0x0000000020000078                _sbss = .
                0x0000000020000078                __bss_start__ = _sbss
 *(.bss)
 .bss           0x0000000020000078       0x1c c:/st/stm32cubeide_1.7.0/stm32cubeide/plugins/com.st.stm32cube.ide.mcu.externaltools.gnu-tools-for-stm32.9-2020-q2-update.win32_2.0.0.202105311346/tools/bin/../lib/gcc/arm-none-eabi/9.3.1/thumb/v7e-m+fp/hard/crtbegin.o
 *(.bss*)
 .bss._ZZN7console6Driver8instanceEvE8instance
                0x0000000020000094      0x960 ./Components/console/controller.o
                0x0000000020000094                console::Driver::instance()::instance
 .bss._ZGVZN7console6Driver8instanceEvE8instance
                0x00000000200009f4        0x4 ./Components/console/controller.o
                0x00000000200009f4                guard variable for console::Driver::instance()::instance
 .bss._ZZN4core6Engine8instanceEvE6engine
                0x00000000200009f8     0x2240 ./Components/console/driver.o
                0x00000000200009f8                core::Engine::instance()::engine
 .bss._ZGVZN4core6Engine8instanceEvE6engine
                0x0000000020002c38        0x4 ./Components/console/driver.o
                0x0000000020002c38                guard variable for core::Engine::instance()::engine
 *fill*         0x0000000020002c3c        0x4 
 .bss._ZZN7console10Controller8instanceEvE8instance
                0x0000000020002c40       0x58 ./Components/console/driver.o
                0x0000000020002c40                console::Controller::instance()::instance
 .bss._ZGVZN7console10Controller8instanceEvE8instance
                0x0000000020002c98        0x4 ./Components/console/driver.o
                0x0000000020002c98                guard variable for console::Controller::instance()::instance
 *fill*         0x0000000020002c9c        0x4 
 .bss._ZZN2ex4Test8instanceEvE8instance