Archive member included to satisfy reference by file (symbol)

c:/st/stm32cubeide_1.7.0/stm32cubeide/plugins/com.st.stm32cube.ide.mcu.externaltools.gnu-tools-for-stm32.9-2020-q2-update.win32_2.0.0.202105311346/tools/bin/../lib/gcc/arm-none-eabi/9.3.1/../../../../arm-none-eabi/lib/thumb/v7e-m+fp/hard\libstdc++_nano.a(del_ops.o)
                              ./Components/console/controller.o (operator delete(void*, unsigned int))
c:/st/stm32cubeide_1.7.0/stm32cubeide/plugins/com.st.stm32cube.ide.mcu.externaltools.gnu-tools-for-stm32.9-2020-q2-update.win32_2.0.0.202105311346/tools/bin/../lib/gcc/arm-none-eabi/9.3.1/../../../../arm-none-eabi/lib/thumb/v7e-m+fp/hard\libstdc++_nano.a(guard.o)
                              ./Components/console/controller.o (__cxa_guard_acquire)
c:/st/stm32cubeide_1.7.0/stm32cubeide/plugins/com.st.stm32cube.ide.mcu.externaltools.gnu-tools-for-stm32.9-2020-q2-update.win32_2.0.0.202105311346/tools/bin/../lib/gcc/arm-none-eabi/9.3.1/../../../../arm-none-eabi/lib/thumb/v7e-m+fp/hard\libstdc++_nano.a(new_op.o)
                              ./Components/console/controller.o (operator new(unsigned int))
c:/st/stm32cubeide_1.7.0/stm32cubeide/plugins/com.st.stm32cube.ide.mcu.externaltools.gnu-tools-for-stm32.9-2020-q2-update.win32_2.0.0.202105311346/tools/bin/../lib/gcc/arm-none-eabi/9.3.1/../../../../arm-none-eabi/lib/thumb/v7e-m+fp/hard\libstdc++_nano.a(del_op.o)
                              c:/st/stm32cubeide_1.7.0/stm32cubeide/plugins/com.st.stm32cube.ide.mcu.externaltools.gnu-tools-for-stm32.9-2020-q2-update.win32_2.0.0.202105311346/tools/bin/../lib/gcc/arm-none-eabi/9.3.1/../../../../arm-none-eabi/lib/thumb/v7e-m+fp/hard\libstdc++_nano.a(del_ops.o) (operator delete(void*))
c:/st/stm32cubeide_1.7.0/stm32cubeide/plugins/com.st.stm32cube.ide.mcu.externaltools.gnu-tools-for-stm32.9-2020-q2-update.win32_2.0.0.202105311346/tools/bin/../lib/gcc/arm-none-eabi/9.3.1/../../../../arm-none-eabi/lib/thumb/v7e-m+fp/hard\libstdc++_nano.a(new_handler.o)
                              c:/st/stm32cubeide_1.7.0/stm32cubeide/plugins/com.st.stm32cube.ide.mcu.externaltools.gnu-tools-for-stm32.9-2020-q2-update.win32_2.0.0.202105311346/tools/bin/../lib/gcc/arm-none-eabi/9.3.1/../../../../arm-none-eabi/lib/thumb/v7e-m+fp/hard\libstdc++_nano.a(new_op.o) (std::get_new_handler())
c:/st/stm32cubeide_1.7.0/stm32cubeide/plugins/com.st.stm32cube.ide.mcu.externaltools.gnu-tools-for-stm32.9-2020-q2-update.win32_2.0.0.202105311346/tools/bin/../lib/gcc/arm-none-eabi/9.3.1/../../../../arm-none-eabi/lib/thumb/v7e-m+fp/hard\libm.a(lib_a-s_cos.o)
                              ./Components/test/example/example.o (cos)
c:/st/stm32cubeide_1.7.0/stm32cubeide/plugins/com.st.stm32cube.ide.mcu.externaltools.gnu-tools-for-stm32.9-2020-q2-update.win32_2.0.0.202105311346/tools/bin/../lib/gcc/arm-none-eabi/9.3.1/../../../../arm-none-eabi/lib/thumb/v7e-m+fp/hard\libm.a(lib_a-s_sin.o)
                              ./Components/test/example/example.o (sin)
c:/st/stm32cubeide_1.7.0/stm32cubeide/plugins/com.st.stm32cube.ide.mcu.externaltools.gnu-tools-for-stm32.9-2020-q2-update.win32_2.0.0.202105311346/tools/bin/../lib/gcc/arm-none-eabi/9.3.1/../../../../arm-none-eabi/lib/thumb/v7e-m+fp/hard\libm.a(lib_a-e_rem_pio2.o)
                              c:/st/stm32cubeide_1.7.0/stm32cubeide/plugins/com.st.stm32cube.ide.mcu.externaltools.gnu-tools-for-stm32.9-2020-q2-update.win32_2.0.0.202105311346/tools/bin/../lib/gcc/arm-none-eabi/9.3.1/../../../../arm-none-eabi/lib/thumb/v7e-m+fp/hard\libm.a(lib_a-s_cos.o) (__ieee754_rem_pio2)
c:/st/stm32cubeide_1.7.0/stm32cubeide/plugins/com.st.stm32cube.ide.mcu.externaltools.gnu-tools-for-stm32.9-2020-q2-update.win32_2.0.0.202105311346/tools/bin/../lib/gcc/arm-none-eabi/9.3.1/../../../../arm-none-eabi/lib/thumb/v7e-m+fp/hard\libm.a(lib_a-k_cos.o)
                              c:/st/stm32cubeide_1.7.0/stm32cubeide/plugins/com.st.stm32cube.ide.mcu.externaltools.gnu-tools-for-stm32.9-2020-q2-update.win32_2.0.0.202105311346/tools/bin/../lib/gcc/arm-none-eabi/9.3.1/../../../../arm-none-eabi/lib/thumb/v7e-m+fp/hard\libm.a(lib_a-s_cos.o) (__kernel_cos)
c:/st/stm32cubeide_1.7.0/stm32cubeide/plugins/com.st.stm32cube.ide.mcu.externaltools.gnu-tools-for-stm32.9-2020-q2-update.win32_2.0.0.202105311346/tools/bin/../lib/gcc/arm-none-eabi/9.3.1/../../../../arm-none-eabi/lib/thumb/v7e-m+fp/hard\libm.a(lib_a-k_rem_pio2.o)
                              c:/st/stm32cubeide_1.7.0/stm32cubeide/plugins/com.st.stm32cube.ide.mcu.externaltools.gnu-tools-for-stm32.9-2020-q2-update.win32_2.0.0.202105311346/tools/bin/../lib/gcc/arm-none-eabi/9.3.1/../../../../arm-none-eabi/lib/thumb/v7e-m+fp/hard\libm.a(lib_a-e_rem_pio2.o) (__kernel_rem_pio2)
c:/st/stm32cubeide_1.7.0/stm32cubeide/plugins/com.st.stm32cube.ide.mcu.externaltools.gnu-tools-for-stm32.9-2020-q2-update.win32_2.0.0.202105311346/tools/bin/../lib/gcc/arm-none-eabi/9.3.1/../../../../arm-none-eabi/lib/thumb/v7e-m+fp/hard\libm.a(lib_a-k_sin.o)
[...]
Memory Configuration

Name             Origin             Length             Attributes
RAM              0x0000000020000000 0x0000000000020000 xrw
FLASH            0x0000000008000000 0x0000000000080000 xr
*default*        0x0000000000000000 0xffffffffffffffff

Linker script and memory map

LOAD c:/st/stm32cubeide_1.7.0/stm32cubeide/plugins/com.st.stm32cube.ide.mcu.externaltools.gnu-tools-for-stm32.9-2020-q2-update.win32_2.0.0.202105311346/tools/bin/../lib/gcc/arm-none-eabi/9.3.1/thumb/v7e-m+fp/hard/crti.o
LOAD c:/st/stm32cubeide_1.7.0/stm32cubeide/plugins/com.st.stm32cube.ide.mcu.externaltools.gnu-tools-for-stm32.9-2020-q2-update.win32_2.0.0.202105311346/tools/bin/../lib/gcc/arm-none-eabi/9.3.1/thumb/v7e-m+fp/hard/crtbegin.o
LOAD c:/st/stm32cubeide_1.7.0/stm32cubeide/plugins/com.st.stm32cube.ide.mcu.externaltools.gnu-tools-for-stm32.9-2020-q2-update.win32_2.0.0.202105311346/tools/bin/../lib/gcc/arm-none-eabi/9.3.1/../../../../arm-none-eabi/lib/thumb/v7e-m+fp/hard/crt0.o
LOAD ./Components/console/controller.o
LOAD ./Components/console/driver.o
LOAD ./Components/console/hal.o
LOAD ./Components/console/plot.o
LOAD ./Components/core/engine.o
LOAD ./Components/core/system.o
LOAD ./Components/core/task.o
LOAD ./Components/oscilloscope/dual.o
LOAD ./Components/oscilloscope/quad.o
LOAD ./Components/oscilloscope/single.o
LOAD ./Components/oscilloscope/triple.o
LOAD ./Components/test/example/example-sm.o
LOAD ./Components/test/example/example.o
LOAD ./Components/test/example/main.o
LOAD ./Core/Src/gpio.o
LOAD ./Core/Src/main.o
LOAD ./Core/Src/stm32f4xx_hal_msp.o
LOAD ./Core/Src/syscalls.o
LOAD ./Core/Src/sysmem.o
LOAD ./Core/Src/system_stm32f4xx.o
LOAD ./Core/Src/usart.o
LOAD ./Core/Startup/startup_stm32f411retx.o
LOAD ./Drivers/STM32F4xx_HAL_Driver/Src/stm32f4xx_hal.o
LOAD ./Drivers/STM32F4xx_HAL_Driver/Src/stm32f4xx_hal_cortex.o
LOAD ./Drivers/STM32F4xx_HAL_Driver/Src/stm32f4xx_hal_dma.o
LOAD ./Drivers/STM32F4xx_HAL_Driver/Src/stm32f4xx_hal_dma_ex.o
LOAD ./Drivers/STM32F4xx_HAL_Driver/Src/stm32f4xx_hal_exti.o
LOAD ./Drivers/STM32F4xx_HAL_Driver/Src/stm32f4xx_hal_flash.o
LOAD ./Drivers/STM32F4xx_HAL_Driver/Src/stm32f4xx_hal_flash_ex.o
LOAD ./Drivers/STM32F4xx_HAL_Driver/Src/stm32f4xx_hal_flash_ramfunc.o
LOAD ./Drivers/STM32F4xx_HAL_Driver/Src/stm32f4xx_hal_gpio.o
LOAD ./Drivers/STM32F4xx_HAL_Driver/Src/stm32f4xx_hal_pwr.o
LOAD ./Drivers/STM32F4xx_HAL_Driver/Src/stm32f4xx_hal_pwr_ex.o
LOAD ./Drivers/STM32F4xx_HAL_Driver/Src/stm32f4xx_hal_rcc.o
LOAD ./Drivers/STM32F4xx_HAL_Driver/Src/stm32f4xx_hal_rcc_ex.o
LOAD ./Drivers/STM32F4xx_HAL_Driver/Src/stm32f4xx_hal_tim.o
LOAD ./Drivers/STM32F4xx_HAL_Driver/Src/stm32f4xx_hal_tim_ex.o
LOAD ./Drivers/STM32F4xx_HAL_Driver/Src/stm32f4xx_ll_dma.o
LOAD ./Drivers/STM32F4xx_HAL_Driver/Src/stm32f4xx_ll_exti.o
LOAD ./Drivers/STM32F4xx_HAL_Driver/Src/stm32f4xx_ll_gpio.o
LOAD ./Drivers/STM32F4xx_HAL_Driver/Src/stm32f4xx_ll_rcc.o
LOAD ./Drivers/STM32F4xx_HAL_Driver/Src/stm32f4xx_ll_usart.o
LOAD ./Drivers/STM32F4xx_HAL_Driver/Src/stm32f4xx_ll_utils.o
START GROUP
LOAD c:/st/stm32cubeide_1.7.0/stm32cubeide/plugins/com.st.stm32cube.ide.mcu.externaltools.gnu-tools-for-stm32.9-2020-q2-update.win32_2.0.0.202105311346/tools/bin/../lib/gcc/arm-none-eabi/9.3.1/../../../../arm-none-eabi/lib/thumb/v7e-m+fp/hard\libstdc++_nano.a
LOAD c:/st/stm32cubeide_1.7.0/stm32cubeide/plugins/com.st.stm32cube.ide.mcu.externaltools.gnu-tools-for-stm32.9-2020-q2-update.win32_2.0.0.202105311346/tools/bin/../lib/gcc/arm-none-eabi/9.3.1/../../../../arm-none-eabi/lib/thumb/v7e-m+fp/hard\libsupc++_nano.a
END GROUP
LOAD c:/st/stm32cubeide_1.7.0/stm32cubeide/plugins/com.st.stm32cube.ide.mcu.externaltools.gnu-tools-for-stm32.9-2020-q2-update.win32_2.0.0.202105311346/tools/bin/../lib/gcc/arm-none-eabi/9.3.1/../../../../arm-none-eabi/lib/thumb/v7e-m+fp/hard\libstdc++_nano.a
LOAD c:/st/stm32cubeide_1.7.0/stm32cubeide/plugins/com.st.stm32cube.ide.mcu.externaltools.gnu-tools-for-stm32.9-2020-q2-update.win32_2.0.0.202105311346/tools/bin/../lib/gcc/arm-none-eabi/9.3.1/../../../../arm-none-eabi/lib/thumb/v7e-m+fp/hard\libm.a
LOAD c:/st/stm32cubeide_1.7.0/stm32cubeide/plugins/com.st.stm32cube.ide.mcu.externaltools.gnu-tools-for-stm32.9-2020-q2-update.win32_2.0.0.202105311346/tools/bin/../lib/gcc/arm-none-eabi/9.3.1/../../../../arm-none-eabi/lib/thumb/v7e-m+fp/hard\libc_nano.a
START GROUP
LOAD c:/st/stm32cubeide_1.7.0/stm32cubeide/plugins/com.st.stm32cube.ide.mcu.externaltools.gnu-tools-for-stm32.9-2020-q2-update.win32_2.0.0.202105311346/tools/bin/../lib/gcc/arm-none-eabi/9.3.1/thumb/v7e-m+fp/hard\libgcc.a
LOAD c:/st/stm32cubeide_1.7.0/stm32cubeide/plugins/com.st.stm32cube.ide.mcu.externaltools.gnu-tools-for-stm32.9-2020-q2-update.win32_2.0.0.202105311346/tools/bin/../lib/gcc/arm-none-eabi/9.3.1/../../../../arm-none-eabi/lib/thumb/v7e-m+fp/hard\libc_nano.a
END GROUP
START GROUP
LOAD c:/st/stm32cubeide_1.7.0/stm32cubeide/plugins/com.st.stm32cube.ide.mcu.externaltools.gnu-tools-for-stm32.9-2020-q2-update.win32_2.0.0.202105311346/tools/bin/../lib/gcc/arm-none-eabi/9.3.1/thumb/v7e-m+fp/hard\libgcc.a
LOAD c:/st/stm32cubeide_1.7.0/stm32cubeide/plugins/com.st.stm32cube.ide.mcu.externaltools.gnu-tools-for-stm32.9-2020-q2-update.win32_2.0.0.202105311346/tools/bin/../lib/gcc/arm-none-eabi/9.3.1/../../../../arm-none-eabi/lib/thumb/v7e-m+fp/hard\libc_nano.a
LOAD c:/st/stm32cubeide_1.7.0/stm32cubeide/plugins/com.st.stm32cube.ide.mcu.externaltools.gnu-tools-for-stm32.9-2020-q2-update.win32_2.0.0.202105311346/tools/bin/../lib/gcc/arm-none-eabi/9.3.1/../../../../arm-none-eabi/lib/thumb/v7e-m+fp/hard\libnosys.a
END GROUP
START GROUP
LOAD c:/st/stm32cubeide_1.7.0/stm32cubeide/plugins/com.st.stm32cube.ide.mcu.externaltools.gnu-tools-for-stm32.9-2020-q2-update.win32_2.0.0.202105311346/tools/bin/../lib/gcc/arm-none-eabi/9.3.1/thumb/v7e-m+fp/hard\libgcc.a
LOAD c:/st/stm32cubeide_1.7.0/stm32cubeide/plugins/com.st.stm32cube.ide.mcu.externaltools.gnu-tools-for-stm32.9-2020-q2-update.win32_2.0.0.202105311346/tools/bin/../lib/gcc/arm-none-eabi/9.3.1/../../../../arm-none-eabi/lib/thumb/v7e-m+fp/hard\libc_nano.a
LOAD c:/st/stm32cubeide_1.7.0/stm32cubeide/plugins/com.st.stm32cube.ide.mcu.externaltools.gnu-tools-for-stm32.9-2020-q2-update.win32_2.0.0.202105311346/tools/bin/../lib/gcc/arm-none-eabi/9.3.1/../../../../arm-none-eabi/lib/thumb/v7e-m+fp/hard\libnosys.a
END GROUP
LOAD c:/st/stm32cubeide_1.7.0/stm32cubeide/plugins/com.st.stm32cube.ide.mcu.externaltools.gnu-tools-for-stm32.9-2020-q2-update.win32_2.0.0.202105311346/tools/bin/../lib/gcc/arm-none-eabi/9.3.1/thumb/v7e-m+fp/hard/crtend.o
LOAD c:/st/stm32cubeide_1.7.0/stm32cubeide/plugins/com.st.stm32cube.ide.mcu.externaltools.gnu-tools-for-stm32.9-2020-q2-update.win32_2.0.0.202105311346/tools/bin/../lib/gcc/arm-none-eabi/9.3.1/thumb/v7e-m+fp/hard/crtn.o
                0x0000000020020000                _estack = (ORIGIN (RAM) + LENGTH (RAM))
                0x0000000000000200                _Min_Heap_Size = 0x200
                0x0000000000000400                _Min_Stack_Size = 0x400

.isr_vector     0x0000000008000000      0x198
                0x0000000008000000                . = ALIGN (0x4)
 *(.isr_vector)
 .isr_vector    0x0000000008000000      0x198 ./Core/Startup/startup_stm32f411retx.o
                0x0000000008000000                g_pfnVectors
                0x0000000008000198                . = ALIGN (0x4)

.text           0x00000000080001a0     0x86d4
                0x00000000080001a0                . = ALIGN (0x4)
 *(.text)
 .text          0x00000000080001a0       0x40 c:/st/stm32cubeide_1.7.0/stm32cubeide/plugins/com.st.stm32cube.ide.mcu.externaltools.gnu-tools-for-stm32.9-2020-q2-update.win32_2.0.0.202105311346/tools/bin/../lib/gcc/arm-none-eabi/9.3.1/thumb/v7e-m+fp/hard/crtbegin.o
 .text          0x00000000080001e0       0xa0 c:/st/stm32cubeide_1.7.0/stm32cubeide/plugins/com.st.stm32cube.ide.mcu.externaltools.gnu-tools-for-stm32.9-2020-q2-update.win32_2.0.0.202105311346/tools/bin/../lib/gcc/arm-none-eabi/9.3.1/../../../../arm-none-eabi/lib/thumb/v7e-m+fp/hard\libc_nano.a(lib_a-memchr.o)
                0x00000000080001e0                memchr
 .text          0x0000000008000280      0x378 c:/st/stm32cubeide_1.7.0/stm32cubeide/plugins/com.st.stm32cube.ide.mcu.externaltools.gnu-tools-for-stm32.9-2020-q2-update.win32_2.0.0.202105311346/tools/bin/../lib/gcc/arm-none-eabi/9.3.1/thumb/v7e-m+fp/hard\libgcc.a(_arm_addsubdf3.o)
                0x0000000008000280                __aeabi_drsub
                0x0000000008000288                __aeabi_dsub
                0x0000000008000288                __subdf3
                0x000000000800028c                __aeabi_dadd
                0x000000000800028c                __adddf3
                0x0000000008000504                __floatunsidf
                0x0000000008000504                __aeabi_ui2d
                0x0000000008000524                __floatsidf
                0x0000000008000524                __aeabi_i2d
                0x0000000008000548                __aeabi_f2d
                0x0000000008000548                __extendsfdf2
                0x000000000800058c                __floatundidf
                0x000000000800058c                __aeabi_ul2d
                0x000000000800059c                __floatdidf
                0x000000000800059c                __aeabi_l2d
 .text          0x00000000080005f8      0x424 c:/st/stm32cubeide_1.7.0/stm32cubeide/plugins/com.st.stm32cube.ide.mcu.externaltools.gnu-tools-for-stm32.9-2020-q2-update.win32_2.0.0.202105311346/tools/bin/../lib/gcc/arm-none-eabi/9.3.1/thumb/v7e-m+fp/hard\libgcc.a(_arm_muldivdf3.o)
                0x00000000080005f8                __aeabi_dmul
                0x00000000080005f8                __muldf3
                0x000000000800084c                __divdf3
                0x000000000800084c                __aeabi_ddiv
 .text          0x0000000008000a1c      0x110 c:/st/stm32cubeide_1.7.0/stm32cubeide/plugins/com.st.stm32cube.ide.mcu.externaltools.gnu-tools-for-stm32.9-2020-q2-update.win32_2.0.0.202105311346/tools/bin/../lib/gcc/arm-none-eabi/9.3.1/thumb/v7e-m+fp/hard\libgcc.a(_arm_cmpdf2.o)
                0x0000000008000a1c                __gtdf2
                0x0000000008000a1c                __gedf2
                0x0000000008000a24                __ltdf2
                0x0000000008000a24                __ledf2
                0x0000000008000a2c                __nedf2
                0x0000000008000a2c                __eqdf2
                0x0000000008000a2c                __cmpdf2
                0x0000000008000aa8                __aeabi_cdrcmple
                0x0000000008000ab8                __aeabi_cdcmpeq
                0x0000000008000ab8                __aeabi_cdcmple
                0x0000000008000ac8                __aeabi_dcmpeq
                0x0000000008000adc                __aeabi_dcmplt
                0x0000000008000af0                __aeabi_dcmple
                0x0000000008000b04                __aeabi_dcmpge
                0x0000000008000b18                __aeabi_dcmpgt
 .text          0x0000000008000b2c       0x50 c:/st/stm32cubeide_1.7.0/stm32cubeide/plugins/com.st.stm32cube.ide.mcu.externaltools.gnu-tools-for-stm32.9-2020-q2-update.win32_2.0.0.202105311346/tools/bin/../lib/gcc/arm-none-eabi/9.3.1/thumb/v7e-m+fp/hard\libgcc.a(_arm_fixdfsi.o)
                0x0000000008000b2c                __aeabi_d2iz
                0x0000000008000b2c                __fixdfsi
 .text          0x0000000008000b7c       0x30 c:/st/stm32cubeide_1.7.0/stm32cubeide/plugins/com.st.stm32cube.ide.mcu.externaltools.gnu-tools-for-stm32.9-2020-q2-update.win32_2.0.0.202105311346/tools/bin/../lib/gcc/arm-none-eabi/9.3.1/thumb/v7e-m+fp/hard\libgcc.a(_aeabi_uldivmod.o)
                0x0000000008000b7c                __aeabi_uldivmod
 .text          0x0000000008000bac      0x2c4 c:/st/stm32cubeide_1.7.0/stm32cubeide/plugins/com.st.stm32cube.ide.mcu.externaltools.gnu-tools-for-stm32.9-2020-q2-update.win32_2.0.0.202105311346/tools/bin/../lib/gcc/arm-none-eabi/9.3.1/thumb/v7e-m+fp/hard\libgcc.a(_udivmoddi4.o)
                0x0000000008000bac                __udivmoddi4
 .text          0x0000000008000e70        0x4 c:/st/stm32cubeide_1.7.0/stm32cubeide/plugins/com.st.stm32cube.ide.mcu.externaltools.gnu-tools-for-stm32.9-2020-q2-update.win32_2.0.0.202105311346/tools/bin/../lib/gcc/arm-none-eabi/9.3.1/thumb/v7e-m+fp/hard\libgcc.a(_dvmd_tls.o)
                0x0000000008000e70                __aeabi_idiv0
                0x0000000008000e70                __aeabi_ldiv0
 *(.text*)
 .text._ZN4core5QueueC2EPht
                0x0000000008000e74       0x44 ./Components/console/controller.o
                0x0000000008000e74                core::Queue::Queue(unsigned char*, unsigned short)
                0x0000000008000e74                core::Queue::Queue(unsigned char*, unsigned short)
 .text._ZN4core5Queue9availableEv
                0x0000000008000eb8       0x40 ./Components/console/controller.o
                0x0000000008000eb8                core::Queue::available()
 .text._ZN4core9Component4initEv
                0x0000000008000ef8       0x14 ./Components/console/controller.o
                0x0000000008000ef8                core::Component::init()
 .text._ZN4core9ComponentD2Ev
                0x0000000008000f0c       0x20 ./Components/console/controller.o
                0x0000000008000f0c                core::Component::~Component()
                0x0000000008000f0c                core::Component::~Component()
 .text._ZN4core9ComponentD0Ev
                0x0000000008000f2c       0x20 ./Components/console/controller.o
                0x0000000008000f2c                core::Component::~Component()
 .text._ZN4core5EventD2Ev
                0x0000000008000f4c       0x20 ./Components/console/controller.o
                0x0000000008000f4c                core::Event::~Event()
                0x0000000008000f4c                core::Event::~Event()
 .text._ZN4core5EventD0Ev
                0x0000000008000f6c       0x20 ./Components/console/controller.o
                0x0000000008000f6c                core::Event::~Event()
 .text._ZN4core5Event7executeEv
                0x0000000008000f8c       0x14 ./Components/console/controller.o
                0x0000000008000f8c                core::Event::execute()
 .text._ZN7console10ControllerD2Ev
                0x0000000008000fa0       0x24 ./Components/console/controller.o
                0x0000000008000fa0                console::Controller::~Controller()
                0x0000000008000fa0                console::Controller::~Controller()
 .text._ZN7console10ControllerD0Ev
                0x0000000008000fc4       0x20 ./Components/console/controller.o
                0x0000000008000fc4                console::Controller::~Controller()
 .text._ZN4core9ComponentC2Ev
                0x0000000008000fe4       0x20 ./Components/console/controller.o
                0x0000000008000fe4                core::Component::Component()
                0x0000000008000fe4                core::Component::Component()
 .text._ZN4core10EmptyEventC2EPNS_9ComponentEMS1_FvvE
                0x0000000008001004       0x40 ./Components/console/controller.o
                0x0000000008001004                core::EmptyEvent::EmptyEvent(core::Component*, void (core::Component::*)())
                0x0000000008001004                core::EmptyEvent::EmptyEvent(core::Component*, void (core::Component::*)())
 .text._ZN4core10EmptyEvent7executeEv
                0x0000000008001044       0x48 ./Components/console/controller.o
                0x0000000008001044                core::EmptyEvent::execute()
 .text._ZN4core7Machine9NullStateEv
                0x000000000800108c       0x14 ./Components/console/controller.o
                0x000000000800108c                core::Machine::NullState()
 .text._ZN4core7Machine6check_EhMS0_FvvE
                0x00000000080010a0       0x22 ./Components/console/controller.o
                0x00000000080010a0                core::Machine::check_(unsigned char, void (core::Machine::*)())
 .text._ZN4core7Machine6start_EMS0_FvvE
                0x00000000080010c2       0x28 ./Components/console/controller.o
                0x00000000080010c2                core::Machine::start_(void (core::Machine::*)())
 *fill*         0x00000000080010ea        0x2 
 .text.__tcf_3  0x00000000080010ec       0x10 ./Components/console/controller.o
 .text._ZN7console6Driver8instanceEv
                0x00000000080010fc       0x5c ./Components/console/controller.o
                0x00000000080010fc                console::Driver::instance()
 .text._ZN4core7MachineD2Ev
                0x0000000008001158       0x24 ./Components/console/controller.o
                0x0000000008001158                core::Machine::~Machine()
                0x0000000008001158                core::Machine::~Machine()
 .text._ZN4core7MachineD0Ev
                0x000000000800117c       0x20 ./Components/console/controller.o
                0x000000000800117c                core::Machine::~Machine()
 .text._ZN4core11ByteMachineIhED2Ev
                0x000000000800119c       0x30 ./Components/console/controller.o
                0x000000000800119c                core::ByteMachine<unsigned char>::~ByteMachine()
                0x000000000800119c                core::ByteMachine<unsigned char>::~ByteMachine()
 .text._ZN4core11ByteMachineIhED0Ev
                0x00000000080011cc       0x20 ./Components/console/controller.o
                0x00000000080011cc                core::ByteMachine<unsigned char>::~ByteMachine()
 .text._ZN7console6DriverD2Ev
                0x00000000080011ec       0x30 ./Components/console/controller.o
                0x00000000080011ec                console::Driver::~Driver()
                0x00000000080011ec                console::Driver::~Driver()
 .text._ZN7console6DriverD0Ev
                0x000000000800121c       0x22 ./Components/console/controller.o
                0x000000000800121c                console::Driver::~Driver()
 *fill*         0x000000000800123e        0x2 
 .text._ZN4core7MachineC2Ev
                0x0000000008001240       0x40 ./Components/console/controller.o
                0x0000000008001240                core::Machine::Machine()
                0x0000000008001240                core::Machine::Machine()
 .text._ZN4core11ByteMachineIhEC2Ev
                0x0000000008001280       0x48 ./Components/console/controller.o
                0x0000000008001280                core::ByteMachine<unsigned char>::ByteMachine()
                0x0000000008001280                core::ByteMachine<unsigned char>::ByteMachine()
 .text._ZN7console6DriverC2Ev
                0x00000000080012c8       0x60 ./Components/console/controller.o
                0x00000000080012c8                console::Driver::Driver()
                0x00000000080012c8                console::Driver::Driver()
 .text._ZN7console6Driver15checkBeforeSendEh
                0x0000000008001328       0x32 ./Components/console/controller.o
                0x0000000008001328                console::Driver::checkBeforeSend(unsigned char)
 .text._ZN7console10Controller4initEv
                0x000000000800135a       0x2e ./Components/console/controller.o
                0x000000000800135a                console::Controller::init()
 .text._ZN7console10Controller7sendOSCEhhtPKh
                0x0000000008001388       0xc6 ./Components/console/controller.o
                0x0000000008001388                console::Controller::sendOSC(unsigned char, unsigned char, unsigned short, unsigned char const*)
 .text._ZN7console10Controller6printfEPKcz
                0x000000000800144e       0x54 ./Components/console/controller.o
                0x000000000800144e                console::Controller::printf(char const*, ...)
 .text._ZN7console10Controller15registerCommandEtPFvthPhE
                0x00000000080014a2       0x48 ./Components/console/controller.o
                0x00000000080014a2                console::Controller::registerCommand(unsigned short, void (*)(unsigned short, unsigned char, unsigned char*))
 .text._ZN7console10Controller14updateIntFieldEtl
                0x00000000080014ea       0x54 ./Components/console/controller.o
                0x00000000080014ea                console::Controller::updateIntField(unsigned short, long)
 .text._ZN7console10Controller14processCommandEthPh
                0x000000000800153e       0x48 ./Components/console/controller.o
                0x000000000800153e                console::Controller::processCommand(unsigned short, unsigned char, unsigned char*)
 .text._ZN7console10Controller15updateTextFieldEthPh
                0x0000000008001586       0xc0 ./Components/console/controller.o
                0x0000000008001586                console::Controller::updateTextField(unsigned short, unsigned char, unsigned char*)
 *fill*         0x0000000008001646        0x2 
 .text._ZN4core10FixedEventIhEC2EPNS_9ComponentEMS2_FvRKhEh
                0x0000000008001648       0x60 ./Components/console/controller.o
                0x0000000008001648                core::FixedEvent<unsigned char>::FixedEvent(core::Component*, void (core::Component::*)(unsigned char const&), unsigned char)
                0x0000000008001648                core::FixedEvent<unsigned char>::FixedEvent(core::Component*, void (core::Component::*)(unsigned char const&), unsigned char)
 .text._ZN4core11ByteMachineIhE8execute_ERKh
                0x00000000080016a8       0x88 ./Components/console/controller.o
                0x00000000080016a8                core::ByteMachine<unsigned char>::execute_(unsigned char const&)
 .text._ZN7MemPoolIhEC2Em
                0x0000000008001730       0x7a ./Components/console/controller.o
                0x0000000008001730                MemPool<unsigned char>::MemPool(unsigned long)
                0x0000000008001730                MemPool<unsigned char>::MemPool(unsigned long)
 *fill*         0x00000000080017aa        0x2 
 .text._ZN4core10FixedEventIhED2Ev
                0x00000000080017ac       0x24 ./Components/console/controller.o
                0x00000000080017ac                core::FixedEvent<unsigned char>::~FixedEvent()
                0x00000000080017ac                core::FixedEvent<unsigned char>::~FixedEvent()
 .text._ZN4core10FixedEventIhED0Ev
                0x00000000080017d0       0x20 ./Components/console/controller.o
                0x00000000080017d0                core::FixedEvent<unsigned char>::~FixedEvent()
 .text._ZN4core10EmptyEventD2Ev
                0x00000000080017f0       0x24 ./Components/console/controller.o
                0x00000000080017f0                core::EmptyEvent::~EmptyEvent()
                0x00000000080017f0                core::EmptyEvent::~EmptyEvent()
 .text._ZN4core10EmptyEventD0Ev
                0x0000000008001814       0x20 ./Components/console/controller.o
                0x0000000008001814                core::EmptyEvent::~EmptyEvent()
 .text._ZN4core11ByteMachineIhE6start_EMNS_7MachineEFvvE
                0x0000000008001834       0x28 ./Components/console/controller.o
                0x0000000008001834                core::ByteMachine<unsigned char>::start_(void (core::Machine::*)())
 .text._ZN4core10FixedEventIhE7executeEv
                0x000000000800185c       0x5c ./Components/console/controller.o
                0x000000000800185c                core::FixedEvent<unsigned char>::execute()
 .text._ZN7MemPoolIhE4FreeEPv
                0x00000000080018b8       0x6a ./Components/console/controller.o
                0x00000000080018b8                MemPool<unsigned char>::Free(void*)
 .text._ZN4core5Queue5emptyEv
                0x0000000008001922       0x26 ./Components/console/driver.o
                0x0000000008001922                core::Queue::empty()
 .text._ZN4core5Queue4pushEh
                0x0000000008001948       0x48 ./Components/console/driver.o
                0x0000000008001948                core::Queue::push(unsigned char)
 .text._ZN4core5Queue3popEv
                0x0000000008001990       0x4c ./Components/console/driver.o
                0x0000000008001990                core::Queue::pop()
 .text._ZN4core10EventQueueD2Ev
                0x00000000080019dc       0x20 ./Components/console/driver.o
                0x00000000080019dc                core::EventQueue::~EventQueue()
                0x00000000080019dc                core::EventQueue::~EventQueue()
 .text._ZN4core10EventQueueD0Ev
                0x00000000080019fc       0x22 ./Components/console/driver.o
                0x00000000080019fc                core::EventQueue::~EventQueue()
 .text._ZN4core10EventQueue4postENS_9ContainerE
                0x0000000008001a1e       0x6a ./Components/console/driver.o
                0x0000000008001a1e                core::EventQueue::post(core::Container)
 .text._ZN4core10EventQueue5push_ENS_9ContainerE
                0x0000000008001a88       0x58 ./Components/console/driver.o
                0x0000000008001a88                core::EventQueue::push_(core::Container)
 .text._ZN4core6EngineD2Ev
                0x0000000008001ae0       0x30 ./Components/console/driver.o
                0x0000000008001ae0                core::Engine::~Engine()
                0x0000000008001ae0                core::Engine::~Engine()
 .text._ZN4core6EngineD0Ev
                0x0000000008001b10       0x22 ./Components/console/driver.o
                0x0000000008001b10                core::Engine::~Engine()
 .text._ZN4core6Engine6eventsEv
                0x0000000008001b32       0x18 ./Components/console/driver.o
                0x0000000008001b32                core::Engine::events()
 *fill*         0x0000000008001b4a        0x2 
 .text.__tcf_0  0x0000000008001b4c       0x10 ./Components/console/driver.o
 .text._ZN4core6Engine8instanceEv
                0x0000000008001b5c       0x5c ./Components/console/driver.o
                0x0000000008001b5c                core::Engine::instance()
 .text.__tcf_1  0x0000000008001bb8       0x10 ./Components/console/driver.o
 .text._ZN7console10Controller8instanceEv
                0x0000000008001bc8       0x5c ./Components/console/driver.o
                0x0000000008001bc8                console::Controller::instance()
 .text._ZN7console10ControllerC2Ev
                0x0000000008001c24       0x58 ./Components/console/driver.o
                0x0000000008001c24                console::Controller::Controller()
                0x0000000008001c24                console::Controller::Controller()
 .text._ZN4core10EmptyEvent4postEv
                0x0000000008001c7c       0x2a ./Components/console/driver.o
                0x0000000008001c7c                core::EmptyEvent::post()
 *fill*         0x0000000008001ca6        0x2 
 .text._ZN7console6Driver4initEv
                0x0000000008001ca8       0x34 ./Components/console/driver.o
                0x0000000008001ca8                console::Driver::init()
 .text._ZN7console6Driver13ReceiveHeaderEv
                0x0000000008001cdc       0x2c ./Components/console/driver.o
                0x0000000008001cdc                console::Driver::ReceiveHeader()
 .text._ZN7console6Driver13ReceiveLengthEv
                0x0000000008001d08       0x6c ./Components/console/driver.o
                0x0000000008001d08                console::Driver::ReceiveLength()
 .text._ZN7console6Driver11ReceiveTypeEv
                0x0000000008001d74       0xa0 ./Components/console/driver.o
                0x0000000008001d74                console::Driver::ReceiveType()
 .text._ZN7console6Driver11ReceiveDataEv
                0x0000000008001e14       0x68 ./Components/console/driver.o
                0x0000000008001e14                console::Driver::ReceiveData()
 .text._ZN7console6Driver15ReceiveChecksumEv
                0x0000000008001e7c       0x44 ./Components/console/driver.o
                0x0000000008001e7c                console::Driver::ReceiveChecksum()
 .text._ZN7console6Driver13ReceiveFooterEv
                0x0000000008001ec0       0x44 ./Components/console/driver.o
                0x0000000008001ec0                console::Driver::ReceiveFooter()
 .text._ZN7console6Driver10sendPacketEthPKh
                0x0000000008001f04      0x126 ./Components/console/driver.o
                0x0000000008001f04                console::Driver::sendPacket(unsigned short, unsigned char, unsigned char const*)
 .text._ZN7console6Driver12sendHandler_Ev
                0x000000000800202a       0x52 ./Components/console/driver.o
                0x000000000800202a                console::Driver::sendHandler_()
 .text.LL_USART_IsActiveFlag_RXNE
                0x000000000800207c       0x26 ./Components/console/hal.o
 .text.LL_USART_IsActiveFlag_TC
                0x00000000080020a2       0x26 ./Components/console/hal.o
 .text.LL_USART_IsActiveFlag_TXE
                0x00000000080020c8       0x26 ./Components/console/hal.o
 .text.LL_USART_ClearFlag_TC
                0x00000000080020ee       0x1c ./Components/console/hal.o
 .text.LL_USART_EnableIT_RXNE
                0x000000000800210a       0x50 ./Components/console/hal.o
 .text.LL_USART_EnableIT_ERROR
                0x000000000800215a       0x50 ./Components/console/hal.o
 .text.LL_USART_DisableIT_TC
                0x00000000080021aa       0x50 ./Components/console/hal.o
 .text.LL_USART_DisableIT_TXE
                0x00000000080021fa       0x50 ./Components/console/hal.o
 .text.LL_USART_IsEnabledIT_RXNE
                0x000000000800224a       0x26 ./Components/console/hal.o
 .text.LL_USART_ReceiveData8
                0x0000000008002270       0x1a ./Components/console/hal.o
 .text.LL_USART_TransmitData8
                0x000000000800228a       0x1e ./Components/console/hal.o
 .text._ZN7console3HAL4initEv
                0x00000000080022a8       0x28 ./Components/console/hal.o
                0x00000000080022a8                console::HAL::init()
 .text._ZN7console3HAL7txReadyEv
                0x00000000080022d0       0x20 ./Components/console/hal.o
                0x00000000080022d0                console::HAL::txReady()
 .text._ZN7console3HAL5writeEh
                0x00000000080022f0       0x20 ./Components/console/hal.o
                0x00000000080022f0                console::HAL::write(unsigned char)
 .text.USART2_IRQHandler
                0x0000000008002310       0x94 ./Components/console/hal.o
                0x0000000008002310                USART2_IRQHandler
 .text._ZN4core10FixedEventIhE4postERKh
                0x00000000080023a4       0x5c ./Components/console/hal.o
                0x00000000080023a4                core::FixedEvent<unsigned char>::post(unsigned char const&)
 .text._ZN4core11ByteMachineIhE4postEh
                0x0000000008002400       0x24 ./Components/console/hal.o
                0x0000000008002400                core::ByteMachine<unsigned char>::post(unsigned char)
 .text._ZN7MemPoolIhE5AllocEv
                0x0000000008002424       0x48 ./Components/console/hal.o
                0x0000000008002424                MemPool<unsigned char>::Alloc()
 .text._ZN7console10Controller4plotEhl
                0x000000000800246c       0x4c ./Components/console/plot.o
                0x000000000800246c                console::Controller::plot(unsigned char, long)
 .text._ZN7console10Controller12plotHandler_Ev
                0x00000000080024b8      0x19a ./Components/console/plot.o
                0x00000000080024b8                console::Controller::plotHandler_()
 *fill*         0x0000000008002652        0x2 
 .text._ZN4core5EventC2Eh
                0x0000000008002654       0x30 ./Components/core/engine.o
                0x0000000008002654                core::Event::Event(unsigned char)
                0x0000000008002654                core::Event::Event(unsigned char)
 .text._ZN4core10EventQueueC2Ev
                0x0000000008002684       0x5c ./Components/core/engine.o
                0x0000000008002684                core::EventQueue::EventQueue()
                0x0000000008002684                core::EventQueue::EventQueue()
 .text._ZN4core10EventQueue4nextEv
                0x00000000080026e0       0x60 ./Components/core/engine.o
                0x00000000080026e0                core::EventQueue::next()
 .text._ZN4core10EventQueue4pop_Ev
                0x0000000008002740       0x54 ./Components/core/engine.o
                0x0000000008002740                core::EventQueue::pop_()
 .text._ZN4core10EventQueue14registerEvent_EPNS_5EventE
                0x0000000008002794       0x46 ./Components/core/engine.o
                0x0000000008002794                core::EventQueue::registerEvent_(core::Event*)
 *fill*         0x00000000080027da        0x2 
 .text._ZN4core5EventC2Ev
                0x00000000080027dc       0x40 ./Components/core/engine.o
                0x00000000080027dc                core::Event::Event()
                0x00000000080027dc                core::Event::Event()
 .text._ZN4core6EngineC2Ev
                0x000000000800281c       0x78 ./Components/core/engine.o
                0x000000000800281c                core::Engine::Engine()
                0x000000000800281c                core::Engine::Engine()
 .text._ZN4core6Engine3runEv
                0x0000000008002894       0x20 ./Components/core/engine.o
                0x0000000008002894                core::Engine::run()
 .text._ZN4core6Engine13registerTask_EPNS_4TaskE
                0x00000000080028b4       0x28 ./Components/core/engine.o
                0x00000000080028b4                core::Engine::registerTask_(core::Task*)
 .text._ZN4core6Engine10startTask_EPNS_4TaskE
                0x00000000080028dc       0x92 ./Components/core/engine.o
                0x00000000080028dc                core::Engine::startTask_(core::Task*)
 .text._ZN4core6Engine9stopTask_EPNS_4TaskE
                0x000000000800296e       0x6c ./Components/core/engine.o
                0x000000000800296e                core::Engine::stopTask_(core::Task*)
 .text._ZN4core6Engine7executeEv
                0x00000000080029da       0x88 ./Components/core/engine.o
                0x00000000080029da                core::Engine::execute()
 *fill*         0x0000000008002a62        0x2 
 .text.LL_SYSTICK_EnableIT
                0x0000000008002a64       0x20 ./Components/core/system.o
 .text._ZN4core6Engine4tickEv
                0x0000000008002a84       0x58 ./Components/core/system.o
                0x0000000008002a84                core::Engine::tick()
 .text.SysTick_Handler
                0x0000000008002adc       0x14 ./Components/core/system.o
                0x0000000008002adc                SysTick_Handler
 .text._Z10systemInitv
                0x0000000008002af0       0x18 ./Components/core/system.o
                0x0000000008002af0                systemInit()
 .text._ZN4core4TaskC2EPNS_9ComponentEMS1_FvvE
                0x0000000008002b08       0x48 ./Components/core/task.o
                0x0000000008002b08                core::Task::Task(core::Component*, void (core::Component::*)())
                0x0000000008002b08                core::Task::Task(core::Component*, void (core::Component::*)())
 .text._ZN4core4Task5startEml
                0x0000000008002b50       0x4c ./Components/core/task.o
                0x0000000008002b50                core::Task::start(unsigned long, long)
 .text._ZN4core4Task4run_Ev
                0x0000000008002b9c       0xae ./Components/core/task.o
                0x0000000008002b9c                core::Task::run_()
 .text._ZN3osc4Data5resetEt
                0x0000000008002c4a       0x42 ./Components/oscilloscope/dual.o
                0x0000000008002c4a                osc::Data::reset(unsigned short)
 .text._ZN3osc4Data3addEt
                0x0000000008002c8c       0xe2 ./Components/oscilloscope/dual.o
                0x0000000008002c8c                osc::Data::add(unsigned short)
 .text._ZN3osc4Data5flushEv
                0x0000000008002d6e       0xb2 ./Components/oscilloscope/dual.o
                0x0000000008002d6e                osc::Data::flush()
 .text._ZN3osc4Data12prepareFlushEv
                0x0000000008002e20       0x24 ./Components/oscilloscope/dual.o
                0x0000000008002e20                osc::Data::prepareFlush()
 .text._ZN3osc4Quad5idle_Etttt
                0x0000000008002e44       0x26 ./Components/oscilloscope/quad.o
                0x0000000008002e44                osc::Quad::idle_(unsigned short, unsigned short, unsigned short, unsigned short)
 *fill*         0x0000000008002e6a        0x2 
 .text._ZN3osc4QuadC2Ehttt
                0x0000000008002e6c      0x10c ./Components/oscilloscope/quad.o
                0x0000000008002e6c                osc::Quad::Quad(unsigned char, unsigned short, unsigned short, unsigned short)
                0x0000000008002e6c                osc::Quad::Quad(unsigned char, unsigned short, unsigned short, unsigned short)
 .text._ZN3osc4Quad13thresholding_Etttt
                0x0000000008002f78       0xe4 ./Components/oscilloscope/quad.o
                0x0000000008002f78                osc::Quad::thresholding_(unsigned short, unsigned short, unsigned short, unsigned short)
 .text._ZN3osc4Quad8probing_Etttt
                0x000000000800305c       0xa8 ./Components/oscilloscope/quad.o
                0x000000000800305c                osc::Quad::probing_(unsigned short, unsigned short, unsigned short, unsigned short)
 .text._ZN3osc4Quad6first_Etttt
                0x0000000008003104       0x7c ./Components/oscilloscope/quad.o
                0x0000000008003104                osc::Quad::first_(unsigned short, unsigned short, unsigned short, unsigned short)
 .text._ZN3osc4Quad7adding_Etttt
                0x0000000008003180      0x114 ./Components/oscilloscope/quad.o
                0x0000000008003180                osc::Quad::adding_(unsigned short, unsigned short, unsigned short, unsigned short)
 .text._ZN3osc4Quad8c1Flush_Ev
                0x0000000008003294       0x3e ./Components/oscilloscope/quad.o
                0x0000000008003294                osc::Quad::c1Flush_()
 .text._ZN3osc4Quad8c2Flush_Ev
                0x00000000080032d2       0x40 ./Components/oscilloscope/quad.o
                0x00000000080032d2                osc::Quad::c2Flush_()
 .text._ZN3osc4Quad8c3Flush_Ev
                0x0000000008003312       0x40 ./Components/oscilloscope/quad.o
                0x0000000008003312                osc::Quad::c3Flush_()
 *fill*         0x0000000008003352        0x2 
 .text._ZN3osc4Quad8c4Flush_Ev
                0x0000000008003354       0x44 ./Components/oscilloscope/quad.o
                0x0000000008003354                osc::Quad::c4Flush_()
 .text._ZN3osc4QuadD2Ev
                0x0000000008003398       0x5c ./Components/oscilloscope/quad.o
                0x0000000008003398                osc::Quad::~Quad()
                0x0000000008003398                osc::Quad::~Quad()
 .text._ZN3osc4QuadD0Ev
                0x00000000080033f4       0x22 ./Components/oscilloscope/quad.o
                0x00000000080033f4                osc::Quad::~Quad()
 *fill*         0x0000000008003416        0x2 
 .text._ZN2ex4Test7StartUpEv
                0x0000000008003418       0x30 ./Components/test/example/example-sm.o
                0x0000000008003418                ex::Test::StartUp()
 .text._ZN2ex4Test7RunningEv
                0x0000000008003448       0x30 ./Components/test/example/example-sm.o
                0x0000000008003448                ex::Test::Running()
 .text._ZN2ex4Test5PauseEv
                0x0000000008003478       0x30 ./Components/test/example/example-sm.o
                0x0000000008003478                ex::Test::Pause()
 .text.LL_GPIO_TogglePin
                0x00000000080034a8       0x32 ./Components/test/example/example.o
 .text._ZN4core13SimpleMachine9postEventEh
                0x00000000080034da       0x22 ./Components/test/example/example.o
                0x00000000080034da                core::SimpleMachine::postEvent(unsigned char)
 .text._ZN4core13SimpleMachine6check_EhMNS_7MachineEFvvE
                0x00000000080034fc       0x3e ./Components/test/example/example.o
                0x00000000080034fc                core::SimpleMachine::check_(unsigned char, void (core::Machine::*)())
 .text._ZN4core13SimpleMachine6start_EMNS_7MachineEFvvE
                0x000000000800353a       0x5e ./Components/test/example/example.o
                0x000000000800353a                core::SimpleMachine::start_(void (core::Machine::*)())
 .text._ZN4core14EmptySignalOne7connectEPNS_10EmptyEventE
                0x0000000008003598       0x1c ./Components/test/example/example.o
                0x0000000008003598                core::EmptySignalOne::connect(core::EmptyEvent*)
 .text._ZN4core14EmptySignalOne4emitEv
                0x00000000080035b4       0x28 ./Components/test/example/example.o
                0x00000000080035b4                core::EmptySignalOne::emit()
 .text._ZN3osc4Quad4plotEtttt
                0x00000000080035dc       0x82 ./Components/test/example/example.o
                0x00000000080035dc                osc::Quad::plot(unsigned short, unsigned short, unsigned short, unsigned short)
 *fill*         0x000000000800365e        0x2 
 .text._ZN4core13SimpleMachineD2Ev
                0x0000000008003660       0x30 ./Components/test/example/example.o
                0x0000000008003660                core::SimpleMachine::~SimpleMachine()
                0x0000000008003660                core::SimpleMachine::~SimpleMachine()
 .text._ZN4core13SimpleMachineD0Ev
                0x0000000008003690       0x20 ./Components/test/example/example.o
                0x0000000008003690                core::SimpleMachine::~SimpleMachine()
 .text._ZN2ex4TestD2Ev
                0x00000000080036b0       0x5c ./Components/test/example/example.o
                0x00000000080036b0                ex::Test::~Test()
                0x00000000080036b0                ex::Test::~Test()
 .text._ZN2ex4TestD0Ev
                0x000000000800370c       0x22 ./Components/test/example/example.o
                0x000000000800370c                ex::Test::~Test()
 .text._ZN2ex4Test8quadPlotEtttt
                0x000000000800372e       0x38 ./Components/test/example/example.o
                0x000000000800372e                ex::Test::quadPlot(unsigned short, unsigned short, unsigned short, unsigned short)
 *fill*         0x0000000008003766        0x2 
 .text._ZN2ex4Test4initEv
                0x0000000008003768      0x158 ./Components/test/example/example.o
                0x0000000008003768                ex::Test::init()
 .text._ZN2ex4Test12plotHandler_Ev
                0x00000000080038c0       0xb4 ./Components/test/example/example.o
                0x00000000080038c0                ex::Test::plotHandler_()
 .text._ZN2ex4Test20oscilloscopeHandler_Ev
                0x0000000008003974      0x120 ./Components/test/example/example.o
                0x0000000008003974                ex::Test::oscilloscopeHandler_()
 .text._ZN2ex4Test15timeoutHandler_Ev
                0x0000000008003a94       0x80 ./Components/test/example/example.o
                0x0000000008003a94                ex::Test::timeoutHandler_()
 .text._ZN2ex4Test18emptyEventHandler_Ev
                0x0000000008003b14       0x14 ./Components/test/example/example.o
                0x0000000008003b14                ex::Test::emptyEventHandler_()
 .text._ZN2ex4Test18fixedEventHandler_ERKm
                0x0000000008003b28       0x16 ./Components/test/example/example.o
                0x0000000008003b28                ex::Test::fixedEventHandler_(unsigned long const&)
 .text._ZN2ex4Test27emptySignalReceivedHandler_Ev
                0x0000000008003b3e       0x32 ./Components/test/example/example.o
                0x0000000008003b3e                ex::Test::emptySignalReceivedHandler_()
 .text._ZN2ex4Test27fixedSignalReceivedHandler_ERKt
                0x0000000008003b70       0x22 ./Components/test/example/example.o
                0x0000000008003b70                ex::Test::fixedSignalReceivedHandler_(unsigned short const&)
 *fill*         0x0000000008003b92        0x2 
 .text._ZN2ex4Test20startCommandHandler_Ev
                0x0000000008003b94       0x30 ./Components/test/example/example.o
                0x0000000008003b94                ex::Test::startCommandHandler_()
 .text._ZN2ex4Test19stopCommandHandler_Ev
                0x0000000008003bc4       0x24 ./Components/test/example/example.o
                0x0000000008003bc4                ex::Test::stopCommandHandler_()
 .text._ZN2ex4Test22integerCommandHandler_El
                0x0000000008003be8       0x28 ./Components/test/example/example.o
                0x0000000008003be8                ex::Test::integerCommandHandler_(long)
 .text._ZN2ex4Test19nameCommandHandler_EhPh
                0x0000000008003c10       0x6c ./Components/test/example/example.o
                0x0000000008003c10                ex::Test::nameCommandHandler_(unsigned char, unsigned char*)
 .text._ZN4core9SignalOneINS_10FixedEventItEEtE7connectEPS2_
                0x0000000008003c7c       0x1c ./Components/test/example/example.o
                0x0000000008003c7c                core::SignalOne<core::FixedEvent<unsigned short>, unsigned short>::connect(core::FixedEvent<unsigned short>*)
 .text._ZN4core9SignalOneINS_10FixedEventItEEtE4emitERt
                0x0000000008003c98       0x2c ./Components/test/example/example.o
                0x0000000008003c98                core::SignalOne<core::FixedEvent<unsigned short>, unsigned short>::emit(unsigned short&)
 .text._ZN4core10FixedEventImE4postERKm
                0x0000000008003cc4       0x5c ./Components/test/example/example.o
                0x0000000008003cc4                core::FixedEvent<unsigned long>::post(unsigned long const&)
 .text._ZN4core10FixedEventItE4postERKt
                0x0000000008003d20       0x5e ./Components/test/example/example.o
                0x0000000008003d20                core::FixedEvent<unsigned short>::post(unsigned short const&)
 .text._ZN7MemPoolImE5AllocEv
                0x0000000008003d7e       0x48 ./Components/test/example/example.o
                0x0000000008003d7e                MemPool<unsigned long>::Alloc()
 .text._ZN7MemPoolItE5AllocEv
                0x0000000008003dc6       0x48 ./Components/test/example/example.o
                0x0000000008003dc6                MemPool<unsigned short>::Alloc()
 *fill*         0x0000000008003e0e        0x2 
 .text._ZN4core10FixedEventItED2Ev
                0x0000000008003e10       0x24 ./Components/test/example/example.o
                0x0000000008003e10                core::FixedEvent<unsigned short>::~FixedEvent()
                0x0000000008003e10                core::FixedEvent<unsigned short>::~FixedEvent()
 .text._ZN4core10FixedEventItED0Ev
                0x0000000008003e34       0x20 ./Components/test/example/example.o
                0x0000000008003e34                core::FixedEvent<unsigned short>::~FixedEvent()
 .text._ZN4core10FixedEventImED2Ev
                0x0000000008003e54       0x24 ./Components/test/example/example.o
                0x0000000008003e54                core::FixedEvent<unsigned long>::~FixedEvent()
                0x0000000008003e54                core::FixedEvent<unsigned long>::~FixedEvent()
 .text._ZN4core10FixedEventImED0Ev
                0x0000000008003e78       0x20 ./Components/test/example/example.o
                0x0000000008003e78                core::FixedEvent<unsigned long>::~FixedEvent()
 .text._ZN4core10FixedEventItE7executeEv
                0x0000000008003e98       0x5c ./Components/test/example/example.o
                0x0000000008003e98                core::FixedEvent<unsigned short>::execute()
 .text._ZN4core10FixedEventImE7executeEv
                0x0000000008003ef4       0x5c ./Components/test/example/example.o
                0x0000000008003ef4                core::FixedEvent<unsigned long>::execute()
 .text._ZN7MemPoolItE4FreeEPv
                0x0000000008003f50       0x6a ./Components/test/example/example.o
                0x0000000008003f50                MemPool<unsigned short>::Free(void*)
 .text._ZN7MemPoolImE4FreeEPv
                0x0000000008003fba       0x6a ./Components/test/example/example.o
                0x0000000008003fba                MemPool<unsigned long>::Free(void*)
 .text._ZN4core13SimpleMachine7executeERh
                0x0000000008004024      0x13e ./Components/test/example/main.o
                0x0000000008004024                core::SimpleMachine::execute(unsigned char&)
 *fill*         0x0000000008004162        0x2 
 .text.__tcf_3  0x0000000008004164       0x10 ./Components/test/example/main.o
 .text._ZN2ex4Test8instanceEv
                0x0000000008004174       0x5c ./Components/test/example/main.o
                0x0000000008004174                ex::Test::instance()
 .text._ZN4core13SimpleMachineC2Ev
                0x00000000080041d0       0x4c ./Components/test/example/main.o
                0x00000000080041d0                core::SimpleMachine::SimpleMachine()
                0x00000000080041d0                core::SimpleMachine::SimpleMachine()
 .text._ZN4core14EmptySignalOneC2Ev
                0x000000000800421c       0x1c ./Components/test/example/main.o
                0x000000000800421c                core::EmptySignalOne::EmptySignalOne()
                0x000000000800421c                core::EmptySignalOne::EmptySignalOne()
 .text._ZN4core9SignalOneINS_10FixedEventItEEtEC2Ev
                0x0000000008004238       0x1c ./Components/test/example/main.o
                0x0000000008004238                core::SignalOne<core::FixedEvent<unsigned short>, unsigned short>::SignalOne()
                0x0000000008004238                core::SignalOne<core::FixedEvent<unsigned short>, unsigned short>::SignalOne()
 .text._ZN2ex4TestC2Ev
                0x0000000008004254      0x1b8 ./Components/test/example/main.o
                0x0000000008004254                ex::Test::Test()
                0x0000000008004254                ex::Test::Test()
 .text._ZN2ex4Test12startCommandEthPh
                0x000000000800440c       0x24 ./Components/test/example/main.o
                0x000000000800440c                ex::Test::startCommand(unsigned short, unsigned char, unsigned char*)
 .text._ZN2ex4Test11stopCommandEthPh
                0x0000000008004430       0x24 ./Components/test/example/main.o
                0x0000000008004430                ex::Test::stopCommand(unsigned short, unsigned char, unsigned char*)
 .text._ZN2ex4Test14integerCommandEthPh
                0x0000000008004454       0x58 ./Components/test/example/main.o
                0x0000000008004454                ex::Test::integerCommand(unsigned short, unsigned char, unsigned char*)
 .text._ZN2ex4Test11nameCommandEthPh
                0x00000000080044ac       0x34 ./Components/test/example/main.o
                0x00000000080044ac                ex::Test::nameCommand(unsigned short, unsigned char, unsigned char*)
 .text.main     0x00000000080044e0       0x32 ./Components/test/example/main.o
                0x00000000080044e0                main
 *fill*         0x0000000008004512        0x2 
 .text._ZN4core10FixedEventImEC2EPNS_9ComponentEMS2_FvRKmEh
                0x0000000008004514       0x60 ./Components/test/example/main.o
                0x0000000008004514                core::FixedEvent<unsigned long>::FixedEvent(core::Component*, void (core::Component::*)(unsigned long const&), unsigned char)
                0x0000000008004514                core::FixedEvent<unsigned long>::FixedEvent(core::Component*, void (core::Component::*)(unsigned long const&), unsigned char)
 .text._ZN4core10FixedEventItEC2EPNS_9ComponentEMS2_FvRKtEh
                0x0000000008004574       0x60 ./Components/test/example/main.o
                0x0000000008004574                core::FixedEvent<unsigned short>::FixedEvent(core::Component*, void (core::Component::*)(unsigned short const&), unsigned char)
                0x0000000008004574                core::FixedEvent<unsigned short>::FixedEvent(core::Component*, void (core::Component::*)(unsigned short const&), unsigned char)
 .text._ZN7MemPoolImEC2Em
                0x00000000080045d4       0x72 ./Components/test/example/main.o
                0x00000000080045d4                MemPool<unsigned long>::MemPool(unsigned long)
                0x00000000080045d4                MemPool<unsigned long>::MemPool(unsigned long)
 .text._ZN7MemPoolItEC2Em
                0x0000000008004646       0x7e ./Components/test/example/main.o
                0x0000000008004646                MemPool<unsigned short>::MemPool(unsigned long)
                0x0000000008004646                MemPool<unsigned short>::MemPool(unsigned long)
 .text.LL_GPIO_ResetOutputPin
                0x00000000080046c4       0x1e ./Core/Src/gpio.o
 *fill*         0x00000000080046e2        0x2 
 .text.LL_AHB1_GRP1_EnableClock
                0x00000000080046e4       0x30 ./Core/Src/gpio.o
 .text.MX_GPIO_Init
                0x0000000008004714       0x54 ./Core/Src/gpio.o
                0x0000000008004714                MX_GPIO_Init
 .text.SystemClock_Config
                0x0000000008004768       0xd0 ./Core/Src/main.o
                0x0000000008004768                SystemClock_Config
 .text.Error_Handler
                0x0000000008004838        0xa ./Core/Src/main.o
                0x0000000008004838                Error_Handler
 *fill*         0x0000000008004842        0x2 
 .text.HAL_MspInit
                0x0000000008004844       0x50 ./Core/Src/stm32f4xx_hal_msp.o
                0x0000000008004844                HAL_MspInit
 .text._getpid  0x0000000008004894       0x10 ./Core/Src/syscalls.o
                0x0000000008004894                _getpid
 .text._kill    0x00000000080048a4       0x20 ./Core/Src/syscalls.o
                0x00000000080048a4                _kill
 .text._exit    0x00000000080048c4       0x14 ./Core/Src/syscalls.o
                0x00000000080048c4                _exit
 .text._read    0x00000000080048d8       0x3a ./Core/Src/syscalls.o
                0x00000000080048d8                _read
 .text._write   0x0000000008004912       0x38 ./Core/Src/syscalls.o
                0x0000000008004912                _write
 .text._close   0x000000000800494a       0x18 ./Core/Src/syscalls.o
                0x000000000800494a                _close
 .text._fstat   0x0000000008004962       0x20 ./Core/Src/syscalls.o
                0x0000000008004962                _fstat
 .text._isatty  0x0000000008004982       0x16 ./Core/Src/syscalls.o
                0x0000000008004982                _isatty
 .text._lseek   0x0000000008004998       0x1a ./Core/Src/syscalls.o
                0x0000000008004998                _lseek
 *fill*         0x00000000080049b2        0x2 
 .text._sbrk    0x00000000080049b4       0x6c ./Core/Src/sysmem.o
                0x00000000080049b4                _sbrk
 .text.SystemInit
                0x0000000008004a20       0x24 ./Core/Src/system_stm32f4xx.o
                0x0000000008004a20                SystemInit
 .text.__NVIC_GetPriorityGrouping
                0x0000000008004a44       0x1c ./Core/Src/usart.o
 .text.__NVIC_EnableIRQ
                0x0000000008004a60       0x3c ./Core/Src/usart.o
 .text.__NVIC_SetPriority
                0x0000000008004a9c       0x54 ./Core/Src/usart.o
 .text.NVIC_EncodePriority
                0x0000000008004af0       0x66 ./Core/Src/usart.o
 .text.LL_USART_Enable
                0x0000000008004b56       0x20 ./Core/Src/usart.o
 .text.LL_USART_ConfigAsyncMode
                0x0000000008004b76       0x2c ./Core/Src/usart.o
 *fill*         0x0000000008004ba2        0x2 
 .text.LL_AHB1_GRP1_EnableClock
                0x0000000008004ba4       0x30 ./Core/Src/usart.o
 .text.LL_APB1_GRP1_EnableClock
                0x0000000008004bd4       0x30 ./Core/Src/usart.o
 .text.MX_USART2_UART_Init
                0x0000000008004c04       0xe4 ./Core/Src/usart.o
                0x0000000008004c04                MX_USART2_UART_Init
 .text.Reset_Handler
                0x0000000008004ce8       0x50 ./Core/Startup/startup_stm32f411retx.o
                0x0000000008004ce8                Reset_Handler
 .text.Default_Handler
                0x0000000008004d38        0x2 ./Core/Startup/startup_stm32f411retx.o
                0x0000000008004d38                RTC_Alarm_IRQHandler
                0x0000000008004d38                EXTI2_IRQHandler
                0x0000000008004d38                DebugMon_Handler
                0x0000000008004d38                SPI4_IRQHandler
                0x0000000008004d38                TIM1_CC_IRQHandler
                0x0000000008004d38                DMA2_Stream5_IRQHandler
                0x0000000008004d38                HardFault_Handler
                0x0000000008004d38                DMA1_Stream5_IRQHandler
                0x0000000008004d38                PVD_IRQHandler
                0x0000000008004d38                SDIO_IRQHandler
                0x0000000008004d38                TAMP_STAMP_IRQHandler
                0x0000000008004d38                PendSV_Handler
                0x0000000008004d38                NMI_Handler
                0x0000000008004d38                EXTI3_IRQHandler
                0x0000000008004d38                TIM1_UP_TIM10_IRQHandler
                0x0000000008004d38                I2C3_ER_IRQHandler
                0x0000000008004d38                EXTI0_IRQHandler
                0x0000000008004d38                I2C2_EV_IRQHandler
                0x0000000008004d38                DMA1_Stream2_IRQHandler
                0x0000000008004d38                FPU_IRQHandler
                0x0000000008004d38                UsageFault_Handler
                0x0000000008004d38                DMA2_Stream2_IRQHandler
                0x0000000008004d38                SPI1_IRQHandler
                0x0000000008004d38                TIM1_BRK_TIM9_IRQHandler
                0x0000000008004d38                DMA2_Stream3_IRQHandler
                0x0000000008004d38                USART6_IRQHandler
                0x0000000008004d38                DMA2_Stream0_IRQHandler
                0x0000000008004d38                TIM4_IRQHandler
                0x0000000008004d38                I2C1_EV_IRQHandler
                0x0000000008004d38                DMA1_Stream6_IRQHandler
                0x0000000008004d38                DMA1_Stream1_IRQHandler
                0x0000000008004d38                TIM3_IRQHandler
                0x0000000008004d38                RCC_IRQHandler
                0x0000000008004d38                Default_Handler
                0x0000000008004d38                EXTI15_10_IRQHandler
                0x0000000008004d38                ADC_IRQHandler
                0x0000000008004d38                DMA1_Stream7_IRQHandler
                0x0000000008004d38                SPI5_IRQHandler
                0x0000000008004d38                TIM5_IRQHandler
                0x0000000008004d38                DMA2_Stream7_IRQHandler
                0x0000000008004d38                I2C3_EV_IRQHandler
                0x0000000008004d38                EXTI9_5_IRQHandler
                0x0000000008004d38                RTC_WKUP_IRQHandler
                0x0000000008004d38                SPI2_IRQHandler
                0x0000000008004d38                MemManage_Handler
                0x0000000008004d38                DMA1_Stream0_IRQHandler
                0x0000000008004d38                SVC_Handler
                0x0000000008004d38                EXTI4_IRQHandler
                0x0000000008004d38                WWDG_IRQHandler
                0x0000000008004d38                TIM2_IRQHandler
                0x0000000008004d38                OTG_FS_WKUP_IRQHandler
                0x0000000008004d38                TIM1_TRG_COM_TIM11_IRQHandler
                0x0000000008004d38                EXTI1_IRQHandler
                0x0000000008004d38                I2C2_ER_IRQHandler
                0x0000000008004d38                DMA2_Stream1_IRQHandler
                0x0000000008004d38                FLASH_IRQHandler
                0x0000000008004d38                DMA2_Stream4_IRQHandler
                0x0000000008004d38                BusFault_Handler
                0x0000000008004d38                USART1_IRQHandler
                0x0000000008004d38                OTG_FS_IRQHandler
                0x0000000008004d38                SPI3_IRQHandler
                0x0000000008004d38                DMA1_Stream4_IRQHandler
                0x0000000008004d38                I2C1_ER_IRQHandler
                0x0000000008004d38                DMA2_Stream6_IRQHandler
                0x0000000008004d38                DMA1_Stream3_IRQHandler
 *fill*         0x0000000008004d3a        0x2 
 .text.HAL_Init
                0x0000000008004d3c       0x44 ./Drivers/STM32F4xx_HAL_Driver/Src/stm32f4xx_hal.o
                0x0000000008004d3c                HAL_Init
 .text.HAL_InitTick
                0x0000000008004d80       0x60 ./Drivers/STM32F4xx_HAL_Driver/Src/stm32f4xx_hal.o
                0x0000000008004d80                HAL_InitTick
 .text.HAL_GetTick
                0x0000000008004de0       0x18 ./Drivers/STM32F4xx_HAL_Driver/Src/stm32f4xx_hal.o
                0x0000000008004de0                HAL_GetTick
 .text.__NVIC_SetPriorityGrouping
                0x0000000008004df8       0x48 ./Drivers/STM32F4xx_HAL_Driver/Src/stm32f4xx_hal_cortex.o
 .text.__NVIC_GetPriorityGrouping
                0x0000000008004e40       0x1c ./Drivers/STM32F4xx_HAL_Driver/Src/stm32f4xx_hal_cortex.o
 .text.__NVIC_SetPriority
                0x0000000008004e5c       0x54 ./Drivers/STM32F4xx_HAL_Driver/Src/stm32f4xx_hal_cortex.o
 .text.NVIC_EncodePriority
                0x0000000008004eb0       0x66 ./Drivers/STM32F4xx_HAL_Driver/Src/stm32f4xx_hal_cortex.o
 *fill*         0x0000000008004f16        0x2 
 .text.SysTick_Config
                0x0000000008004f18       0x44 ./Drivers/STM32F4xx_HAL_Driver/Src/stm32f4xx_hal_cortex.o
 .text.HAL_NVIC_SetPriorityGrouping
                0x0000000008004f5c       0x16 ./Drivers/STM32F4xx_HAL_Driver/Src/stm32f4xx_hal_cortex.o
                0x0000000008004f5c                HAL_NVIC_SetPriorityGrouping
 .text.HAL_NVIC_SetPriority
                0x0000000008004f72       0x38 ./Drivers/STM32F4xx_HAL_Driver/Src/stm32f4xx_hal_cortex.o
                0x0000000008004f72                HAL_NVIC_SetPriority
 .text.HAL_SYSTICK_Config
                0x0000000008004faa       0x18 ./Drivers/STM32F4xx_HAL_Driver/Src/stm32f4xx_hal_cortex.o
                0x0000000008004faa                HAL_SYSTICK_Config
 *fill*         0x0000000008004fc2        0x2 
 .text.HAL_RCC_OscConfig
                0x0000000008004fc4      0x4f0 ./Drivers/STM32F4xx_HAL_Driver/Src/stm32f4xx_hal_rcc.o
                0x0000000008004fc4                HAL_RCC_OscConfig
 .text.HAL_RCC_ClockConfig
                0x00000000080054b4      0x1cc ./Drivers/STM32F4xx_HAL_Driver/Src/stm32f4xx_hal_rcc.o
                0x00000000080054b4                HAL_RCC_ClockConfig
 .text.HAL_RCC_GetSysClockFreq
                0x0000000008005680      0x1c4 ./Drivers/STM32F4xx_HAL_Driver/Src/stm32f4xx_hal_rcc.o
                0x0000000008005680                HAL_RCC_GetSysClockFreq
 .text.LL_GPIO_SetPinMode
                0x0000000008005844       0x5e ./Drivers/STM32F4xx_HAL_Driver/Src/stm32f4xx_ll_gpio.o
 .text.LL_GPIO_SetPinOutputType
                0x00000000080058a2       0x30 ./Drivers/STM32F4xx_HAL_Driver/Src/stm32f4xx_ll_gpio.o
 .text.LL_GPIO_SetPinSpeed
                0x00000000080058d2       0x5e ./Drivers/STM32F4xx_HAL_Driver/Src/stm32f4xx_ll_gpio.o
 .text.LL_GPIO_SetPinPull
                0x0000000008005930       0x5e ./Drivers/STM32F4xx_HAL_Driver/Src/stm32f4xx_ll_gpio.o
 .text.LL_GPIO_SetAFPin_0_7
                0x000000000800598e       0x5e ./Drivers/STM32F4xx_HAL_Driver/Src/stm32f4xx_ll_gpio.o
 .text.LL_GPIO_SetAFPin_8_15
                0x00000000080059ec       0x62 ./Drivers/STM32F4xx_HAL_Driver/Src/stm32f4xx_ll_gpio.o
 .text.LL_GPIO_Init
                0x0000000008005a4e       0xe6 ./Drivers/STM32F4xx_HAL_Driver/Src/stm32f4xx_ll_gpio.o
                0x0000000008005a4e                LL_GPIO_Init
 .text.LL_RCC_GetSysClkSource
                0x0000000008005b34       0x1c ./Drivers/STM32F4xx_HAL_Driver/Src/stm32f4xx_ll_rcc.o
 .text.LL_RCC_GetAHBPrescaler
                0x0000000008005b50       0x1c ./Drivers/STM32F4xx_HAL_Driver/Src/stm32f4xx_ll_rcc.o
 .text.LL_RCC_GetAPB1Prescaler
                0x0000000008005b6c       0x1c ./Drivers/STM32F4xx_HAL_Driver/Src/stm32f4xx_ll_rcc.o
 .text.LL_RCC_GetAPB2Prescaler
                0x0000000008005b88       0x1c ./Drivers/STM32F4xx_HAL_Driver/Src/stm32f4xx_ll_rcc.o
 .text.LL_RCC_PLL_GetMainSource
                0x0000000008005ba4       0x1c ./Drivers/STM32F4xx_HAL_Driver/Src/stm32f4xx_ll_rcc.o
 .text.LL_RCC_PLL_GetN
                0x0000000008005bc0       0x1c ./Drivers/STM32F4xx_HAL_Driver/Src/stm32f4xx_ll_rcc.o
 .text.LL_RCC_PLL_GetP
                0x0000000008005bdc       0x1c ./Drivers/STM32F4xx_HAL_Driver/Src/stm32f4xx_ll_rcc.o
 .text.LL_RCC_PLL_GetDivider
                0x0000000008005bf8       0x1c ./Drivers/STM32F4xx_HAL_Driver/Src/stm32f4xx_ll_rcc.o
 .text.LL_RCC_GetSystemClocksFreq
                0x0000000008005c14       0x4a ./Drivers/STM32F4xx_HAL_Driver/Src/stm32f4xx_ll_rcc.o
                0x0000000008005c14                LL_RCC_GetSystemClocksFreq
 *fill*         0x0000000008005c5e        0x2 
 .text.RCC_GetSystemClockFreq
                0x0000000008005c60       0x50 ./Drivers/STM32F4xx_HAL_Driver/Src/stm32f4xx_ll_rcc.o
                0x0000000008005c60                RCC_GetSystemClockFreq
 .text.RCC_GetHCLKClockFreq
                0x0000000008005cb0       0x2c ./Drivers/STM32F4xx_HAL_Driver/Src/stm32f4xx_ll_rcc.o
                0x0000000008005cb0                RCC_GetHCLKClockFreq
 .text.RCC_GetPCLK1ClockFreq
                0x0000000008005cdc       0x28 ./Drivers/STM32F4xx_HAL_Driver/Src/stm32f4xx_ll_rcc.o
                0x0000000008005cdc                RCC_GetPCLK1ClockFreq
 .text.RCC_GetPCLK2ClockFreq
                0x0000000008005d04       0x28 ./Drivers/STM32F4xx_HAL_Driver/Src/stm32f4xx_ll_rcc.o
                0x0000000008005d04                RCC_GetPCLK2ClockFreq
 .text.RCC_PLL_GetFreqDomain_SYS
                0x0000000008005d2c       0x7c ./Drivers/STM32F4xx_HAL_Driver/Src/stm32f4xx_ll_rcc.o
                0x0000000008005d2c                RCC_PLL_GetFreqDomain_SYS
 .text.LL_USART_IsEnabled
                0x0000000008005da8       0x28 ./Drivers/STM32F4xx_HAL_Driver/Src/stm32f4xx_ll_usart.o
 .text.LL_USART_SetStopBitsLength
                0x0000000008005dd0       0x26 ./Drivers/STM32F4xx_HAL_Driver/Src/stm32f4xx_ll_usart.o
 .text.LL_USART_SetHWFlowCtrl
                0x0000000008005df6       0x26 ./Drivers/STM32F4xx_HAL_Driver/Src/stm32f4xx_ll_usart.o
 .text.LL_USART_SetBaudRate
                0x0000000008005e1c      0x320 ./Drivers/STM32F4xx_HAL_Driver/Src/stm32f4xx_ll_usart.o
 .text.LL_USART_Init
                0x000000000800613c       0xc8 ./Drivers/STM32F4xx_HAL_Driver/Src/stm32f4xx_ll_usart.o
                0x000000000800613c                LL_USART_Init
 .text._ZdlPvj  0x0000000008006204        0x4 c:/st/stm32cubeide_1.7.0/stm32cubeide/plugins/com.st.stm32cube.ide.mcu.externaltools.gnu-tools-for-stm32.9-2020-q2-update.win32_2.0.0.202105311346/tools/bin/../lib/gcc/arm-none-eabi/9.3.1/../../../../arm-none-eabi/lib/thumb/v7e-m+fp/hard\libstdc++_nano.a(del_ops.o)
                0x0000000008006204                operator delete(void*, unsigned int)
 .text.__cxa_guard_acquire
                0x0000000008006208       0x18 c:/st/stm32cubeide_1.7.0/stm32cubeide/plugins/com.st.stm32cube.ide.mcu.externaltools.gnu-tools-for-stm32.9-2020-q2-update.win32_2.0.0.202105311346/tools/bin/../lib/gcc/arm-none-eabi/9.3.1/../../../../arm-none-eabi/lib/thumb/v7e-m+fp/hard\libstdc++_nano.a(guard.o)
                0x0000000008006208                __cxa_guard_acquire
 .text.__cxa_guard_release
                0x0000000008006220        0x6 c:/st/stm32cubeide_1.7.0/stm32cubeide/plugins/com.st.stm32cube.ide.mcu.externaltools.gnu-tools-for-stm32.9-2020-q2-update.win32_2.0.0.202105311346/tools/bin/../lib/gcc/arm-none-eabi/9.3.1/../../../../arm-none-eabi/lib/thumb/v7e-m+fp/hard\libstdc++_nano.a(guard.o)
                0x0000000008006220                __cxa_guard_release
 .text._Znwj    0x0000000008006226       0x22 c:/st/stm32cubeide_1.7.0/stm32cubeide/plugins/com.st.stm32cube.ide.mcu.externaltools.gnu-tools-for-stm32.9-2020-q2-update.win32_2.0.0.202105311346/tools/bin/../lib/gcc/arm-none-eabi/9.3.1/../../../../arm-none-eabi/lib/thumb/v7e-m+fp/hard\libstdc++_nano.a(new_op.o)
                0x0000000008006226                operator new(unsigned int)
 .text._ZdlPv   0x0000000008006248        0x4 c:/st/stm32cubeide_1.7.0/stm32cubeide/plugins/com.st.stm32cube.ide.mcu.externaltools.gnu-tools-for-stm32.9-2020-q2-update.win32_2.0.0.202105311346/tools/bin/../lib/gcc/arm-none-eabi/9.3.1/../../../../arm-none-eabi/lib/thumb/v7e-m+fp/hard\libstdc++_nano.a(del_op.o)
                0x0000000008006248                operator delete(void*)
 .text._ZSt15get_new_handlerv
                0x000000000800624c       0x10 c:/st/stm32cubeide_1.7.0/stm32cubeide/plugins/com.st.stm32cube.ide.mcu.externaltools.gnu-tools-for-stm32.9-2020-q2-update.win32_2.0.0.202105311346/tools/bin/../lib/gcc/arm-none-eabi/9.3.1/../../../../arm-none-eabi/lib/thumb/v7e-m+fp/hard\libstdc++_nano.a(new_handler.o)
                0x000000000800624c                std::get_new_handler()
 *fill*         0x000000000800625c        0x4 
 .text.cos      0x0000000008006260       0xa0 c:/st/stm32cubeide_1.7.0/stm32cubeide/plugins/com.st.stm32cube.ide.mcu.externaltools.gnu-tools-for-stm32.9-2020-q2-update.win32_2.0.0.202105311346/tools/bin/../lib/gcc/arm-none-eabi/9.3.1/../../../../arm-none-eabi/lib/thumb/v7e-m+fp/hard\libm.a(lib_a-s_cos.o)
                0x0000000008006260                cos
 .text.sin      0x0000000008006300       0xa8 c:/st/stm32cubeide_1.7.0/stm32cubeide/plugins/com.st.stm32cube.ide.mcu.externaltools.gnu-tools-for-stm32.9-2020-q2-update.win32_2.0.0.202105311346/tools/bin/../lib/gcc/arm-none-eabi/9.3.1/../../../../arm-none-eabi/lib/thumb/v7e-m+fp/hard\libm.a(lib_a-s_sin.o)
                0x0000000008006300                sin
 .text.__ieee754_rem_pio2
                0x00000000080063a8      0x414 c:/st/stm32cubeide_1.7.0/stm32cubeide/plugins/com.st.stm32cube.ide.mcu.externaltools.gnu-tools-for-stm32.9-2020-q2-update.win32_2.0.0.202105311346/tools/bin/../lib/gcc/arm-none-eabi/9.3.1/../../../../arm-none-eabi/lib/thumb/v7e-m+fp/hard\libm.a(lib_a-e_rem_pio2.o)
                0x00000000080063a8                __ieee754_rem_pio2
 *fill*         0x00000000080067bc        0x4 
 .text.__kernel_cos
                0x00000000080067c0      0x18c c:/st/stm32cubeide_1.7.0/stm32cubeide/plugins/com.st.stm32cube.ide.mcu.externaltools.gnu-tools-for-stm32.9-2020-q2-update.win32_2.0.0.202105311346/tools/bin/../lib/gcc/arm-none-eabi/9.3.1/../../../../arm-none-eabi/lib/thumb/v7e-m+fp/hard\libm.a(lib_a-k_cos.o)
                0x00000000080067c0                __kernel_cos
 *fill*         0x000000000800694c        0x4 
 .text.__kernel_rem_pio2
                0x0000000008006950      0x680 c:/st/stm32cubeide_1.7.0/stm32cubeide/plugins/com.st.stm32cube.ide.mcu.externaltools.gnu-tools-for-stm32.9-2020-q2-update.win32_2.0.0.202105311346/tools/bin/../lib/gcc/arm-none-eabi/9.3.1/../../../../arm-none-eabi/lib/thumb/v7e-m+fp/hard\libm.a(lib_a-k_rem_pio2.o)
                0x0000000008006950                __kernel_rem_pio2
 .text.__kernel_sin
                0x0000000008006fd0      0x17c c:/st/stm32cubeide_1.7.0/stm32cubeide/plugins/com.st.stm32cube.ide.mcu.externaltools.gnu-tools-for-stm32.9-2020-q2-update.win32_2.0.0.202105311346/tools/bin/../lib/gcc/arm-none-eabi/9.3.1/../../../../arm-none-eabi/lib/thumb/v7e-m+fp/hard\libm.a(lib_a-k_sin.o)
                0x0000000008006fd0                __kernel_sin
 .text.fabs     0x000000000800714c       0x12 c:/st/stm32cubeide_1.7.0/stm32cubeide/plugins/com.st.stm32cube.ide.mcu.externaltools.gnu-tools-for-stm32.9-2020-q2-update.win32_2.0.0.202105311346/tools/bin/../lib/gcc/arm-none-eabi/9.3.1/../../../../arm-none-eabi/lib/thumb/v7e-m+fp/hard\libm.a(lib_a-s_fabs.o)
                0x000000000800714c                fabs
 *fill*         0x000000000800715e        0x2 
 .text.floor    0x0000000008007160      0x100 c:/st/stm32cubeide_1.7.0/stm32cubeide/plugins/com.st.stm32cube.ide.mcu.externaltools.gnu-tools-for-stm32.9-2020-q2-update.win32_2.0.0.202105311346/tools/bin/../lib/gcc/arm-none-eabi/9.3.1/../../../../arm-none-eabi/lib/thumb/v7e-m+fp/hard\libm.a(lib_a-s_floor.o)
                0x0000000008007160                floor
 .text.scalbn   0x0000000008007260      0x10c c:/st/stm32cubeide_1.7.0/stm32cubeide/plugins/com.st.stm32cube.ide.mcu.externaltools.gnu-tools-for-stm32.9-2020-q2-update.win32_2.0.0.202105311346/tools/bin/../lib/gcc/arm-none-eabi/9.3.1/../../../../arm-none-eabi/lib/thumb/v7e-m+fp/hard\libm.a(lib_a-s_scalbn.o)
                0x0000000008007260                scalbn
 .text.abort    0x000000000800736c        0xe c:/st/stm32cubeide_1.7.0/stm32cubeide/plugins/com.st.stm32cube.ide.mcu.externaltools.gnu-tools-for-stm32.9-2020-q2-update.win32_2.0.0.202105311346/tools/bin/../lib/gcc/arm-none-eabi/9.3.1/../../../../arm-none-eabi/lib/thumb/v7e-m+fp/hard\libc_nano.a(lib_a-abort.o)
                0x000000000800736c                abort
 .text.atexit   0x000000000800737a        0xc c:/st/stm32cubeide_1.7.0/stm32cubeide/plugins/com.st.stm32cube.ide.mcu.externaltools.gnu-tools-for-stm32.9-2020-q2-update.win32_2.0.0.202105311346/tools/bin/../lib/gcc/arm-none-eabi/9.3.1/../../../../arm-none-eabi/lib/thumb/v7e-m+fp/hard\libc_nano.a(lib_a-atexit.o)
                0x000000000800737a                atexit
 *fill*         0x0000000008007386        0x2 
 .text.__errno  0x0000000008007388        0xc c:/st/stm32cubeide_1.7.0/stm32cubeide/plugins/com.st.stm32cube.ide.mcu.externaltools.gnu-tools-for-stm32.9-2020-q2-update.win32_2.0.0.202105311346/tools/bin/../lib/gcc/arm-none-eabi/9.3.1/../../../../arm-none-eabi/lib/thumb/v7e-m+fp/hard\libc_nano.a(lib_a-errno.o)
                0x0000000008007388                __errno
 .text.__libc_init_array
                0x0000000008007394       0x48 c:/st/stm32cubeide_1.7.0/stm32cubeide/plugins/com.st.stm32cube.ide.mcu.externaltools.gnu-tools-for-stm32.9-2020-q2-update.win32_2.0.0.202105311346/tools/bin/../lib/gcc/arm-none-eabi/9.3.1/../../../../arm-none-eabi/lib/thumb/v7e-m+fp/hard\libc_nano.a(lib_a-init.o)
                0x0000000008007394                __libc_init_array
 .text.malloc   0x00000000080073dc       0x10 c:/st/stm32cubeide_1.7.0/stm32cubeide/plugins/com.st.stm32cube.ide.mcu.externaltools.gnu-tools-for-stm32.9-2020-q2-update.win32_2.0.0.202105311346/tools/bin/../lib/gcc/arm-none-eabi/9.3.1/../../../../arm-none-eabi/lib/thumb/v7e-m+fp/hard\libc_nano.a(lib_a-malloc.o)
                0x00000000080073dc                malloc
 .text.free     0x00000000080073ec       0x10 c:/st/stm32cubeide_1.7.0/stm32cubeide/plugins/com.st.stm32cube.ide.mcu.externaltools.gnu-tools-for-stm32.9-2020-q2-update.win32_2.0.0.202105311346/tools/bin/../lib/gcc/arm-none-eabi/9.3.1/../../../../arm-none-eabi/lib/thumb/v7e-m+fp/hard\libc_nano.a(lib_a-malloc.o)
                0x00000000080073ec                free
 .text.memset   0x00000000080073fc       0x10 c:/st/stm32cubeide_1.7.0/stm32cubeide/plugins/com.st.stm32cube.ide.mcu.externaltools.gnu-tools-for-stm32.9-2020-q2-update.win32_2.0.0.202105311346/tools/bin/../lib/gcc/arm-none-eabi/9.3.1/../../../../arm-none-eabi/lib/thumb/v7e-m+fp/hard\libc_nano.a(lib_a-memset.o)
                0x00000000080073fc                memset
 .text._free_r  0x000000000800740c       0xa0 c:/st/stm32cubeide_1.7.0/stm32cubeide/plugins/com.st.stm32cube.ide.mcu.externaltools.gnu-tools-for-stm32.9-2020-q2-update.win32_2.0.0.202105311346/tools/bin/../lib/gcc/arm-none-eabi/9.3.1/../../../../arm-none-eabi/lib/thumb/v7e-m+fp/hard\libc_nano.a(lib_a-nano-freer.o)
                0x000000000800740c                _free_r
 .text._malloc_r
                0x00000000080074ac       0xb4 c:/st/stm32cubeide_1.7.0/stm32cubeide/plugins/com.st.stm32cube.ide.mcu.externaltools.gnu-tools-for-stm32.9-2020-q2-update.win32_2.0.0.202105311346/tools/bin/../lib/gcc/arm-none-eabi/9.3.1/../../../../arm-none-eabi/lib/thumb/v7e-m+fp/hard\libc_nano.a(lib_a-nano-mallocr.o)
                0x00000000080074ac                _malloc_r
 .text.rand     0x0000000008007560       0x80 c:/st/stm32cubeide_1.7.0/stm32cubeide/plugins/com.st.stm32cube.ide.mcu.externaltools.gnu-tools-for-stm32.9-2020-q2-update.win32_2.0.0.202105311346/tools/bin/../lib/gcc/arm-none-eabi/9.3.1/../../../../arm-none-eabi/lib/thumb/v7e-m+fp/hard\libc_nano.a(lib_a-rand.o)
                0x0000000008007560                rand
 .text._sbrk_r  0x00000000080075e0       0x20 c:/st/stm32cubeide_1.7.0/stm32cubeide/plugins/com.st.stm32cube.ide.mcu.externaltools.gnu-tools-for-stm32.9-2020-q2-update.win32_2.0.0.202105311346/tools/bin/../lib/gcc/arm-none-eabi/9.3.1/../../../../arm-none-eabi/lib/thumb/v7e-m+fp/hard\libc_nano.a(lib_a-sbrkr.o)
                0x00000000080075e0                _sbrk_r
 .text._raise_r
                0x0000000008007600       0x50 c:/st/stm32cubeide_1.7.0/stm32cubeide/plugins/com.st.stm32cube.ide.mcu.externaltools.gnu-tools-for-stm32.9-2020-q2-update.win32_2.0.0.202105311346/tools/bin/../lib/gcc/arm-none-eabi/9.3.1/../../../../arm-none-eabi/lib/thumb/v7e-m+fp/hard\libc_nano.a(lib_a-signal.o)
                0x0000000008007600                _raise_r
 .text.raise    0x0000000008007650       0x10 c:/st/stm32cubeide_1.7.0/stm32cubeide/plugins/com.st.stm32cube.ide.mcu.externaltools.gnu-tools-for-stm32.9-2020-q2-update.win32_2.0.0.202105311346/tools/bin/../lib/gcc/arm-none-eabi/9.3.1/../../../../arm-none-eabi/lib/thumb/v7e-m+fp/hard\libc_nano.a(lib_a-signal.o)
                0x0000000008007650                raise
 .text._kill_r  0x0000000008007660       0x24 c:/st/stm32cubeide_1.7.0/stm32cubeide/plugins/com.st.stm32cube.ide.mcu.externaltools.gnu-tools-for-stm32.9-2020-q2-update.win32_2.0.0.202105311346/tools/bin/../lib/gcc/arm-none-eabi/9.3.1/../../../../arm-none-eabi/lib/thumb/v7e-m+fp/hard\libc_nano.a(lib_a-signalr.o)
                0x0000000008007660                _kill_r
 .text._getpid_r
                0x0000000008007684        0x4 c:/st/stm32cubeide_1.7.0/stm32cubeide/plugins/com.st.stm32cube.ide.mcu.externaltools.gnu-tools-for-stm32.9-2020-q2-update.win32_2.0.0.202105311346/tools/bin/../lib/gcc/arm-none-eabi/9.3.1/../../../../arm-none-eabi/lib/thumb/v7e-m+fp/hard\libc_nano.a(lib_a-signalr.o)
                0x0000000008007684                _getpid_r
 .text._vsprintf_r
                0x0000000008007688       0x2c c:/st/stm32cubeide_1.7.0/stm32cubeide/plugins/com.st.stm32cube.ide.mcu.externaltools.gnu-tools-for-stm32.9-2020-q2-update.win32_2.0.0.202105311346/tools/bin/../lib/gcc/arm-none-eabi/9.3.1/../../../../arm-none-eabi/lib/thumb/v7e-m+fp/hard\libc_nano.a(lib_a-vsprintf.o)
                0x0000000008007688                _vsprintf_r
                0x0000000008007688                _vsiprintf_r
 .text.vsprintf
                0x00000000080076b4       0x14 c:/st/stm32cubeide_1.7.0/stm32cubeide/plugins/com.st.stm32cube.ide.mcu.externaltools.gnu-tools-for-stm32.9-2020-q2-update.win32_2.0.0.202105311346/tools/bin/../lib/gcc/arm-none-eabi/9.3.1/../../../../arm-none-eabi/lib/thumb/v7e-m+fp/hard\libc_nano.a(lib_a-vsprintf.o)
                0x00000000080076b4                vsiprintf
                0x00000000080076b4                vsprintf
 .text.__register_exitproc
                0x00000000080076c8       0xc4 c:/st/stm32cubeide_1.7.0/stm32cubeide/plugins/com.st.stm32cube.ide.mcu.externaltools.gnu-tools-for-stm32.9-2020-q2-update.win32_2.0.0.202105311346/tools/bin/../lib/gcc/arm-none-eabi/9.3.1/../../../../arm-none-eabi/lib/thumb/v7e-m+fp/hard\libc_nano.a(lib_a-__atexit.o)
                0x00000000080076c8                __register_exitproc
 .text.__assert_func
                0x000000000800778c       0x3c c:/st/stm32cubeide_1.7.0/stm32cubeide/plugins/com.st.stm32cube.ide.mcu.externaltools.gnu-tools-for-stm32.9-2020-q2-update.win32_2.0.0.202105311346/tools/bin/../lib/gcc/arm-none-eabi/9.3.1/../../../../arm-none-eabi/lib/thumb/v7e-m+fp/hard\libc_nano.a(lib_a-assert.o)
                0x000000000800778c                __assert_func
 .text.fprintf  0x00000000080077c8       0x24 c:/st/stm32cubeide_1.7.0/stm32cubeide/plugins/com.st.stm32cube.ide.mcu.externaltools.gnu-tools-for-stm32.9-2020-q2-update.win32_2.0.0.202105311346/tools/bin/../lib/gcc/arm-none-eabi/9.3.1/../../../../arm-none-eabi/lib/thumb/v7e-m+fp/hard\libc_nano.a(lib_a-fprintf.o)
                0x00000000080077c8                fiprintf
                0x00000000080077c8                fprintf
 .text.__retarget_lock_init_recursive
                0x00000000080077ec        0x2 c:/st/stm32cubeide_1.7.0/stm32cubeide/plugins/com.st.stm32cube.ide.mcu.externaltools.gnu-tools-for-stm32.9-2020-q2-update.win32_2.0.0.202105311346/tools/bin/../lib/gcc/arm-none-eabi/9.3.1/../../../../arm-none-eabi/lib/thumb/v7e-m+fp/hard\libc_nano.a(lib_a-lock.o)
                0x00000000080077ec                __retarget_lock_init_recursive
 .text.__retarget_lock_acquire_recursive
                0x00000000080077ee        0x2 c:/st/stm32cubeide_1.7.0/stm32cubeide/plugins/com.st.stm32cube.ide.mcu.externaltools.gnu-tools-for-stm32.9-2020-q2-update.win32_2.0.0.202105311346/tools/bin/../lib/gcc/arm-none-eabi/9.3.1/../../../../arm-none-eabi/lib/thumb/v7e-m+fp/hard\libc_nano.a(lib_a-lock.o)
                0x00000000080077ee                __retarget_lock_acquire_recursive
 .text.__retarget_lock_release
                0x00000000080077f0        0x2 c:/st/stm32cubeide_1.7.0/stm32cubeide/plugins/com.st.stm32cube.ide.mcu.externaltools.gnu-tools-for-stm32.9-2020-q2-update.win32_2.0.0.202105311346/tools/bin/../lib/gcc/arm-none-eabi/9.3.1/../../../../arm-none-eabi/lib/thumb/v7e-m+fp/hard\libc_nano.a(lib_a-lock.o)
                0x00000000080077f0                __retarget_lock_release
 .text.__retarget_lock_release_recursive
                0x00000000080077f2        0x2 c:/st/stm32cubeide_1.7.0/stm32cubeide/plugins/com.st.stm32cube.ide.mcu.externaltools.gnu-tools-for-stm32.9-2020-q2-update.win32_2.0.0.202105311346/tools/bin/../lib/gcc/arm-none-eabi/9.3.1/../../../../arm-none-eabi/lib/thumb/v7e-m+fp/hard\libc_nano.a(lib_a-lock.o)
                0x00000000080077f2                __retarget_lock_release_recursive
 .text.__malloc_lock
                0x00000000080077f4        0xc c:/st/stm32cubeide_1.7.0/stm32cubeide/plugins/com.st.stm32cube.ide.mcu.externaltools.gnu-tools-for-stm32.9-2020-q2-update.win32_2.0.0.202105311346/tools/bin/../lib/gcc/arm-none-eabi/9.3.1/../../../../arm-none-eabi/lib/thumb/v7e-m+fp/hard\libc_nano.a(lib_a-mlock.o)
                0x00000000080077f4                __malloc_lock
 .text.__malloc_unlock
                0x0000000008007800        0xc c:/st/stm32cubeide_1.7.0/stm32cubeide/plugins/com.st.stm32cube.ide.mcu.externaltools.gnu-tools-for-stm32.9-2020-q2-update.win32_2.0.0.202105311346/tools/bin/../lib/gcc/arm-none-eabi/9.3.1/../../../../arm-none-eabi/lib/thumb/v7e-m+fp/hard\libc_nano.a(lib_a-mlock.o)
                0x0000000008007800                __malloc_unlock
 .text.__ssputs_r
                0x000000000800780c       0xb6 c:/st/stm32cubeide_1.7.0/stm32cubeide/plugins/com.st.stm32cube.ide.mcu.externaltools.gnu-tools-for-stm32.9-2020-q2-update.win32_2.0.0.202105311346/tools/bin/../lib/gcc/arm-none-eabi/9.3.1/../../../../arm-none-eabi/lib/thumb/v7e-m+fp/hard\libc_nano.a(lib_a-nano-svfprintf.o)
                0x000000000800780c                __ssputs_r
 *fill*         0x00000000080078c2        0x2 
 .text._svfprintf_r
                0x00000000080078c4      0x200 c:/st/stm32cubeide_1.7.0/stm32cubeide/plugins/com.st.stm32cube.ide.mcu.externaltools.gnu-tools-for-stm32.9-2020-q2-update.win32_2.0.0.202105311346/tools/bin/../lib/gcc/arm-none-eabi/9.3.1/../../../../arm-none-eabi/lib/thumb/v7e-m+fp/hard\libc_nano.a(lib_a-nano-svfprintf.o)
                0x00000000080078c4                _svfiprintf_r
                0x00000000080078c4                _svfprintf_r
 .text.__sfputc_r
                0x0000000008007ac4       0x2e c:/st/stm32cubeide_1.7.0/stm32cubeide/plugins/com.st.stm32cube.ide.mcu.externaltools.gnu-tools-for-stm32.9-2020-q2-update.win32_2.0.0.202105311346/tools/bin/../lib/gcc/arm-none-eabi/9.3.1/../../../../arm-none-eabi/lib/thumb/v7e-m+fp/hard\libc_nano.a(lib_a-nano-vfprintf.o)
 .text.__sfputs_r
                0x0000000008007af2       0x24 c:/st/stm32cubeide_1.7.0/stm32cubeide/plugins/com.st.stm32cube.ide.mcu.externaltools.gnu-tools-for-stm32.9-2020-q2-update.win32_2.0.0.202105311346/tools/bin/../lib/gcc/arm-none-eabi/9.3.1/../../../../arm-none-eabi/lib/thumb/v7e-m+fp/hard\libc_nano.a(lib_a-nano-vfprintf.o)
                0x0000000008007af2                __sfputs_r
 *fill*         0x0000000008007b16        0x2 
 .text._vfprintf_r
                0x0000000008007b18      0x260 c:/st/stm32cubeide_1.7.0/stm32cubeide/plugins/com.st.stm32cube.ide.mcu.externaltools.gnu-tools-for-stm32.9-2020-q2-update.win32_2.0.0.202105311346/tools/bin/../lib/gcc/arm-none-eabi/9.3.1/../../../../arm-none-eabi/lib/thumb/v7e-m+fp/hard\libc_nano.a(lib_a-nano-vfprintf.o)
                0x0000000008007b18                _vfprintf_r
                0x0000000008007b18                _vfiprintf_r
 .text._printf_common
                0x0000000008007d78       0xda c:/st/stm32cubeide_1.7.0/stm32cubeide/plugins/com.st.stm32cube.ide.mcu.externaltools.gnu-tools-for-stm32.9-2020-q2-update.win32_2.0.0.202105311346/tools/bin/../lib/gcc/arm-none-eabi/9.3.1/../../../../arm-none-eabi/lib/thumb/v7e-m+fp/hard\libc_nano.a(lib_a-nano-vfprintf_i.o)
                0x0000000008007d78                _printf_common
 *fill*         0x0000000008007e52        0x2 
 .text._printf_i
                0x0000000008007e54      0x24c c:/st/stm32cubeide_1.7.0/stm32cubeide/plugins/com.st.stm32cube.ide.mcu.externaltools.gnu-tools-for-stm32.9-2020-q2-update.win32_2.0.0.202105311346/tools/bin/../lib/gcc/arm-none-eabi/9.3.1/../../../../arm-none-eabi/lib/thumb/v7e-m+fp/hard\libc_nano.a(lib_a-nano-vfprintf_i.o)
                0x0000000008007e54                _printf_i
 .text.__swbuf_r
                0x00000000080080a0       0xa4 c:/st/stm32cubeide_1.7.0/stm32cubeide/plugins/com.st.stm32cube.ide.mcu.externaltools.gnu-tools-for-stm32.9-2020-q2-update.win32_2.0.0.202105311346/tools/bin/../lib/gcc/arm-none-eabi/9.3.1/../../../../arm-none-eabi/lib/thumb/v7e-m+fp/hard\libc_nano.a(lib_a-wbuf.o)
                0x00000000080080a0                __swbuf_r
 .text.__swsetup_r
                0x0000000008008144       0xdc c:/st/stm32cubeide_1.7.0/stm32cubeide/plugins/com.st.stm32cube.ide.mcu.externaltools.gnu-tools-for-stm32.9-2020-q2-update.win32_2.0.0.202105311346/tools/bin/../lib/gcc/arm-none-eabi/9.3.1/../../../../arm-none-eabi/lib/thumb/v7e-m+fp/hard\libc_nano.a(lib_a-wsetup.o)
                0x0000000008008144                __swsetup_r
 .text.__sflush_r
                0x0000000008008220      0x10c c:/st/stm32cubeide_1.7.0/stm32cubeide/plugins/com.st.stm32cube.ide.mcu.externaltools.gnu-tools-for-stm32.9-2020-q2-update.win32_2.0.0.202105311346/tools/bin/../lib/gcc/arm-none-eabi/9.3.1/../../../../arm-none-eabi/lib/thumb/v7e-m+fp/hard\libc_nano.a(lib_a-fflush.o)
                0x0000000008008220                __sflush_r
 .text._fflush_r
                0x000000000800832c       0x78 c:/st/stm32cubeide_1.7.0/stm32cubeide/plugins/com.st.stm32cube.ide.mcu.externaltools.gnu-tools-for-stm32.9-2020-q2-update.win32_2.0.0.202105311346/tools/bin/../lib/gcc/arm-none-eabi/9.3.1/../../../../arm-none-eabi/lib/thumb/v7e-m+fp/hard\libc_nano.a(lib_a-fflush.o)
                0x000000000800832c                _fflush_r
 .text.std      0x00000000080083a4       0x48 c:/st/stm32cubeide_1.7.0/stm32cubeide/plugins/com.st.stm32cube.ide.mcu.externaltools.gnu-tools-for-stm32.9-2020-q2-update.win32_2.0.0.202105311346/tools/bin/../lib/gcc/arm-none-eabi/9.3.1/../../../../arm-none-eabi/lib/thumb/v7e-m+fp/hard\libc_nano.a(lib_a-findfp.o)
 .text._cleanup_r
                0x00000000080083ec        0xc c:/st/stm32cubeide_1.7.0/stm32cubeide/plugins/com.st.stm32cube.ide.mcu.externaltools.gnu-tools-for-stm32.9-2020-q2-update.win32_2.0.0.202105311346/tools/bin/../lib/gcc/arm-none-eabi/9.3.1/../../../../arm-none-eabi/lib/thumb/v7e-m+fp/hard\libc_nano.a(lib_a-findfp.o)
                0x00000000080083ec                _cleanup_r
 .text.__sfmoreglue
                0x00000000080083f8       0x2c c:/st/stm32cubeide_1.7.0/stm32cubeide/plugins/com.st.stm32cube.ide.mcu.externaltools.gnu-tools-for-stm32.9-2020-q2-update.win32_2.0.0.202105311346/tools/bin/../lib/gcc/arm-none-eabi/9.3.1/../../../../arm-none-eabi/lib/thumb/v7e-m+fp/hard\libc_nano.a(lib_a-findfp.o)
                0x00000000080083f8                __sfmoreglue
 .text.__sfp_lock_acquire
                0x0000000008008424        0xc c:/st/stm32cubeide_1.7.0/stm32cubeide/plugins/com.st.stm32cube.ide.mcu.externaltools.gnu-tools-for-stm32.9-2020-q2-update.win32_2.0.0.202105311346/tools/bin/../lib/gcc/arm-none-eabi/9.3.1/../../../../arm-none-eabi/lib/thumb/v7e-m+fp/hard\libc_nano.a(lib_a-findfp.o)
                0x0000000008008424                __sfp_lock_acquire
 .text.__sfp_lock_release
                0x0000000008008430        0xc c:/st/stm32cubeide_1.7.0/stm32cubeide/plugins/com.st.stm32cube.ide.mcu.externaltools.gnu-tools-for-stm32.9-2020-q2-update.win32_2.0.0.202105311346/tools/bin/../lib/gcc/arm-none-eabi/9.3.1/../../../../arm-none-eabi/lib/thumb/v7e-m+fp/hard\libc_nano.a(lib_a-findfp.o)
                0x0000000008008430                __sfp_lock_release
 .text.__sinit_lock_acquire
                0x000000000800843c        0xc c:/st/stm32cubeide_1.7.0/stm32cubeide/plugins/com.st.stm32cube.ide.mcu.externaltools.gnu-tools-for-stm32.9-2020-q2-update.win32_2.0.0.202105311346/tools/bin/../lib/gcc/arm-none-eabi/9.3.1/../../../../arm-none-eabi/lib/thumb/v7e-m+fp/hard\libc_nano.a(lib_a-findfp.o)
                0x000000000800843c                __sinit_lock_acquire
 .text.__sinit_lock_release
                0x0000000008008448        0xc c:/st/stm32cubeide_1.7.0/stm32cubeide/plugins/com.st.stm32cube.ide.mcu.externaltools.gnu-tools-for-stm32.9-2020-q2-update.win32_2.0.0.202105311346/tools/bin/../lib/gcc/arm-none-eabi/9.3.1/../../../../arm-none-eabi/lib/thumb/v7e-m+fp/hard\libc_nano.a(lib_a-findfp.o)
                0x0000000008008448                __sinit_lock_release
 .text.__sinit  0x0000000008008454       0x70 c:/st/stm32cubeide_1.7.0/stm32cubeide/plugins/com.st.stm32cube.ide.mcu.externaltools.gnu-tools-for-stm32.9-2020-q2-update.win32_2.0.0.202105311346/tools/bin/../lib/gcc/arm-none-eabi/9.3.1/../../../../arm-none-eabi/lib/thumb/v7e-m+fp/hard\libc_nano.a(lib_a-findfp.o)
                0x0000000008008454                __sinit
 .text.__sfp    0x00000000080084c4       0x8c c:/st/stm32cubeide_1.7.0/stm32cubeide/plugins/com.st.stm32cube.ide.mcu.externaltools.gnu-tools-for-stm32.9-2020-q2-update.win32_2.0.0.202105311346/tools/bin/../lib/gcc/arm-none-eabi/9.3.1/../../../../arm-none-eabi/lib/thumb/v7e-m+fp/hard\libc_nano.a(lib_a-findfp.o)
                0x00000000080084c4                __sfp
 .text._fwalk_reent
                0x0000000008008550       0x3e c:/st/stm32cubeide_1.7.0/stm32cubeide/plugins/com.st.stm32cube.ide.mcu.externaltools.gnu-tools-for-stm32.9-2020-q2-update.win32_2.0.0.202105311346/tools/bin/../lib/gcc/arm-none-eabi/9.3.1/../../../../arm-none-eabi/lib/thumb/v7e-m+fp/hard\libc_nano.a(lib_a-fwalk.o)
                0x0000000008008550                _fwalk_reent
 .text.__swhatbuf_r
                0x000000000800858e       0x48 c:/st/stm32cubeide_1.7.0/stm32cubeide/plugins/com.st.stm32cube.ide.mcu.externaltools.gnu-tools-for-stm32.9-2020-q2-update.win32_2.0.0.202105311346/tools/bin/../lib/gcc/arm-none-eabi/9.3.1/../../../../arm-none-eabi/lib/thumb/v7e-m+fp/hard\libc_nano.a(lib_a-makebuf.o)
                0x000000000800858e                __swhatbuf_r
 *fill*         0x00000000080085d6        0x2 
 .text.__smakebuf_r
                0x00000000080085d8       0x80 c:/st/stm32cubeide_1.7.0/stm32cubeide/plugins/com.st.stm32cube.ide.mcu.externaltools.gnu-tools-for-stm32.9-2020-q2-update.win32_2.0.0.202105311346/tools/bin/../lib/gcc/arm-none-eabi/9.3.1/../../../../arm-none-eabi/lib/thumb/v7e-m+fp/hard\libc_nano.a(lib_a-makebuf.o)
                0x00000000080085d8                __smakebuf_r
 .text.memcpy   0x0000000008008658       0x1c c:/st/stm32cubeide_1.7.0/stm32cubeide/plugins/com.st.stm32cube.ide.mcu.externaltools.gnu-tools-for-stm32.9-2020-q2-update.win32_2.0.0.202105311346/tools/bin/../lib/gcc/arm-none-eabi/9.3.1/../../../../arm-none-eabi/lib/thumb/v7e-m+fp/hard\libc_nano.a(lib_a-memcpy-stub.o)
                0x0000000008008658                memcpy
 .text.memmove  0x0000000008008674       0x34 c:/st/stm32cubeide_1.7.0/stm32cubeide/plugins/com.st.stm32cube.ide.mcu.externaltools.gnu-tools-for-stm32.9-2020-q2-update.win32_2.0.0.202105311346/tools/bin/../lib/gcc/arm-none-eabi/9.3.1/../../../../arm-none-eabi/lib/thumb/v7e-m+fp/hard\libc_nano.a(lib_a-memmove.o)
                0x0000000008008674                memmove
 .text._realloc_r
                0x00000000080086a8       0x4c c:/st/stm32cubeide_1.7.0/stm32cubeide/plugins/com.st.stm32cube.ide.mcu.externaltools.gnu-tools-for-stm32.9-2020-q2-update.win32_2.0.0.202105311346/tools/bin/../lib/gcc/arm-none-eabi/9.3.1/../../../../arm-none-eabi/lib/thumb/v7e-m+fp/hard\libc_nano.a(lib_a-nano-reallocr.o)
                0x00000000080086a8                _realloc_r
 .text.__sread  0x00000000080086f4       0x22 c:/st/stm32cubeide_1.7.0/stm32cubeide/plugins/com.st.stm32cube.ide.mcu.externaltools.gnu-tools-for-stm32.9-2020-q2-update.win32_2.0.0.202105311346/tools/bin/../lib/gcc/arm-none-eabi/9.3.1/../../../../arm-none-eabi/lib/thumb/v7e-m+fp/hard\libc_nano.a(lib_a-stdio.o)
                0x00000000080086f4                __sread
 .text.__swrite
                0x0000000008008716       0x38 c:/st/stm32cubeide_1.7.0/stm32cubeide/plugins/com.st.stm32cube.ide.mcu.externaltools.gnu-tools-for-stm32.9-2020-q2-update.win32_2.0.0.202105311346/tools/bin/../lib/gcc/arm-none-eabi/9.3.1/../../../../arm-none-eabi/lib/thumb/v7e-m+fp/hard\libc_nano.a(lib_a-stdio.o)