Archive member included to satisfy reference by file (symbol)

c:/st/stm32cubeide_1.7.0/stm32cubeide/plugins/com.st.stm32cube.ide.mcu.externaltools.gnu-tools-for-stm32.9-2020-q2-update.win32_2.0.0.202105311346/tools/bin/../lib/gcc/arm-none-eabi/9.3.1/../../../../arm-none-eabi/lib/thumb/v7e-m+fp/hard\libstdc++_nano.a(del_ops.o)
                              ./Components/console/controller.o (operator delete(void*, unsigned int))
c:/st/stm32cubeide_1.7.0/stm32cubeide/plugins/com.st.stm32cube.ide.mcu.externaltools.gnu-tools-for-stm32.9-2020-q2-update.win32_2.0.0.202105311346/tools/bin/../lib/gcc/arm-none-eabi/9.3.1/../../../../arm-none-eabi/lib/thumb/v7e-m+fp/hard\libstdc++_nano.a(guard.o)
                              ./Components/console/controller.o (__cxa_guard_acquire)
c:/st/stm32cubeide_1.7.0/stm32cubeide/plugins/com.st.stm32cube.ide.mcu.externaltools.gnu-tools-for-stm32.9-2020-q2-update.win32_2.0.0.202105311346/tools/bin/../lib/gcc/arm-none-eabi/9.3.1/../../../../arm-none-eabi/lib/thumb/v7e-m+fp/hard\libstdc++_nano.a(new_op.o)
                              ./Components/console/controller.o (operator new(unsigned int))
c:/st/stm32cubeide_1.7.0/stm32cubeide/plugins/com.st.stm32cube.ide.mcu.externaltools.gnu-tools-for-stm32.9-2020-q2-update.win32_2.0.0.202105311346/tools/bin/../lib/gcc/arm-none-eabi/9.3.1/../../../../arm-none-eabi/lib/thumb/v7e-m+fp/hard\libstdc++_nano.a(pure.o)
                              ./Components/console/controller.o (__cxa_pure_virtual)
c:/st/stm32cubeide_1.7.0/stm32cubeide/plugins/com.st.stm32cube.ide.mcu.externaltools.gnu-tools-for-stm32.9-2020-q2-update.win32_2.0.0.202105311346/tools/bin/../lib/gcc/arm-none-eabi/9.3.1/../../../../arm-none-eabi/lib/thumb/v7e-m+fp/hard\libstdc++_nano.a(del_op.o)
                              c:/st/stm32cubeide_1.7.0/stm32cubeide/plugins/com.st.stm32cube.ide.mcu.externaltools.gnu-tools-for-stm32.9-2020-q2-update.win32_2.0.0.202105311346/tools/bin/../lib/gcc/arm-none-eabi/9.3.1/../../../../arm-none-eabi/lib/thumb/v7e-m+fp/hard\libstdc++_nano.a(del_ops.o) (operator delete(void*))
c:/st/stm32cubeide_1.7.0/stm32cubeide/plugins/com.st.stm32cube.ide.mcu.externaltools.gnu-tools-for-stm32.9-2020-q2-update.win32_2.0.0.202105311346/tools/bin/../lib/gcc/arm-none-eabi/9.3.1/../../../../arm-none-eabi/lib/thumb/v7e-m+fp/hard\libstdc++_nano.a(eh_terminate.o)
                              c:/st/stm32cubeide_1.7.0/stm32cubeide/plugins/com.st.stm32cube.ide.mcu.externaltools.gnu-tools-for-stm32.9-2020-q2-update.win32_2.0.0.202105311346/tools/bin/../lib/gcc/arm-none-eabi/9.3.1/../../../../arm-none-eabi/lib/thumb/v7e-m+fp/hard\libstdc++_nano.a(pure.o) (std::terminate())
c:/st/stm32cubeide_1.7.0/stm32cubeide/plugins/com.st.stm32cube.ide.mcu.externaltools.gnu-tools-for-stm32.9-2020-q2-update.win32_2.0.0.202105311346/tools/bin/../lib/gcc/arm-none-eabi/9.3.1/../../../../arm-none-eabi/lib/thumb/v7e-m+fp/hard\libstdc++_nano.a(eh_unex_handler.o)
                              c:/st/stm32cubeide_1.7.0/stm32cubeide/plugins/com.st.stm32cube.ide.mcu.externaltools.gnu-tools-for-stm32.9-2020-q2-update.win32_2.0.0.202105311346/tools/bin/../lib/gcc/arm-none-eabi/9.3.1/../../../../arm-none-eabi/lib/thumb/v7e-m+fp/hard\libstdc++_nano.a(eh_terminate.o) (__cxxabiv1::__unexpected_handler)
c:/st/stm32cubeide_1.7.0/stm32cubeide/plugins/com.st.stm32cube.ide.mcu.externaltools.gnu-tools-for-stm32.9-2020-q2-update.win32_2.0.0.202105311346/tools/bin/../lib/gcc/arm-none-eabi/9.3.1/../../../../arm-none-eabi/lib/thumb/v7e-m+fp/hard\libstdc++_nano.a(new_handler.o)
                              c:/st/stm32cubeide_1.7.0/stm32cubeide/plugins/com.st.stm32cube.ide.mcu.externaltools.gnu-tools-for-stm32.9-2020-q2-update.win32_2.0.0.202105311346/tools/bin/../lib/gcc/arm-none-eabi/9.3.1/../../../../arm-none-eabi/lib/thumb/v7e-m+fp/hard\libstdc++_nano.a(new_op.o) (std::get_new_handler())
c:/st/stm32cubeide_1.7.0/stm32cubeide/plugins/com.st.stm32cube.ide.mcu.externaltools.gnu-tools-for-stm32.9-2020-q2-update.win32_2.0.0.202105311346/tools/bin/../lib/gcc/arm-none-eabi/9.3.1/../../../../arm-none-eabi/lib/thumb/v7e-m+fp/hard\libstdc++_nano.a(eh_term_handler.o)
                              c:/st/stm32cubeide_1.7.0/stm32cubeide/plugins/com.st.stm32cube.ide.mcu.externaltools.gnu-tools-for-stm32.9-2020-q2-update.win32_2.0.0.202105311346/tools/bin/../lib/gcc/arm-none-eabi/9.3.1/../../../../arm-none-eabi/lib/thumb/v7e-m+fp/hard\libstdc++_nano.a(eh_terminate.o) (__cxxabiv1::__terminate_handler)
c:/st/stm32cubeide_1.7.0/stm32cubeide/plugins/com.st.stm32cube.ide.mcu.externaltools.gnu-tools-for-stm32.9-2020-q2-update.win32_2.0.0.202105311346/tools/bin/../lib/gcc/arm-none-eabi/9.3.1/../../../../arm-none-eabi/lib/thumb/v7e-m+fp/hard\libm.a(lib_a-s_cos.o)
                              ./Components/test/console/console.o (cos)
[...]
Memory Configuration

Name             Origin             Length             Attributes
RAM              0x0000000020000000 0x0000000000008000 xrw
FLASH            0x0000000008000000 0x0000000000020000 xr
*default*        0x0000000000000000 0xffffffffffffffff

Linker script and memory map

LOAD c:/st/stm32cubeide_1.7.0/stm32cubeide/plugins/com.st.stm32cube.ide.mcu.externaltools.gnu-tools-for-stm32.9-2020-q2-update.win32_2.0.0.202105311346/tools/bin/../lib/gcc/arm-none-eabi/9.3.1/thumb/v7e-m+fp/hard/crti.o
LOAD c:/st/stm32cubeide_1.7.0/stm32cubeide/plugins/com.st.stm32cube.ide.mcu.externaltools.gnu-tools-for-stm32.9-2020-q2-update.win32_2.0.0.202105311346/tools/bin/../lib/gcc/arm-none-eabi/9.3.1/thumb/v7e-m+fp/hard/crtbegin.o
LOAD c:/st/stm32cubeide_1.7.0/stm32cubeide/plugins/com.st.stm32cube.ide.mcu.externaltools.gnu-tools-for-stm32.9-2020-q2-update.win32_2.0.0.202105311346/tools/bin/../lib/gcc/arm-none-eabi/9.3.1/../../../../arm-none-eabi/lib/thumb/v7e-m+fp/hard/crt0.o
LOAD ./Components/console/controller.o
LOAD ./Components/console/driver.o
LOAD ./Components/console/hal.o
LOAD ./Components/console/plot.o
LOAD ./Components/core/engine.o
LOAD ./Components/core/system.o
LOAD ./Components/core/task.o
LOAD ./Components/oscilloscope/dual.o
LOAD ./Components/oscilloscope/quad.o
LOAD ./Components/oscilloscope/single.o
LOAD ./Components/oscilloscope/triple.o
LOAD ./Components/test/console/console.o
LOAD ./Components/test/console/main.o
LOAD ./Core/Src/dma.o
LOAD ./Core/Src/gpio.o
LOAD ./Core/Src/main.o
LOAD ./Core/Src/stm32g4xx_hal_msp.o
LOAD ./Core/Src/syscalls.o
LOAD ./Core/Src/sysmem.o
LOAD ./Core/Src/system_stm32g4xx.o
LOAD ./Core/Src/usart.o
LOAD ./Core/Startup/startup_stm32g431rbtx.o
LOAD ./Drivers/STM32G4xx_HAL_Driver/Src/stm32g4xx_hal.o
LOAD ./Drivers/STM32G4xx_HAL_Driver/Src/stm32g4xx_hal_cortex.o
LOAD ./Drivers/STM32G4xx_HAL_Driver/Src/stm32g4xx_hal_dma.o
LOAD ./Drivers/STM32G4xx_HAL_Driver/Src/stm32g4xx_hal_dma_ex.o
LOAD ./Drivers/STM32G4xx_HAL_Driver/Src/stm32g4xx_hal_exti.o
LOAD ./Drivers/STM32G4xx_HAL_Driver/Src/stm32g4xx_hal_flash.o
LOAD ./Drivers/STM32G4xx_HAL_Driver/Src/stm32g4xx_hal_flash_ex.o
LOAD ./Drivers/STM32G4xx_HAL_Driver/Src/stm32g4xx_hal_flash_ramfunc.o
LOAD ./Drivers/STM32G4xx_HAL_Driver/Src/stm32g4xx_hal_gpio.o
LOAD ./Drivers/STM32G4xx_HAL_Driver/Src/stm32g4xx_hal_pwr.o
LOAD ./Drivers/STM32G4xx_HAL_Driver/Src/stm32g4xx_hal_pwr_ex.o
LOAD ./Drivers/STM32G4xx_HAL_Driver/Src/stm32g4xx_hal_rcc.o
LOAD ./Drivers/STM32G4xx_HAL_Driver/Src/stm32g4xx_hal_rcc_ex.o
LOAD ./Drivers/STM32G4xx_HAL_Driver/Src/stm32g4xx_hal_tim.o
LOAD ./Drivers/STM32G4xx_HAL_Driver/Src/stm32g4xx_hal_tim_ex.o
LOAD ./Drivers/STM32G4xx_HAL_Driver/Src/stm32g4xx_ll_dma.o
LOAD ./Drivers/STM32G4xx_HAL_Driver/Src/stm32g4xx_ll_exti.o
LOAD ./Drivers/STM32G4xx_HAL_Driver/Src/stm32g4xx_ll_gpio.o
LOAD ./Drivers/STM32G4xx_HAL_Driver/Src/stm32g4xx_ll_rcc.o
LOAD ./Drivers/STM32G4xx_HAL_Driver/Src/stm32g4xx_ll_usart.o
LOAD ./Drivers/STM32G4xx_HAL_Driver/Src/stm32g4xx_ll_utils.o
START GROUP
LOAD c:/st/stm32cubeide_1.7.0/stm32cubeide/plugins/com.st.stm32cube.ide.mcu.externaltools.gnu-tools-for-stm32.9-2020-q2-update.win32_2.0.0.202105311346/tools/bin/../lib/gcc/arm-none-eabi/9.3.1/../../../../arm-none-eabi/lib/thumb/v7e-m+fp/hard\libstdc++_nano.a
LOAD c:/st/stm32cubeide_1.7.0/stm32cubeide/plugins/com.st.stm32cube.ide.mcu.externaltools.gnu-tools-for-stm32.9-2020-q2-update.win32_2.0.0.202105311346/tools/bin/../lib/gcc/arm-none-eabi/9.3.1/../../../../arm-none-eabi/lib/thumb/v7e-m+fp/hard\libsupc++_nano.a
END GROUP
LOAD c:/st/stm32cubeide_1.7.0/stm32cubeide/plugins/com.st.stm32cube.ide.mcu.externaltools.gnu-tools-for-stm32.9-2020-q2-update.win32_2.0.0.202105311346/tools/bin/../lib/gcc/arm-none-eabi/9.3.1/../../../../arm-none-eabi/lib/thumb/v7e-m+fp/hard\libstdc++_nano.a
LOAD c:/st/stm32cubeide_1.7.0/stm32cubeide/plugins/com.st.stm32cube.ide.mcu.externaltools.gnu-tools-for-stm32.9-2020-q2-update.win32_2.0.0.202105311346/tools/bin/../lib/gcc/arm-none-eabi/9.3.1/../../../../arm-none-eabi/lib/thumb/v7e-m+fp/hard\libm.a
LOAD c:/st/stm32cubeide_1.7.0/stm32cubeide/plugins/com.st.stm32cube.ide.mcu.externaltools.gnu-tools-for-stm32.9-2020-q2-update.win32_2.0.0.202105311346/tools/bin/../lib/gcc/arm-none-eabi/9.3.1/../../../../arm-none-eabi/lib/thumb/v7e-m+fp/hard\libc_nano.a
START GROUP
LOAD c:/st/stm32cubeide_1.7.0/stm32cubeide/plugins/com.st.stm32cube.ide.mcu.externaltools.gnu-tools-for-stm32.9-2020-q2-update.win32_2.0.0.202105311346/tools/bin/../lib/gcc/arm-none-eabi/9.3.1/thumb/v7e-m+fp/hard\libgcc.a
LOAD c:/st/stm32cubeide_1.7.0/stm32cubeide/plugins/com.st.stm32cube.ide.mcu.externaltools.gnu-tools-for-stm32.9-2020-q2-update.win32_2.0.0.202105311346/tools/bin/../lib/gcc/arm-none-eabi/9.3.1/../../../../arm-none-eabi/lib/thumb/v7e-m+fp/hard\libc_nano.a
END GROUP
START GROUP
LOAD c:/st/stm32cubeide_1.7.0/stm32cubeide/plugins/com.st.stm32cube.ide.mcu.externaltools.gnu-tools-for-stm32.9-2020-q2-update.win32_2.0.0.202105311346/tools/bin/../lib/gcc/arm-none-eabi/9.3.1/thumb/v7e-m+fp/hard\libgcc.a
LOAD c:/st/stm32cubeide_1.7.0/stm32cubeide/plugins/com.st.stm32cube.ide.mcu.externaltools.gnu-tools-for-stm32.9-2020-q2-update.win32_2.0.0.202105311346/tools/bin/../lib/gcc/arm-none-eabi/9.3.1/../../../../arm-none-eabi/lib/thumb/v7e-m+fp/hard\libc_nano.a
LOAD c:/st/stm32cubeide_1.7.0/stm32cubeide/plugins/com.st.stm32cube.ide.mcu.externaltools.gnu-tools-for-stm32.9-2020-q2-update.win32_2.0.0.202105311346/tools/bin/../lib/gcc/arm-none-eabi/9.3.1/../../../../arm-none-eabi/lib/thumb/v7e-m+fp/hard\libnosys.a
END GROUP
START GROUP
LOAD c:/st/stm32cubeide_1.7.0/stm32cubeide/plugins/com.st.stm32cube.ide.mcu.externaltools.gnu-tools-for-stm32.9-2020-q2-update.win32_2.0.0.202105311346/tools/bin/../lib/gcc/arm-none-eabi/9.3.1/thumb/v7e-m+fp/hard\libgcc.a
LOAD c:/st/stm32cubeide_1.7.0/stm32cubeide/plugins/com.st.stm32cube.ide.mcu.externaltools.gnu-tools-for-stm32.9-2020-q2-update.win32_2.0.0.202105311346/tools/bin/../lib/gcc/arm-none-eabi/9.3.1/../../../../arm-none-eabi/lib/thumb/v7e-m+fp/hard\libc_nano.a
LOAD c:/st/stm32cubeide_1.7.0/stm32cubeide/plugins/com.st.stm32cube.ide.mcu.externaltools.gnu-tools-for-stm32.9-2020-q2-update.win32_2.0.0.202105311346/tools/bin/../lib/gcc/arm-none-eabi/9.3.1/../../../../arm-none-eabi/lib/thumb/v7e-m+fp/hard\libnosys.a
END GROUP
LOAD c:/st/stm32cubeide_1.7.0/stm32cubeide/plugins/com.st.stm32cube.ide.mcu.externaltools.gnu-tools-for-stm32.9-2020-q2-update.win32_2.0.0.202105311346/tools/bin/../lib/gcc/arm-none-eabi/9.3.1/thumb/v7e-m+fp/hard/crtend.o
LOAD c:/st/stm32cubeide_1.7.0/stm32cubeide/plugins/com.st.stm32cube.ide.mcu.externaltools.gnu-tools-for-stm32.9-2020-q2-update.win32_2.0.0.202105311346/tools/bin/../lib/gcc/arm-none-eabi/9.3.1/thumb/v7e-m+fp/hard/crtn.o
                0x0000000020008000                _estack = (ORIGIN (RAM) + LENGTH (RAM))
                0x0000000000000200                _Min_Heap_Size = 0x200
                0x0000000000000400                _Min_Stack_Size = 0x400

.isr_vector     0x0000000008000000      0x1d8
                0x0000000008000000                . = ALIGN (0x4)
 *(.isr_vector)
 .isr_vector    0x0000000008000000      0x1d8 ./Core/Startup/startup_stm32g431rbtx.o
                0x0000000008000000                g_pfnVectors
                0x00000000080001d8                . = ALIGN (0x4)

.text           0x00000000080001e0     0x90e4
                0x00000000080001e0                . = ALIGN (0x4)
 *(.text)
 .text          0x00000000080001e0       0x40 c:/st/stm32cubeide_1.7.0/stm32cubeide/plugins/com.st.stm32cube.ide.mcu.externaltools.gnu-tools-for-stm32.9-2020-q2-update.win32_2.0.0.202105311346/tools/bin/../lib/gcc/arm-none-eabi/9.3.1/thumb/v7e-m+fp/hard/crtbegin.o
 .text          0x0000000008000220       0x10 c:/st/stm32cubeide_1.7.0/stm32cubeide/plugins/com.st.stm32cube.ide.mcu.externaltools.gnu-tools-for-stm32.9-2020-q2-update.win32_2.0.0.202105311346/tools/bin/../lib/gcc/arm-none-eabi/9.3.1/../../../../arm-none-eabi/lib/thumb/v7e-m+fp/hard\libc_nano.a(lib_a-strlen.o)
                0x0000000008000220                strlen
 .text          0x0000000008000230       0xa0 c:/st/stm32cubeide_1.7.0/stm32cubeide/plugins/com.st.stm32cube.ide.mcu.externaltools.gnu-tools-for-stm32.9-2020-q2-update.win32_2.0.0.202105311346/tools/bin/../lib/gcc/arm-none-eabi/9.3.1/../../../../arm-none-eabi/lib/thumb/v7e-m+fp/hard\libc_nano.a(lib_a-memchr.o)
                0x0000000008000230                memchr
 .text          0x00000000080002d0      0x378 c:/st/stm32cubeide_1.7.0/stm32cubeide/plugins/com.st.stm32cube.ide.mcu.externaltools.gnu-tools-for-stm32.9-2020-q2-update.win32_2.0.0.202105311346/tools/bin/../lib/gcc/arm-none-eabi/9.3.1/thumb/v7e-m+fp/hard\libgcc.a(_arm_addsubdf3.o)
                0x00000000080002d0                __aeabi_drsub
                0x00000000080002d8                __aeabi_dsub
                0x00000000080002d8                __subdf3
                0x00000000080002dc                __aeabi_dadd
                0x00000000080002dc                __adddf3
                0x0000000008000554                __floatunsidf
                0x0000000008000554                __aeabi_ui2d
                0x0000000008000574                __floatsidf
                0x0000000008000574                __aeabi_i2d
                0x0000000008000598                __aeabi_f2d
                0x0000000008000598                __extendsfdf2
                0x00000000080005dc                __floatundidf
                0x00000000080005dc                __aeabi_ul2d
                0x00000000080005ec                __floatdidf
                0x00000000080005ec                __aeabi_l2d
 .text          0x0000000008000648      0x424 c:/st/stm32cubeide_1.7.0/stm32cubeide/plugins/com.st.stm32cube.ide.mcu.externaltools.gnu-tools-for-stm32.9-2020-q2-update.win32_2.0.0.202105311346/tools/bin/../lib/gcc/arm-none-eabi/9.3.1/thumb/v7e-m+fp/hard\libgcc.a(_arm_muldivdf3.o)
                0x0000000008000648                __aeabi_dmul
                0x0000000008000648                __muldf3
                0x000000000800089c                __divdf3
                0x000000000800089c                __aeabi_ddiv
 .text          0x0000000008000a6c      0x110 c:/st/stm32cubeide_1.7.0/stm32cubeide/plugins/com.st.stm32cube.ide.mcu.externaltools.gnu-tools-for-stm32.9-2020-q2-update.win32_2.0.0.202105311346/tools/bin/../lib/gcc/arm-none-eabi/9.3.1/thumb/v7e-m+fp/hard\libgcc.a(_arm_cmpdf2.o)
                0x0000000008000a6c                __gtdf2
                0x0000000008000a6c                __gedf2
                0x0000000008000a74                __ltdf2
                0x0000000008000a74                __ledf2
                0x0000000008000a7c                __nedf2
                0x0000000008000a7c                __eqdf2
                0x0000000008000a7c                __cmpdf2
                0x0000000008000af8                __aeabi_cdrcmple
                0x0000000008000b08                __aeabi_cdcmpeq
                0x0000000008000b08                __aeabi_cdcmple
                0x0000000008000b18                __aeabi_dcmpeq
                0x0000000008000b2c                __aeabi_dcmplt
                0x0000000008000b40                __aeabi_dcmple
                0x0000000008000b54                __aeabi_dcmpge
                0x0000000008000b68                __aeabi_dcmpgt
 .text          0x0000000008000b7c       0x50 c:/st/stm32cubeide_1.7.0/stm32cubeide/plugins/com.st.stm32cube.ide.mcu.externaltools.gnu-tools-for-stm32.9-2020-q2-update.win32_2.0.0.202105311346/tools/bin/../lib/gcc/arm-none-eabi/9.3.1/thumb/v7e-m+fp/hard\libgcc.a(_arm_fixdfsi.o)
                0x0000000008000b7c                __aeabi_d2iz
                0x0000000008000b7c                __fixdfsi
 *(.text*)
 .text._ZN4core9Component4initEv
                0x0000000008000bcc       0x14 ./Components/console/controller.o
                0x0000000008000bcc                core::Component::init()
 .text._ZN4core9ComponentD2Ev
                0x0000000008000be0       0x20 ./Components/console/controller.o
                0x0000000008000be0                core::Component::~Component()
                0x0000000008000be0                core::Component::~Component()
 .text._ZN4core9ComponentD0Ev
                0x0000000008000c00       0x20 ./Components/console/controller.o
                0x0000000008000c00                core::Component::~Component()
 .text._ZN4core5EventD2Ev
                0x0000000008000c20       0x20 ./Components/console/controller.o
                0x0000000008000c20                core::Event::~Event()
                0x0000000008000c20                core::Event::~Event()
 .text._ZN4core5EventD0Ev
                0x0000000008000c40       0x20 ./Components/console/controller.o
                0x0000000008000c40                core::Event::~Event()
 .text._ZN7console10ControllerD2Ev
                0x0000000008000c60       0x24 ./Components/console/controller.o
                0x0000000008000c60                console::Controller::~Controller()
                0x0000000008000c60                console::Controller::~Controller()
 .text._ZN7console10ControllerD0Ev
                0x0000000008000c84       0x20 ./Components/console/controller.o
                0x0000000008000c84                console::Controller::~Controller()
 .text._ZN4core9ComponentC2Ev
                0x0000000008000ca4       0x20 ./Components/console/controller.o
                0x0000000008000ca4                core::Component::Component()
                0x0000000008000ca4                core::Component::Component()
 .text._ZN4core10EmptyEventC2EPNS_9ComponentEMS1_FvvE
                0x0000000008000cc4       0x40 ./Components/console/controller.o
                0x0000000008000cc4                core::EmptyEvent::EmptyEvent(core::Component*, void (core::Component::*)())
                0x0000000008000cc4                core::EmptyEvent::EmptyEvent(core::Component*, void (core::Component::*)())
 .text._ZN4core10EmptyEvent7executeEPNS_18AbstractEventQueueE
                0x0000000008000d04       0x4a ./Components/console/controller.o
                0x0000000008000d04                core::EmptyEvent::execute(core::AbstractEventQueue*)
 .text._ZN4core7Machine9NullStateEv
                0x0000000008000d4e       0x14 ./Components/console/controller.o
                0x0000000008000d4e                core::Machine::NullState()
 .text._ZN4core7Machine6check_EhMS0_FvvE
                0x0000000008000d62       0x22 ./Components/console/controller.o
                0x0000000008000d62                core::Machine::check_(unsigned char, void (core::Machine::*)())
 .text._ZN4core7Machine6start_EMS0_FvvE
                0x0000000008000d84       0x28 ./Components/console/controller.o
                0x0000000008000d84                core::Machine::start_(void (core::Machine::*)())
 .text._ZN4core13SimpleMachine7executeERh
                0x0000000008000dac      0x13e ./Components/console/controller.o
                0x0000000008000dac                core::SimpleMachine::execute(unsigned char&)
 .text._ZN4core13SimpleMachine6check_EhMNS_7MachineEFvvE
                0x0000000008000eea       0x3e ./Components/console/controller.o
                0x0000000008000eea                core::SimpleMachine::check_(unsigned char, void (core::Machine::*)())
 .text._ZN4core13SimpleMachine6start_EMNS_7MachineEFvvE
                0x0000000008000f28       0x5e ./Components/console/controller.o
                0x0000000008000f28                core::SimpleMachine::start_(void (core::Machine::*)())
 *fill*         0x0000000008000f86        0x2 
 .text.__tcf_3  0x0000000008000f88       0x10 ./Components/console/controller.o
 .text._ZN7console6Driver8instanceEv
                0x0000000008000f98       0x5c ./Components/console/controller.o
                0x0000000008000f98                console::Driver::instance()
 .text._ZN4core7MachineD2Ev
                0x0000000008000ff4       0x24 ./Components/console/controller.o
                0x0000000008000ff4                core::Machine::~Machine()
                0x0000000008000ff4                core::Machine::~Machine()
 .text._ZN4core7MachineD0Ev
                0x0000000008001018       0x20 ./Components/console/controller.o
                0x0000000008001018                core::Machine::~Machine()
 .text._ZN4core13SimpleMachineD2Ev
                0x0000000008001038       0x30 ./Components/console/controller.o
                0x0000000008001038                core::SimpleMachine::~SimpleMachine()
                0x0000000008001038                core::SimpleMachine::~SimpleMachine()
 .text._ZN4core13SimpleMachineD0Ev
                0x0000000008001068       0x20 ./Components/console/controller.o
                0x0000000008001068                core::SimpleMachine::~SimpleMachine()
 .text._ZN7console6DriverD2Ev
                0x0000000008001088       0x38 ./Components/console/controller.o
                0x0000000008001088                console::Driver::~Driver()
                0x0000000008001088                console::Driver::~Driver()
 .text._ZN7console6DriverD0Ev
                0x00000000080010c0       0x22 ./Components/console/controller.o
                0x00000000080010c0                console::Driver::~Driver()
 *fill*         0x00000000080010e2        0x2 
 .text._ZN4core7MachineC2Ev
                0x00000000080010e4       0x40 ./Components/console/controller.o
                0x00000000080010e4                core::Machine::Machine()
                0x00000000080010e4                core::Machine::Machine()
 .text._ZN4core13SimpleMachineC2Ev
                0x0000000008001124       0x48 ./Components/console/controller.o
                0x0000000008001124                core::SimpleMachine::SimpleMachine()
                0x0000000008001124                core::SimpleMachine::SimpleMachine()
 .text._ZN7console6DriverC2Ev
                0x000000000800116c       0xc0 ./Components/console/controller.o
                0x000000000800116c                console::Driver::Driver()
                0x000000000800116c                console::Driver::Driver()
 .text._ZN7console10Controller4initEv
                0x000000000800122c       0x2e ./Components/console/controller.o
                0x000000000800122c                console::Controller::init()
 .text._ZN7console10Controller5printEPKc
                0x000000000800125a       0x2e ./Components/console/controller.o
                0x000000000800125a                console::Controller::print(char const*)
 .text._ZN7console10Controller7sendOSCEhhtPKh
                0x0000000008001288       0xa0 ./Components/console/controller.o
                0x0000000008001288                console::Controller::sendOSC(unsigned char, unsigned char, unsigned short, unsigned char const*)
 .text._ZN7console10Controller6printfEPKcz
                0x0000000008001328       0x54 ./Components/console/controller.o
                0x0000000008001328                console::Controller::printf(char const*, ...)
 .text._ZN7console10Controller15registerCommandEtPFvthPhE
                0x000000000800137c       0x48 ./Components/console/controller.o
                0x000000000800137c                console::Controller::registerCommand(unsigned short, void (*)(unsigned short, unsigned char, unsigned char*))
 .text._ZN7console10Controller14updateIntFieldEtl
                0x00000000080013c4       0x54 ./Components/console/controller.o
                0x00000000080013c4                console::Controller::updateIntField(unsigned short, long)
 .text._ZN7console10Controller14processCommandEthPh
                0x0000000008001418       0x48 ./Components/console/controller.o
                0x0000000008001418                console::Controller::processCommand(unsigned short, unsigned char, unsigned char*)
 .text._ZN7console10Controller15updateTextFieldEtPc
                0x0000000008001460       0x2c ./Components/console/controller.o
                0x0000000008001460                console::Controller::updateTextField(unsigned short, char*)
 .text._ZN7console10Controller15updateTextFieldEthPh
                0x000000000800148c       0xc0 ./Components/console/controller.o
                0x000000000800148c                console::Controller::updateTextField(unsigned short, unsigned char, unsigned char*)
 .text._ZN4core10FixedEventIhEC2EPNS_9ComponentEMS2_FvRKhE
                0x000000000800154c       0x40 ./Components/console/controller.o
                0x000000000800154c                core::FixedEvent<unsigned char>::FixedEvent(core::Component*, void (core::Component::*)(unsigned char const&))
                0x000000000800154c                core::FixedEvent<unsigned char>::FixedEvent(core::Component*, void (core::Component::*)(unsigned char const&))
 .text._ZN4core10FixedEventIhED2Ev
                0x000000000800158c       0x24 ./Components/console/controller.o
                0x000000000800158c                core::FixedEvent<unsigned char>::~FixedEvent()
                0x000000000800158c                core::FixedEvent<unsigned char>::~FixedEvent()
 .text._ZN4core10FixedEventIhED0Ev
                0x00000000080015b0       0x20 ./Components/console/controller.o
                0x00000000080015b0                core::FixedEvent<unsigned char>::~FixedEvent()
 .text._ZN4core10EmptyEventD2Ev
                0x00000000080015d0       0x24 ./Components/console/controller.o
                0x00000000080015d0                core::EmptyEvent::~EmptyEvent()
                0x00000000080015d0                core::EmptyEvent::~EmptyEvent()
 .text._ZN4core10EmptyEventD0Ev
                0x00000000080015f4       0x20 ./Components/console/controller.o
                0x00000000080015f4                core::EmptyEvent::~EmptyEvent()
 .text._ZN4core10FixedEventIhE7executeEPNS_18AbstractEventQueueE
                0x0000000008001614       0x64 ./Components/console/controller.o
                0x0000000008001614                core::FixedEvent<unsigned char>::execute(core::AbstractEventQueue*)
 .text.LL_DMA_EnableChannel
                0x0000000008001678       0x44 ./Components/console/driver.o
 .text.LL_DMA_SetDataLength
                0x00000000080016bc       0x4c ./Components/console/driver.o
 .text.__tcf_1  0x0000000008001708       0x10 ./Components/console/driver.o
 .text._ZN7console10Controller8instanceEv
                0x0000000008001718       0x5c ./Components/console/driver.o
                0x0000000008001718                console::Controller::instance()
 .text._ZN7console10ControllerC2Ev
                0x0000000008001774       0x58 ./Components/console/driver.o
                0x0000000008001774                console::Controller::Controller()
                0x0000000008001774                console::Controller::Controller()
 .text._ZN7console6Driver11txAvailableEv
                0x00000000080017cc       0x2c ./Components/console/driver.o
                0x00000000080017cc                console::Driver::txAvailable()
 .text._ZN7console6Driver12transferDMA_Ev
                0x00000000080017f8       0x6c ./Components/console/driver.o
                0x00000000080017f8                console::Driver::transferDMA_()
 .text._ZN7console6Driver4initEv
                0x0000000008001864       0x14 ./Components/console/driver.o
                0x0000000008001864                console::Driver::init()
 .text._ZN7console6Driver14ReceiveHeader_Eh
                0x0000000008001878       0x30 ./Components/console/driver.o
                0x0000000008001878                console::Driver::ReceiveHeader_(unsigned char)
 .text._ZN7console6Driver14ReceiveLength_Eh
                0x00000000080018a8       0x6c ./Components/console/driver.o
                0x00000000080018a8                console::Driver::ReceiveLength_(unsigned char)
 .text._ZN7console6Driver12ReceiveType_Eh
                0x0000000008001914       0xa0 ./Components/console/driver.o
                0x0000000008001914                console::Driver::ReceiveType_(unsigned char)
 .text._ZN7console6Driver12ReceiveData_Eh
                0x00000000080019b4       0x68 ./Components/console/driver.o
                0x00000000080019b4                console::Driver::ReceiveData_(unsigned char)
 .text._ZN7console6Driver16ReceiveChecksum_Eh
                0x0000000008001a1c       0x48 ./Components/console/driver.o
                0x0000000008001a1c                console::Driver::ReceiveChecksum_(unsigned char)
 .text._ZN7console6Driver14ReceiveFooter_Eh
                0x0000000008001a64       0x44 ./Components/console/driver.o
                0x0000000008001a64                console::Driver::ReceiveFooter_(unsigned char)
 .text._ZN7console6Driver10sendPacketEthPKh
                0x0000000008001aa8      0x1c4 ./Components/console/driver.o
                0x0000000008001aa8                console::Driver::sendPacket(unsigned short, unsigned char, unsigned char const*)
 .text._ZN7console6Driver12sendHandler_Ev
                0x0000000008001c6c       0x3a ./Components/console/driver.o
                0x0000000008001c6c                console::Driver::sendHandler_()
 .text._ZN7console6Driver15receiveHandler_ERKh
                0x0000000008001ca6       0x4e ./Components/console/driver.o
                0x0000000008001ca6                console::Driver::receiveHandler_(unsigned char const&)
 .text.LL_DMA_DisableChannel
                0x0000000008001cf4       0x44 ./Components/console/hal.o
 .text.LL_DMA_GetDataTransferDirection
                0x0000000008001d38       0x34 ./Components/console/hal.o
 .text.LL_DMA_ConfigAddresses
                0x0000000008001d6c       0x7c ./Components/console/hal.o
 .text.LL_DMA_IsActiveFlag_TC1
                0x0000000008001de8       0x26 ./Components/console/hal.o
 .text.LL_DMA_IsActiveFlag_TE1
                0x0000000008001e0e       0x26 ./Components/console/hal.o
 .text.LL_DMA_ClearFlag_TC1
                0x0000000008001e34       0x1a ./Components/console/hal.o
 .text.LL_DMA_ClearFlag_TE1
                0x0000000008001e4e       0x1a ./Components/console/hal.o
 .text.LL_DMA_EnableIT_TC
                0x0000000008001e68       0x44 ./Components/console/hal.o
 .text.LL_DMA_EnableIT_TE
                0x0000000008001eac       0x44 ./Components/console/hal.o
 .text.LL_USART_IsActiveFlag_RXNE_RXFNE
                0x0000000008001ef0       0x26 ./Components/console/hal.o
 .text.LL_USART_IsActiveFlag_TC
                0x0000000008001f16       0x26 ./Components/console/hal.o
 .text.LL_USART_IsActiveFlag_TXE_TXFNF
                0x0000000008001f3c       0x26 ./Components/console/hal.o
 .text.LL_USART_EnableIT_RXNE_RXFNE
                0x0000000008001f62       0x20 ./Components/console/hal.o
 .text.LL_USART_EnableIT_ERROR
                0x0000000008001f82       0x20 ./Components/console/hal.o
 .text.LL_USART_DisableIT_TC
                0x0000000008001fa2       0x20 ./Components/console/hal.o
 .text.LL_USART_DisableIT_TXE_TXFNF
                0x0000000008001fc2       0x20 ./Components/console/hal.o
 .text.LL_USART_IsEnabledIT_RXNE_RXFNE
                0x0000000008001fe2       0x26 ./Components/console/hal.o
 .text.LL_USART_EnableDMAReq_TX
                0x0000000008002008       0x20 ./Components/console/hal.o
 .text.LL_USART_DMA_GetRegAddr
                0x0000000008002028       0x2c ./Components/console/hal.o
 .text.LL_USART_ReceiveData8
                0x0000000008002054       0x1a ./Components/console/hal.o
 *fill*         0x000000000800206e        0x2 
 .text._ZN4core10EventQueueD2Ev
                0x0000000008002070       0x20 ./Components/console/hal.o
                0x0000000008002070                core::EventQueue::~EventQueue()
                0x0000000008002070                core::EventQueue::~EventQueue()
 .text._ZN4core10EventQueueD0Ev
                0x0000000008002090       0x22 ./Components/console/hal.o
                0x0000000008002090                core::EventQueue::~EventQueue()
 .text._ZN4core10EventQueue4postEh
                0x00000000080020b2       0x74 ./Components/console/hal.o
                0x00000000080020b2                core::EventQueue::post(unsigned char)
 .text._ZN4core10EventQueue9pushFixedEhPhh
                0x0000000008002126       0xa4 ./Components/console/hal.o
                0x0000000008002126                core::EventQueue::pushFixed(unsigned char, unsigned char*, unsigned char)
 .text._ZN4core10EventQueue8popFixedEPhh
                0x00000000080021ca       0x3a ./Components/console/hal.o
                0x00000000080021ca                core::EventQueue::popFixed(unsigned char*, unsigned char)
 .text._ZN4core10EventQueue10pushBufferEhPhh
                0x0000000008002204       0xae ./Components/console/hal.o
                0x0000000008002204                core::EventQueue::pushBuffer(unsigned char, unsigned char*, unsigned char)
 .text._ZN4core10EventQueue9popBufferEPhRh
                0x00000000080022b2       0x4a ./Components/console/hal.o
                0x00000000080022b2                core::EventQueue::popBuffer(unsigned char*, unsigned char&)
 .text._ZN4core10EventQueue5push_Eh
                0x00000000080022fc       0x4c ./Components/console/hal.o
                0x00000000080022fc                core::EventQueue::push_(unsigned char)
 .text._ZN4core10EventQueue4pop_Ev
                0x0000000008002348       0x4a ./Components/console/hal.o
                0x0000000008002348                core::EventQueue::pop_()
 *fill*         0x0000000008002392        0x2 
 .text._ZN4core6EngineD2Ev
                0x0000000008002394       0x30 ./Components/console/hal.o
                0x0000000008002394                core::Engine::~Engine()
                0x0000000008002394                core::Engine::~Engine()
 .text._ZN4core6EngineD0Ev
                0x00000000080023c4       0x22 ./Components/console/hal.o
                0x00000000080023c4                core::Engine::~Engine()
 .text._ZN4core6Engine6eventsEv
                0x00000000080023e6       0x18 ./Components/console/hal.o
                0x00000000080023e6                core::Engine::events()
 *fill*         0x00000000080023fe        0x2 
 .text.__tcf_0  0x0000000008002400       0x10 ./Components/console/hal.o
 .text._ZN4core6Engine8instanceEv
                0x0000000008002410       0x5c ./Components/console/hal.o
                0x0000000008002410                core::Engine::instance()
 .text._ZN4core10EmptyEvent4postEv
                0x000000000800246c       0x2a ./Components/console/hal.o
                0x000000000800246c                core::EmptyEvent::post()
 .text._ZN7console6Driver7txQueueEv
                0x0000000008002496       0x1c ./Components/console/hal.o
                0x0000000008002496                console::Driver::txQueue()
 *fill*         0x00000000080024b2        0x2 
 .text._ZN7console4_HAL4initEv
                0x00000000080024b4       0x7c ./Components/console/hal.o
                0x00000000080024b4                console::_HAL::init()
 .text.USART2_IRQHandler
                0x0000000008002530       0x90 ./Components/console/hal.o
                0x0000000008002530                USART2_IRQHandler
 .text.DMA1_Channel1_IRQHandler
                0x00000000080025c0       0x60 ./Components/console/hal.o
                0x00000000080025c0                DMA1_Channel1_IRQHandler
 .text._ZN4core10FixedEventIhE4postERKh
                0x0000000008002620       0x30 ./Components/console/hal.o
                0x0000000008002620                core::FixedEvent<unsigned char>::post(unsigned char const&)
 .text._Z41__static_initialization_and_destruction_0ii
                0x0000000008002650       0x30 ./Components/console/hal.o
 .text._GLOBAL__sub_I_console_
                0x0000000008002680       0x10 ./Components/console/hal.o
 .text._ZN7console10Controller4plotEhl
                0x0000000008002690       0x4c ./Components/console/plot.o
                0x0000000008002690                console::Controller::plot(unsigned char, long)
 .text._ZN7console10Controller12plotHandler_Ev
                0x00000000080026dc      0x19a ./Components/console/plot.o
                0x00000000080026dc                console::Controller::plotHandler_()
 *fill*         0x0000000008002876        0x2 
 .text._ZN4core5EventC2Eh
                0x0000000008002878       0x2c ./Components/core/engine.o
                0x0000000008002878                core::Event::Event(unsigned char)
                0x0000000008002878                core::Event::Event(unsigned char)
 .text._ZN4core18AbstractEventQueueC2Ev
                0x00000000080028a4       0x20 ./Components/core/engine.o
                0x00000000080028a4                core::AbstractEventQueue::AbstractEventQueue()
                0x00000000080028a4                core::AbstractEventQueue::AbstractEventQueue()
 .text._ZN4core10EventQueueC2Ev
                0x00000000080028c4       0x6c ./Components/core/engine.o
                0x00000000080028c4                core::EventQueue::EventQueue()
                0x00000000080028c4                core::EventQueue::EventQueue()
 .text._ZN4core10EventQueue4nextEv
                0x0000000008002930       0x5a ./Components/core/engine.o
                0x0000000008002930                core::EventQueue::next()
 .text._ZN4core10EventQueue14registerEvent_EPNS_5EventE
                0x000000000800298a       0x3a ./Components/core/engine.o
                0x000000000800298a                core::EventQueue::registerEvent_(core::Event*)
 .text._ZN4core5EventC2Ev
                0x00000000080029c4       0x3c ./Components/core/engine.o
                0x00000000080029c4                core::Event::Event()
                0x00000000080029c4                core::Event::Event()
 .text._ZN4core6EngineC2Ev
                0x0000000008002a00       0x78 ./Components/core/engine.o
                0x0000000008002a00                core::Engine::Engine()
                0x0000000008002a00                core::Engine::Engine()
 .text._ZN4core6Engine3runEv
                0x0000000008002a78       0x20 ./Components/core/engine.o
                0x0000000008002a78                core::Engine::run()
 .text._ZN4core6Engine13registerTask_EPNS_4TaskE
                0x0000000008002a98       0x28 ./Components/core/engine.o
                0x0000000008002a98                core::Engine::registerTask_(core::Task*)
 .text._ZN4core6Engine10startTask_EPNS_4TaskE
                0x0000000008002ac0       0x92 ./Components/core/engine.o
                0x0000000008002ac0                core::Engine::startTask_(core::Task*)
 .text._ZN4core6Engine9stopTask_EPNS_4TaskE
                0x0000000008002b52       0x6c ./Components/core/engine.o
                0x0000000008002b52                core::Engine::stopTask_(core::Task*)
 .text._ZN4core6Engine7executeEPNS_18AbstractEventQueueE
                0x0000000008002bbe       0x8a ./Components/core/engine.o
                0x0000000008002bbe                core::Engine::execute(core::AbstractEventQueue*)
 .text.LL_SYSTICK_EnableIT
                0x0000000008002c48       0x20 ./Components/core/system.o
 .text._ZN4core6Engine4tickEv
                0x0000000008002c68       0x58 ./Components/core/system.o
                0x0000000008002c68                core::Engine::tick()
 .text.SysTick_Handler
                0x0000000008002cc0       0x18 ./Components/core/system.o
                0x0000000008002cc0                SysTick_Handler
 .text._Z10systemInitv
                0x0000000008002cd8       0x18 ./Components/core/system.o
                0x0000000008002cd8                systemInit()
 .text._ZN4core4TaskC2EPNS_9ComponentEMS1_FvvE
                0x0000000008002cf0       0x48 ./Components/core/task.o
                0x0000000008002cf0                core::Task::Task(core::Component*, void (core::Component::*)())
                0x0000000008002cf0                core::Task::Task(core::Component*, void (core::Component::*)())
 .text._ZN4core4Task5startEml
                0x0000000008002d38       0x4c ./Components/core/task.o
                0x0000000008002d38                core::Task::start(unsigned long, long)
 .text._ZN4core4Task4stopEv
                0x0000000008002d84       0x32 ./Components/core/task.o
                0x0000000008002d84                core::Task::stop()
 .text._ZN4core4Task4run_Ev
                0x0000000008002db6       0xae ./Components/core/task.o
                0x0000000008002db6                core::Task::run_()
 .text._ZN3osc4Data5resetEt
                0x0000000008002e64       0x42 ./Components/oscilloscope/dual.o
                0x0000000008002e64                osc::Data::reset(unsigned short)
 .text._ZN3osc4Data3addEt
                0x0000000008002ea6       0xe2 ./Components/oscilloscope/dual.o
                0x0000000008002ea6                osc::Data::add(unsigned short)
 .text._ZN3osc4Data5flushEv
                0x0000000008002f88       0xb2 ./Components/oscilloscope/dual.o
                0x0000000008002f88                osc::Data::flush()
 .text._ZN3osc4Data12prepareFlushEv
                0x000000000800303a       0x24 ./Components/oscilloscope/dual.o
                0x000000000800303a                osc::Data::prepareFlush()
 .text._ZN3osc4Dual5idle_Ett
                0x000000000800305e       0x1c ./Components/oscilloscope/dual.o
                0x000000000800305e                osc::Dual::idle_(unsigned short, unsigned short)
 *fill*         0x000000000800307a        0x2 
 .text._ZN3osc4DualC2Eht
                0x000000000800307c       0xa8 ./Components/oscilloscope/dual.o
                0x000000000800307c                osc::Dual::Dual(unsigned char, unsigned short)
                0x000000000800307c                osc::Dual::Dual(unsigned char, unsigned short)
 .text._ZN3osc4Dual13thresholding_Ett
                0x0000000008003124       0xcc ./Components/oscilloscope/dual.o
                0x0000000008003124                osc::Dual::thresholding_(unsigned short, unsigned short)
 .text._ZN3osc4Dual8probing_Ett
                0x00000000080031f0       0x90 ./Components/oscilloscope/dual.o
                0x00000000080031f0                osc::Dual::probing_(unsigned short, unsigned short)
 .text._ZN3osc4Dual6first_Ett
                0x0000000008003280       0x50 ./Components/oscilloscope/dual.o
                0x0000000008003280                osc::Dual::first_(unsigned short, unsigned short)
 .text._ZN3osc4Dual7adding_Ett
                0x00000000080032d0       0xa4 ./Components/oscilloscope/dual.o
                0x00000000080032d0                osc::Dual::adding_(unsigned short, unsigned short)
 .text._ZN3osc4Dual8c1Flush_Ev
                0x0000000008003374       0x3a ./Components/oscilloscope/dual.o
                0x0000000008003374                osc::Dual::c1Flush_()
 *fill*         0x00000000080033ae        0x2 
 .text._ZN3osc4Dual8c2Flush_Ev
                0x00000000080033b0       0x40 ./Components/oscilloscope/dual.o
                0x00000000080033b0                osc::Dual::c2Flush_()
 .text._ZN3osc4DualD2Ev
                0x00000000080033f0       0x3c ./Components/oscilloscope/dual.o
                0x00000000080033f0                osc::Dual::~Dual()
                0x00000000080033f0                osc::Dual::~Dual()
 .text._ZN3osc4DualD0Ev
                0x000000000800342c       0x22 ./Components/oscilloscope/dual.o
                0x000000000800342c                osc::Dual::~Dual()
 .text._ZN4core5Queue9availableEv
                0x000000000800344e       0x40 ./Components/test/console/console.o
                0x000000000800344e                core::Queue::available()
 .text._ZN4core5Queue5emptyEv
                0x000000000800348e       0x26 ./Components/test/console/console.o
                0x000000000800348e                core::Queue::empty()
 .text._ZN4core5Queue4pushEh
                0x00000000080034b4       0x48 ./Components/test/console/console.o
                0x00000000080034b4                core::Queue::push(unsigned char)
 .text._ZN4core5Queue3popEv
                0x00000000080034fc       0x4c ./Components/test/console/console.o
                0x00000000080034fc                core::Queue::pop()
 .text._ZN4core10EventQueue11getMinAvailEv
                0x0000000008003548       0x1a ./Components/test/console/console.o
                0x0000000008003548                core::EventQueue::getMinAvail()
 .text._ZN3osc4Dual4plotEtt
                0x0000000008003562       0x60 ./Components/test/console/console.o
                0x0000000008003562                osc::Dual::plot(unsigned short, unsigned short)
 .text._ZN4core6Strand4postEPNS_10EmptyEventEPNS_10FixedEventIhEE
                0x00000000080035c2       0x7e ./Components/test/console/console.o
                0x00000000080035c2                core::Strand::post(core::EmptyEvent*, core::FixedEvent<unsigned char>*)
 .text._ZN4core6Strand4doneEh
                0x0000000008003640       0x36 ./Components/test/console/console.o
                0x0000000008003640                core::Strand::done(unsigned char)
 .text._ZN4core6Strand8popFixedEPhh
                0x0000000008003676       0x44 ./Components/test/console/console.o
                0x0000000008003676                core::Strand::popFixed(unsigned char*, unsigned char)
                0x00000000080036b4                non-virtual thunk to core::Strand::popFixed(unsigned char*, unsigned char)
 .text._ZN4core6Strand9pushFixedEhPhh
                0x00000000080036ba       0x26 ./Components/test/console/console.o
                0x00000000080036ba                core::Strand::pushFixed(unsigned char, unsigned char*, unsigned char)
                0x00000000080036da                non-virtual thunk to core::Strand::pushFixed(unsigned char, unsigned char*, unsigned char)
 .text._ZN4core6Strand10pushBufferEhPhh
                0x00000000080036e0       0x26 ./Components/test/console/console.o
                0x00000000080036e0                core::Strand::pushBuffer(unsigned char, unsigned char*, unsigned char)
                0x0000000008003700                non-virtual thunk to core::Strand::pushBuffer(unsigned char, unsigned char*, unsigned char)
 .text._ZN4core6Strand9popBufferEPhRh
                0x0000000008003706       0x1e ./Components/test/console/console.o
                0x0000000008003706                core::Strand::popBuffer(unsigned char*, unsigned char&)
                0x000000000800371e                non-virtual thunk to core::Strand::popBuffer(unsigned char*, unsigned char&)
 .text._ZN4core6Strand5next_Ev
                0x0000000008003724       0x44 ./Components/test/console/console.o
                0x0000000008003724                core::Strand::next_()
 .text._ZN4test7ConsoleD2Ev
                0x0000000008003768       0x6c ./Components/test/console/console.o
                0x0000000008003768                test::Console::~Console()
                0x0000000008003768                test::Console::~Console()
 .text._ZN4test7ConsoleD0Ev
                0x00000000080037d4       0x22 ./Components/test/console/console.o
                0x00000000080037d4                test::Console::~Console()
 .text._ZN4test7Console8dualPlotEtt
                0x00000000080037f6       0x26 ./Components/test/console/console.o
                0x00000000080037f6                test::Console::dualPlot(unsigned short, unsigned short)
 .text._ZN7console6Driver11getMinAvailEv
                0x000000000800381c       0x1a ./Components/test/console/console.o
                0x000000000800381c                console::Driver::getMinAvail()
 *fill*         0x0000000008003836        0x2 
 .text._ZN4test7Console4initEv
                0x0000000008003838      0x10c ./Components/test/console/console.o
                0x0000000008003838                test::Console::init()
 .text._ZN4test7Console18testStrandHandler_Ev
                0x0000000008003944       0x44 ./Components/test/console/console.o
                0x0000000008003944                test::Console::testStrandHandler_()
 .text._ZN4test7Console14strandHandler_Ev
                0x0000000008003988       0x3c ./Components/test/console/console.o
                0x0000000008003988                test::Console::strandHandler_()
 .text._ZN4test7Console16finishedHandler_ERKh
                0x00000000080039c4       0x44 ./Components/test/console/console.o
                0x00000000080039c4                test::Console::finishedHandler_(unsigned char const&)
 .text._ZN4test7Console20startCommandHandler_Ev
                0x0000000008003a08       0x80 ./Components/test/console/console.o
                0x0000000008003a08                test::Console::startCommandHandler_()
 .text._ZN4test7Console13emptyHandler_Ev
                0x0000000008003a88       0x14 ./Components/test/console/console.o
                0x0000000008003a88                test::Console::emptyHandler_()
 .text._ZN4test7Console13fixedHandler_ERKt
                0x0000000008003a9c       0x16 ./Components/test/console/console.o
                0x0000000008003a9c                test::Console::fixedHandler_(unsigned short const&)
 *fill*         0x0000000008003ab2        0x2 
 .text._ZN4test7Console19stopCommandHandler_Ev
                0x0000000008003ab4       0x2c ./Components/test/console/console.o
                0x0000000008003ab4                test::Console::stopCommandHandler_()
 .text._ZN4test7Console23intervalCommandHandler_El
                0x0000000008003ae0       0x30 ./Components/test/console/console.o
                0x0000000008003ae0                test::Console::intervalCommandHandler_(long)
 .text._ZN4test7Console19nameCommandHandler_EhPh
                0x0000000008003b10       0x64 ./Components/test/console/console.o
                0x0000000008003b10                test::Console::nameCommandHandler_(unsigned char, unsigned char*)
 .text._ZN4test7Console20helloCommandHandler_Ev
                0x0000000008003b74       0x28 ./Components/test/console/console.o
                0x0000000008003b74                test::Console::helloCommandHandler_()
 .text._ZN4test7Console19syncCommandHandler_Ev
                0x0000000008003b9c       0x34 ./Components/test/console/console.o
                0x0000000008003b9c                test::Console::syncCommandHandler_()
 .text._ZN4test7Console12plotHandler_Ev
                0x0000000008003bd0       0x74 ./Components/test/console/console.o
                0x0000000008003bd0                test::Console::plotHandler_()
 .text._ZN4test7Console20oscilloscopeHandler_Ev
                0x0000000008003c44       0xac ./Components/test/console/console.o
                0x0000000008003c44                test::Console::oscilloscopeHandler_()
 .text._ZN4core10FixedEventIhE8execute_EPh
                0x0000000008003cf0       0x4a ./Components/test/console/console.o
                0x0000000008003cf0                core::FixedEvent<unsigned char>::execute_(unsigned char*)
 .text._ZN4core10FixedEventItE4postERKt
                0x0000000008003d3a       0x30 ./Components/test/console/console.o
                0x0000000008003d3a                core::FixedEvent<unsigned short>::post(unsigned short const&)
 *fill*         0x0000000008003d6a        0x2 
 .text._ZN4core10FixedEventItED2Ev
                0x0000000008003d6c       0x24 ./Components/test/console/console.o
                0x0000000008003d6c                core::FixedEvent<unsigned short>::~FixedEvent()
                0x0000000008003d6c                core::FixedEvent<unsigned short>::~FixedEvent()
 .text._ZN4core10FixedEventItED0Ev
                0x0000000008003d90       0x20 ./Components/test/console/console.o
                0x0000000008003d90                core::FixedEvent<unsigned short>::~FixedEvent()
 .text._ZN4core6StrandD2Ev
                0x0000000008003db0       0x38 ./Components/test/console/console.o
                0x0000000008003db0                core::Strand::~Strand()
                0x0000000008003db0                core::Strand::~Strand()
 .text._ZN4core6StrandD0Ev
                0x0000000008003de8       0x20 ./Components/test/console/console.o
                0x0000000008003de8                core::Strand::~Strand()
 .text._ZN4core10FixedEventItE7executeEPNS_18AbstractEventQueueE
                0x0000000008003e08       0x64 ./Components/test/console/console.o
                0x0000000008003e08                core::FixedEvent<unsigned short>::execute(core::AbstractEventQueue*)
 .text._ZN4core5QueueC2EPht
                0x0000000008003e6c       0x44 ./Components/test/console/main.o
                0x0000000008003e6c                core::Queue::Queue(unsigned char*, unsigned short)
                0x0000000008003e6c                core::Queue::Queue(unsigned char*, unsigned short)
 .text._ZN4core6StrandC2ERNS_5QueueE
                0x0000000008003eb0       0x9c ./Components/test/console/main.o
                0x0000000008003eb0                core::Strand::Strand(core::Queue&)
                0x0000000008003eb0                core::Strand::Strand(core::Queue&)
 .text._ZN4core6Strand8timeout_Ev
                0x0000000008003f4c       0x1c ./Components/test/console/main.o
                0x0000000008003f4c                core::Strand::timeout_()
 .text._ZN4core6Strand8execute_Ev
                0x0000000008003f68      0x15c ./Components/test/console/main.o
                0x0000000008003f68                core::Strand::execute_()
 .text.__tcf_3  0x00000000080040c4       0x10 ./Components/test/console/main.o
 .text._ZN4test7Console8instanceEv
                0x00000000080040d4       0x5c ./Components/test/console/main.o
                0x00000000080040d4                test::Console::instance()
 .text._ZN4test7ConsoleC2Ev
                0x0000000008004130      0x1d0 ./Components/test/console/main.o
                0x0000000008004130                test::Console::Console()
                0x0000000008004130                test::Console::Console()
 .text._ZN4test7Console11syncCommandEthPh
                0x0000000008004300       0x24 ./Components/test/console/main.o
                0x0000000008004300                test::Console::syncCommand(unsigned short, unsigned char, unsigned char*)
 .text._ZN4test7Console12startCommandEthPh
                0x0000000008004324       0x24 ./Components/test/console/main.o
                0x0000000008004324                test::Console::startCommand(unsigned short, unsigned char, unsigned char*)
 .text._ZN4test7Console11stopCommandEthPh
                0x0000000008004348       0x24 ./Components/test/console/main.o
                0x0000000008004348                test::Console::stopCommand(unsigned short, unsigned char, unsigned char*)
 .text._ZN4test7Console15intervalCommandEthPh
                0x000000000800436c       0x58 ./Components/test/console/main.o
                0x000000000800436c                test::Console::intervalCommand(unsigned short, unsigned char, unsigned char*)
 .text._ZN4test7Console11nameCommandEthPh
                0x00000000080043c4       0x34 ./Components/test/console/main.o
                0x00000000080043c4                test::Console::nameCommand(unsigned short, unsigned char, unsigned char*)
 .text._ZN4test7Console12helloCommandEthPh
                0x00000000080043f8       0x24 ./Components/test/console/main.o
                0x00000000080043f8                test::Console::helloCommand(unsigned short, unsigned char, unsigned char*)
 .text.main     0x000000000800441c       0x32 ./Components/test/console/main.o
                0x000000000800441c                main
 *fill*         0x000000000800444e        0x2 
 .text._ZN4core10FixedEventItEC2EPNS_9ComponentEMS2_FvRKtE
                0x0000000008004450       0x40 ./Components/test/console/main.o
                0x0000000008004450                core::FixedEvent<unsigned short>::FixedEvent(core::Component*, void (core::Component::*)(unsigned short const&))
                0x0000000008004450                core::FixedEvent<unsigned short>::FixedEvent(core::Component*, void (core::Component::*)(unsigned short const&))
 .text.__NVIC_GetPriorityGrouping
                0x0000000008004490       0x1c ./Core/Src/dma.o
 .text.__NVIC_EnableIRQ
                0x00000000080044ac       0x3c ./Core/Src/dma.o
 .text.__NVIC_SetPriority
                0x00000000080044e8       0x54 ./Core/Src/dma.o
 .text.NVIC_EncodePriority
                0x000000000800453c       0x66 ./Core/Src/dma.o
 *fill*         0x00000000080045a2        0x2 
 .text.LL_AHB1_GRP1_EnableClock
                0x00000000080045a4       0x30 ./Core/Src/dma.o
 .text.MX_DMA_Init
                0x00000000080045d4       0x34 ./Core/Src/dma.o
                0x00000000080045d4                MX_DMA_Init
 .text.LL_AHB2_GRP1_EnableClock
                0x0000000008004608       0x30 ./Core/Src/gpio.o
 .text.MX_GPIO_Init
                0x0000000008004638       0x14 ./Core/Src/gpio.o
                0x0000000008004638                MX_GPIO_Init
 .text.SystemClock_Config
                0x000000000800464c       0xc8 ./Core/Src/main.o
                0x000000000800464c                SystemClock_Config
 .text.Error_Handler
                0x0000000008004714        0xa ./Core/Src/main.o
                0x0000000008004714                Error_Handler
 *fill*         0x000000000800471e        0x2 
 .text.HAL_MspInit
                0x0000000008004720       0x48 ./Core/Src/stm32g4xx_hal_msp.o
                0x0000000008004720                HAL_MspInit
 .text._getpid  0x0000000008004768       0x10 ./Core/Src/syscalls.o
                0x0000000008004768                _getpid
 .text._kill    0x0000000008004778       0x20 ./Core/Src/syscalls.o
                0x0000000008004778                _kill
 .text._exit    0x0000000008004798       0x14 ./Core/Src/syscalls.o
                0x0000000008004798                _exit
 .text._read    0x00000000080047ac       0x3a ./Core/Src/syscalls.o
                0x00000000080047ac                _read
 .text._write   0x00000000080047e6       0x38 ./Core/Src/syscalls.o
                0x00000000080047e6                _write
 .text._close   0x000000000800481e       0x18 ./Core/Src/syscalls.o
                0x000000000800481e                _close
 .text._fstat   0x0000000008004836       0x20 ./Core/Src/syscalls.o
                0x0000000008004836                _fstat
 .text._isatty  0x0000000008004856       0x16 ./Core/Src/syscalls.o
                0x0000000008004856                _isatty
 .text._lseek   0x000000000800486c       0x1a ./Core/Src/syscalls.o
                0x000000000800486c                _lseek
 *fill*         0x0000000008004886        0x2 
 .text._sbrk    0x0000000008004888       0x6c ./Core/Src/sysmem.o
                0x0000000008004888                _sbrk
 .text.SystemInit
                0x00000000080048f4       0x24 ./Core/Src/system_stm32g4xx.o
                0x00000000080048f4                SystemInit
 .text.__NVIC_GetPriorityGrouping
                0x0000000008004918       0x1c ./Core/Src/usart.o
 .text.__NVIC_EnableIRQ
                0x0000000008004934       0x3c ./Core/Src/usart.o
 .text.__NVIC_SetPriority
                0x0000000008004970       0x54 ./Core/Src/usart.o
 .text.NVIC_EncodePriority
                0x00000000080049c4       0x66 ./Core/Src/usart.o
 *fill*         0x0000000008004a2a        0x2 
 .text.LL_DMA_SetDataTransferDirection
                0x0000000008004a2c       0x50 ./Core/Src/usart.o
 .text.LL_DMA_SetMode
                0x0000000008004a7c       0x4c ./Core/Src/usart.o
 .text.LL_DMA_SetPeriphIncMode
                0x0000000008004ac8       0x4c ./Core/Src/usart.o
 .text.LL_DMA_SetMemoryIncMode
                0x0000000008004b14       0x4c ./Core/Src/usart.o
 .text.LL_DMA_SetPeriphSize
                0x0000000008004b60       0x4c ./Core/Src/usart.o
 .text.LL_DMA_SetMemorySize
                0x0000000008004bac       0x4c ./Core/Src/usart.o
 .text.LL_DMA_SetChannelPriorityLevel
                0x0000000008004bf8       0x4c ./Core/Src/usart.o
 .text.LL_DMA_SetPeriphRequest
                0x0000000008004c44       0x54 ./Core/Src/usart.o
 .text.LL_USART_Enable
                0x0000000008004c98       0x20 ./Core/Src/usart.o
 .text.LL_USART_DisableFIFO
                0x0000000008004cb8       0x20 ./Core/Src/usart.o
 .text.LL_USART_SetTXFIFOThreshold
                0x0000000008004cd8       0x28 ./Core/Src/usart.o
 .text.LL_USART_SetRXFIFOThreshold
                0x0000000008004d00       0x28 ./Core/Src/usart.o
 .text.LL_USART_ConfigAsyncMode
                0x0000000008004d28       0x2c ./Core/Src/usart.o
 .text.LL_USART_IsActiveFlag_TEACK
                0x0000000008004d54       0x28 ./Core/Src/usart.o
 .text.LL_USART_IsActiveFlag_REACK
                0x0000000008004d7c       0x28 ./Core/Src/usart.o
 .text.LL_AHB2_GRP1_EnableClock
                0x0000000008004da4       0x30 ./Core/Src/usart.o
 .text.LL_APB1_GRP1_EnableClock
                0x0000000008004dd4       0x30 ./Core/Src/usart.o
 .text.MX_USART2_UART_Init
                0x0000000008004e04      0x168 ./Core/Src/usart.o
                0x0000000008004e04                MX_USART2_UART_Init
 .text.Reset_Handler
                0x0000000008004f6c       0x50 ./Core/Startup/startup_stm32g431rbtx.o
                0x0000000008004f6c                Reset_Handler
 .text.Default_Handler
                0x0000000008004fbc        0x2 ./Core/Startup/startup_stm32g431rbtx.o
                0x0000000008004fbc                RTC_Alarm_IRQHandler
                0x0000000008004fbc                EXTI2_IRQHandler
                0x0000000008004fbc                TIM8_TRG_COM_IRQHandler
                0x0000000008004fbc                TIM8_CC_IRQHandler
                0x0000000008004fbc                DebugMon_Handler
                0x0000000008004fbc                TIM1_CC_IRQHandler
                0x0000000008004fbc                HardFault_Handler
                0x0000000008004fbc                USB_HP_IRQHandler
                0x0000000008004fbc                CORDIC_IRQHandler
                0x0000000008004fbc                PendSV_Handler
                0x0000000008004fbc                NMI_Handler
                0x0000000008004fbc                EXTI3_IRQHandler
                0x0000000008004fbc                I2C3_ER_IRQHandler
                0x0000000008004fbc                EXTI0_IRQHandler
                0x0000000008004fbc                I2C2_EV_IRQHandler
                0x0000000008004fbc                FPU_IRQHandler
                0x0000000008004fbc                FDCAN1_IT1_IRQHandler
                0x0000000008004fbc                TIM1_UP_TIM16_IRQHandler
                0x0000000008004fbc                UsageFault_Handler
                0x0000000008004fbc                ADC1_2_IRQHandler
                0x0000000008004fbc                SPI1_IRQHandler
                0x0000000008004fbc                TIM6_DAC_IRQHandler
                0x0000000008004fbc                TIM8_UP_IRQHandler
                0x0000000008004fbc                DMA2_Channel2_IRQHandler
                0x0000000008004fbc                DMA1_Channel4_IRQHandler
                0x0000000008004fbc                USART3_IRQHandler
                0x0000000008004fbc                TIM4_IRQHandler
                0x0000000008004fbc                DMA2_Channel1_IRQHandler
                0x0000000008004fbc                I2C1_EV_IRQHandler
                0x0000000008004fbc                DMA1_Channel6_IRQHandler
                0x0000000008004fbc                UART4_IRQHandler
                0x0000000008004fbc                DMA2_Channel4_IRQHandler
                0x0000000008004fbc                TIM3_IRQHandler
                0x0000000008004fbc                RCC_IRQHandler
                0x0000000008004fbc                Default_Handler
                0x0000000008004fbc                RTC_TAMP_LSECSS_IRQHandler
                0x0000000008004fbc                FMAC_IRQHandler
                0x0000000008004fbc                EXTI15_10_IRQHandler
                0x0000000008004fbc                TIM7_IRQHandler
                0x0000000008004fbc                UCPD1_IRQHandler
                0x0000000008004fbc                I2C3_EV_IRQHandler
                0x0000000008004fbc                EXTI9_5_IRQHandler
                0x0000000008004fbc                RTC_WKUP_IRQHandler
                0x0000000008004fbc                PVD_PVM_IRQHandler
                0x0000000008004fbc                SPI2_IRQHandler
                0x0000000008004fbc                MemManage_Handler
                0x0000000008004fbc                SVC_Handler
                0x0000000008004fbc                DMA2_Channel5_IRQHandler
                0x0000000008004fbc                CRS_IRQHandler
                0x0000000008004fbc                DMA1_Channel5_IRQHandler
                0x0000000008004fbc                USB_LP_IRQHandler
                0x0000000008004fbc                EXTI4_IRQHandler
                0x0000000008004fbc                RNG_IRQHandler
                0x0000000008004fbc                TIM1_TRG_COM_TIM17_IRQHandler
                0x0000000008004fbc                DMA1_Channel3_IRQHandler
                0x0000000008004fbc                WWDG_IRQHandler
                0x0000000008004fbc                LPUART1_IRQHandler
                0x0000000008004fbc                DMA2_Channel6_IRQHandler
                0x0000000008004fbc                FDCAN1_IT0_IRQHandler
                0x0000000008004fbc                TIM2_IRQHandler
                0x0000000008004fbc                COMP1_2_3_IRQHandler
                0x0000000008004fbc                EXTI1_IRQHandler
                0x0000000008004fbc                I2C2_ER_IRQHandler
                0x0000000008004fbc                DMA1_Channel2_IRQHandler
                0x0000000008004fbc                TIM8_BRK_IRQHandler
                0x0000000008004fbc                FLASH_IRQHandler
                0x0000000008004fbc                BusFault_Handler
                0x0000000008004fbc                USART1_IRQHandler
                0x0000000008004fbc                SPI3_IRQHandler
                0x0000000008004fbc                I2C1_ER_IRQHandler
                0x0000000008004fbc                LPTIM1_IRQHandler
                0x0000000008004fbc                DMAMUX_OVR_IRQHandler
                0x0000000008004fbc                USBWakeUp_IRQHandler
                0x0000000008004fbc                SAI1_IRQHandler
                0x0000000008004fbc                DMA2_Channel3_IRQHandler
                0x0000000008004fbc                COMP4_IRQHandler
                0x0000000008004fbc                TIM1_BRK_TIM15_IRQHandler
 .text.HAL_Init
                0x0000000008004fbe       0x30 ./Drivers/STM32G4xx_HAL_Driver/Src/stm32g4xx_hal.o
                0x0000000008004fbe                HAL_Init
 *fill*         0x0000000008004fee        0x2 
 .text.HAL_InitTick
                0x0000000008004ff0       0x74 ./Drivers/STM32G4xx_HAL_Driver/Src/stm32g4xx_hal.o
                0x0000000008004ff0                HAL_InitTick
 .text.HAL_IncTick
                0x0000000008005064       0x24 ./Drivers/STM32G4xx_HAL_Driver/Src/stm32g4xx_hal.o
                0x0000000008005064                HAL_IncTick
 .text.HAL_GetTick
                0x0000000008005088       0x18 ./Drivers/STM32G4xx_HAL_Driver/Src/stm32g4xx_hal.o
                0x0000000008005088                HAL_GetTick
 .text.__NVIC_SetPriorityGrouping
                0x00000000080050a0       0x48 ./Drivers/STM32G4xx_HAL_Driver/Src/stm32g4xx_hal_cortex.o
 .text.__NVIC_GetPriorityGrouping
                0x00000000080050e8       0x1c ./Drivers/STM32G4xx_HAL_Driver/Src/stm32g4xx_hal_cortex.o
 .text.__NVIC_SetPriority
                0x0000000008005104       0x54 ./Drivers/STM32G4xx_HAL_Driver/Src/stm32g4xx_hal_cortex.o
 .text.NVIC_EncodePriority
                0x0000000008005158       0x66 ./Drivers/STM32G4xx_HAL_Driver/Src/stm32g4xx_hal_cortex.o
 *fill*         0x00000000080051be        0x2 
 .text.SysTick_Config
                0x00000000080051c0       0x44 ./Drivers/STM32G4xx_HAL_Driver/Src/stm32g4xx_hal_cortex.o
 .text.HAL_NVIC_SetPriorityGrouping
                0x0000000008005204       0x16 ./Drivers/STM32G4xx_HAL_Driver/Src/stm32g4xx_hal_cortex.o
                0x0000000008005204                HAL_NVIC_SetPriorityGrouping
 .text.HAL_NVIC_SetPriority
                0x000000000800521a       0x34 ./Drivers/STM32G4xx_HAL_Driver/Src/stm32g4xx_hal_cortex.o
                0x000000000800521a                HAL_NVIC_SetPriority
 .text.HAL_SYSTICK_Config
                0x000000000800524e       0x18 ./Drivers/STM32G4xx_HAL_Driver/Src/stm32g4xx_hal_cortex.o
                0x000000000800524e                HAL_SYSTICK_Config
 *fill*         0x0000000008005266        0x2 
 .text.HAL_PWREx_ControlVoltageScaling
                0x0000000008005268      0x148 ./Drivers/STM32G4xx_HAL_Driver/Src/stm32g4xx_hal_pwr_ex.o
                0x0000000008005268                HAL_PWREx_ControlVoltageScaling
 .text.HAL_PWREx_DisableUCPDDeadBattery
                0x00000000080053b0       0x20 ./Drivers/STM32G4xx_HAL_Driver/Src/stm32g4xx_hal_pwr_ex.o
                0x00000000080053b0                HAL_PWREx_DisableUCPDDeadBattery
 .text.HAL_RCC_OscConfig
                0x00000000080053d0      0x630 ./Drivers/STM32G4xx_HAL_Driver/Src/stm32g4xx_hal_rcc.o
                0x00000000080053d0                HAL_RCC_OscConfig
 .text.HAL_RCC_ClockConfig
                0x0000000008005a00      0x278 ./Drivers/STM32G4xx_HAL_Driver/Src/stm32g4xx_hal_rcc.o
                0x0000000008005a00                HAL_RCC_ClockConfig
 .text.HAL_RCC_GetSysClockFreq
                0x0000000008005c78       0xc4 ./Drivers/STM32G4xx_HAL_Driver/Src/stm32g4xx_hal_rcc.o
                0x0000000008005c78                HAL_RCC_GetSysClockFreq
 .text.RCC_GetSysClockFreqFromPLLSource
                0x0000000008005d3c       0x8c ./Drivers/STM32G4xx_HAL_Driver/Src/stm32g4xx_hal_rcc.o
 .text.HAL_RCCEx_PeriphCLKConfig
                0x0000000008005dc8      0x3e0 ./Drivers/STM32G4xx_HAL_Driver/Src/stm32g4xx_hal_rcc_ex.o
                0x0000000008005dc8                HAL_RCCEx_PeriphCLKConfig
 .text.LL_GPIO_SetPinMode
                0x00000000080061a8       0x7a ./Drivers/STM32G4xx_HAL_Driver/Src/stm32g4xx_ll_gpio.o
 .text.LL_GPIO_SetPinOutputType
                0x0000000008006222       0x30 ./Drivers/STM32G4xx_HAL_Driver/Src/stm32g4xx_ll_gpio.o
 .text.LL_GPIO_SetPinSpeed
                0x0000000008006252       0x7a ./Drivers/STM32G4xx_HAL_Driver/Src/stm32g4xx_ll_gpio.o
 .text.LL_GPIO_SetPinPull
                0x00000000080062cc       0x7a ./Drivers/STM32G4xx_HAL_Driver/Src/stm32g4xx_ll_gpio.o
 .text.LL_GPIO_SetAFPin_0_7
                0x0000000008006346       0x7a ./Drivers/STM32G4xx_HAL_Driver/Src/stm32g4xx_ll_gpio.o
 .text.LL_GPIO_SetAFPin_8_15
                0x00000000080063c0       0x7e ./Drivers/STM32G4xx_HAL_Driver/Src/stm32g4xx_ll_gpio.o
 .text.LL_GPIO_Init
                0x000000000800643e       0xdc ./Drivers/STM32G4xx_HAL_Driver/Src/stm32g4xx_ll_gpio.o
                0x000000000800643e                LL_GPIO_Init
 *fill*         0x000000000800651a        0x2 
 .text.LL_RCC_HSI_IsReady
                0x000000000800651c       0x28 ./Drivers/STM32G4xx_HAL_Driver/Src/stm32g4xx_ll_rcc.o
 .text.LL_RCC_LSE_IsReady
                0x0000000008006544       0x28 ./Drivers/STM32G4xx_HAL_Driver/Src/stm32g4xx_ll_rcc.o
 .text.LL_RCC_GetSysClkSource
                0x000000000800656c       0x1c ./Drivers/STM32G4xx_HAL_Driver/Src/stm32g4xx_ll_rcc.o
 .text.LL_RCC_GetAHBPrescaler
                0x0000000008006588       0x1c ./Drivers/STM32G4xx_HAL_Driver/Src/stm32g4xx_ll_rcc.o
 .text.LL_RCC_GetAPB1Prescaler
                0x00000000080065a4       0x1c ./Drivers/STM32G4xx_HAL_Driver/Src/stm32g4xx_ll_rcc.o
 .text.LL_RCC_GetAPB2Prescaler
                0x00000000080065c0       0x1c ./Drivers/STM32G4xx_HAL_Driver/Src/stm32g4xx_ll_rcc.o
 .text.LL_RCC_GetUSARTClockSource
                0x00000000080065dc       0x28 ./Drivers/STM32G4xx_HAL_Driver/Src/stm32g4xx_ll_rcc.o
 .text.LL_RCC_GetUARTClockSource
                0x0000000008006604       0x28 ./Drivers/STM32G4xx_HAL_Driver/Src/stm32g4xx_ll_rcc.o
 .text.LL_RCC_PLL_GetMainSource
                0x000000000800662c       0x1c ./Drivers/STM32G4xx_HAL_Driver/Src/stm32g4xx_ll_rcc.o
 .text.LL_RCC_PLL_GetN
                0x0000000008006648       0x1c ./Drivers/STM32G4xx_HAL_Driver/Src/stm32g4xx_ll_rcc.o
 .text.LL_RCC_PLL_GetR
                0x0000000008006664       0x1c ./Drivers/STM32G4xx_HAL_Driver/Src/stm32g4xx_ll_rcc.o
 .text.LL_RCC_PLL_GetDivider
                0x0000000008006680       0x1c ./Drivers/STM32G4xx_HAL_Driver/Src/stm32g4xx_ll_rcc.o
 .text.LL_RCC_GetUSARTClockFreq
                0x000000000800669c      0x18c ./Drivers/STM32G4xx_HAL_Driver/Src/stm32g4xx_ll_rcc.o
                0x000000000800669c                LL_RCC_GetUSARTClockFreq
 .text.LL_RCC_GetUARTClockFreq
                0x0000000008006828       0x98 ./Drivers/STM32G4xx_HAL_Driver/Src/stm32g4xx_ll_rcc.o
                0x0000000008006828                LL_RCC_GetUARTClockFreq
 .text.RCC_GetSystemClockFreq
                0x00000000080068c0       0x4c ./Drivers/STM32G4xx_HAL_Driver/Src/stm32g4xx_ll_rcc.o
 .text.RCC_GetHCLKClockFreq
                0x000000000800690c       0x30 ./Drivers/STM32G4xx_HAL_Driver/Src/stm32g4xx_ll_rcc.o
 .text.RCC_GetPCLK1ClockFreq
                0x000000000800693c       0x2c ./Drivers/STM32G4xx_HAL_Driver/Src/stm32g4xx_ll_rcc.o
 .text.RCC_GetPCLK2ClockFreq
                0x0000000008006968       0x2c ./Drivers/STM32G4xx_HAL_Driver/Src/stm32g4xx_ll_rcc.o
 .text.RCC_PLL_GetFreqDomain_SYS
                0x0000000008006994       0x68 ./Drivers/STM32G4xx_HAL_Driver/Src/stm32g4xx_ll_rcc.o
 .text.LL_USART_IsEnabled
                0x00000000080069fc       0x26 ./Drivers/STM32G4xx_HAL_Driver/Src/stm32g4xx_ll_usart.o
 .text.LL_USART_SetPrescaler
                0x0000000008006a22       0x28 ./Drivers/STM32G4xx_HAL_Driver/Src/stm32g4xx_ll_usart.o
 .text.LL_USART_SetStopBitsLength
                0x0000000008006a4a       0x26 ./Drivers/STM32G4xx_HAL_Driver/Src/stm32g4xx_ll_usart.o
 .text.LL_USART_SetHWFlowCtrl
                0x0000000008006a70       0x26 ./Drivers/STM32G4xx_HAL_Driver/Src/stm32g4xx_ll_usart.o
 *fill*         0x0000000008006a96        0x2 
 .text.LL_USART_SetBaudRate
                0x0000000008006a98       0xa0 ./Drivers/STM32G4xx_HAL_Driver/Src/stm32g4xx_ll_usart.o
 .text.LL_USART_Init
                0x0000000008006b38       0xf4 ./Drivers/STM32G4xx_HAL_Driver/Src/stm32g4xx_ll_usart.o
                0x0000000008006b38                LL_USART_Init
 .text._ZdlPvj  0x0000000008006c2c        0x4 c:/st/stm32cubeide_1.7.0/stm32cubeide/plugins/com.st.stm32cube.ide.mcu.externaltools.gnu-tools-for-stm32.9-2020-q2-update.win32_2.0.0.202105311346/tools/bin/../lib/gcc/arm-none-eabi/9.3.1/../../../../arm-none-eabi/lib/thumb/v7e-m+fp/hard\libstdc++_nano.a(del_ops.o)
                0x0000000008006c2c                operator delete(void*, unsigned int)
 .text.__cxa_guard_acquire
                0x0000000008006c30       0x18 c:/st/stm32cubeide_1.7.0/stm32cubeide/plugins/com.st.stm32cube.ide.mcu.externaltools.gnu-tools-for-stm32.9-2020-q2-update.win32_2.0.0.202105311346/tools/bin/../lib/gcc/arm-none-eabi/9.3.1/../../../../arm-none-eabi/lib/thumb/v7e-m+fp/hard\libstdc++_nano.a(guard.o)
                0x0000000008006c30                __cxa_guard_acquire
 .text.__cxa_guard_release
                0x0000000008006c48        0x6 c:/st/stm32cubeide_1.7.0/stm32cubeide/plugins/com.st.stm32cube.ide.mcu.externaltools.gnu-tools-for-stm32.9-2020-q2-update.win32_2.0.0.202105311346/tools/bin/../lib/gcc/arm-none-eabi/9.3.1/../../../../arm-none-eabi/lib/thumb/v7e-m+fp/hard\libstdc++_nano.a(guard.o)
                0x0000000008006c48                __cxa_guard_release
 .text._Znwj    0x0000000008006c4e       0x22 c:/st/stm32cubeide_1.7.0/stm32cubeide/plugins/com.st.stm32cube.ide.mcu.externaltools.gnu-tools-for-stm32.9-2020-q2-update.win32_2.0.0.202105311346/tools/bin/../lib/gcc/arm-none-eabi/9.3.1/../../../../arm-none-eabi/lib/thumb/v7e-m+fp/hard\libstdc++_nano.a(new_op.o)
                0x0000000008006c4e                operator new(unsigned int)
 .text.__cxa_pure_virtual
                0x0000000008006c70        0x6 c:/st/stm32cubeide_1.7.0/stm32cubeide/plugins/com.st.stm32cube.ide.mcu.externaltools.gnu-tools-for-stm32.9-2020-q2-update.win32_2.0.0.202105311346/tools/bin/../lib/gcc/arm-none-eabi/9.3.1/../../../../arm-none-eabi/lib/thumb/v7e-m+fp/hard\libstdc++_nano.a(pure.o)
                0x0000000008006c70                __cxa_pure_virtual
 .text._ZdlPv   0x0000000008006c76        0x4 c:/st/stm32cubeide_1.7.0/stm32cubeide/plugins/com.st.stm32cube.ide.mcu.externaltools.gnu-tools-for-stm32.9-2020-q2-update.win32_2.0.0.202105311346/tools/bin/../lib/gcc/arm-none-eabi/9.3.1/../../../../arm-none-eabi/lib/thumb/v7e-m+fp/hard\libstdc++_nano.a(del_op.o)
                0x0000000008006c76                operator delete(void*)
 .text._ZN10__cxxabiv111__terminateEPFvvE
                0x0000000008006c7a        0x8 c:/st/stm32cubeide_1.7.0/stm32cubeide/plugins/com.st.stm32cube.ide.mcu.externaltools.gnu-tools-for-stm32.9-2020-q2-update.win32_2.0.0.202105311346/tools/bin/../lib/gcc/arm-none-eabi/9.3.1/../../../../arm-none-eabi/lib/thumb/v7e-m+fp/hard\libstdc++_nano.a(eh_terminate.o)
                0x0000000008006c7a                __cxxabiv1::__terminate(void (*)())
 *fill*         0x0000000008006c82        0x2 
 .text._ZSt13get_terminatev
                0x0000000008006c84       0x10 c:/st/stm32cubeide_1.7.0/stm32cubeide/plugins/com.st.stm32cube.ide.mcu.externaltools.gnu-tools-for-stm32.9-2020-q2-update.win32_2.0.0.202105311346/tools/bin/../lib/gcc/arm-none-eabi/9.3.1/../../../../arm-none-eabi/lib/thumb/v7e-m+fp/hard\libstdc++_nano.a(eh_terminate.o)
                0x0000000008006c84                std::get_terminate()
 .text._ZSt9terminatev
                0x0000000008006c94        0xa c:/st/stm32cubeide_1.7.0/stm32cubeide/plugins/com.st.stm32cube.ide.mcu.externaltools.gnu-tools-for-stm32.9-2020-q2-update.win32_2.0.0.202105311346/tools/bin/../lib/gcc/arm-none-eabi/9.3.1/../../../../arm-none-eabi/lib/thumb/v7e-m+fp/hard\libstdc++_nano.a(eh_terminate.o)
                0x0000000008006c94                std::terminate()
 *fill*         0x0000000008006c9e        0x2 
 .text._ZSt15get_new_handlerv
                0x0000000008006ca0       0x10 c:/st/stm32cubeide_1.7.0/stm32cubeide/plugins/com.st.stm32cube.ide.mcu.externaltools.gnu-tools-for-stm32.9-2020-q2-update.win32_2.0.0.202105311346/tools/bin/../lib/gcc/arm-none-eabi/9.3.1/../../../../arm-none-eabi/lib/thumb/v7e-m+fp/hard\libstdc++_nano.a(new_handler.o)
                0x0000000008006ca0                std::get_new_handler()
 .text.cos      0x0000000008006cb0       0xa0 c:/st/stm32cubeide_1.7.0/stm32cubeide/plugins/com.st.stm32cube.ide.mcu.externaltools.gnu-tools-for-stm32.9-2020-q2-update.win32_2.0.0.202105311346/tools/bin/../lib/gcc/arm-none-eabi/9.3.1/../../../../arm-none-eabi/lib/thumb/v7e-m+fp/hard\libm.a(lib_a-s_cos.o)
                0x0000000008006cb0                cos
 .text.sin      0x0000000008006d50       0xa8 c:/st/stm32cubeide_1.7.0/stm32cubeide/plugins/com.st.stm32cube.ide.mcu.externaltools.gnu-tools-for-stm32.9-2020-q2-update.win32_2.0.0.202105311346/tools/bin/../lib/gcc/arm-none-eabi/9.3.1/../../../../arm-none-eabi/lib/thumb/v7e-m+fp/hard\libm.a(lib_a-s_sin.o)
                0x0000000008006d50                sin
 .text.__ieee754_rem_pio2
                0x0000000008006df8      0x414 c:/st/stm32cubeide_1.7.0/stm32cubeide/plugins/com.st.stm32cube.ide.mcu.externaltools.gnu-tools-for-stm32.9-2020-q2-update.win32_2.0.0.202105311346/tools/bin/../lib/gcc/arm-none-eabi/9.3.1/../../../../arm-none-eabi/lib/thumb/v7e-m+fp/hard\libm.a(lib_a-e_rem_pio2.o)
                0x0000000008006df8                __ieee754_rem_pio2
 *fill*         0x000000000800720c        0x4 
 .text.__kernel_cos
                0x0000000008007210      0x18c c:/st/stm32cubeide_1.7.0/stm32cubeide/plugins/com.st.stm32cube.ide.mcu.externaltools.gnu-tools-for-stm32.9-2020-q2-update.win32_2.0.0.202105311346/tools/bin/../lib/gcc/arm-none-eabi/9.3.1/../../../../arm-none-eabi/lib/thumb/v7e-m+fp/hard\libm.a(lib_a-k_cos.o)
                0x0000000008007210                __kernel_cos
 *fill*         0x000000000800739c        0x4 
 .text.__kernel_rem_pio2
                0x00000000080073a0      0x680 c:/st/stm32cubeide_1.7.0/stm32cubeide/plugins/com.st.stm32cube.ide.mcu.externaltools.gnu-tools-for-stm32.9-2020-q2-update.win32_2.0.0.202105311346/tools/bin/../lib/gcc/arm-none-eabi/9.3.1/../../../../arm-none-eabi/lib/thumb/v7e-m+fp/hard\libm.a(lib_a-k_rem_pio2.o)
                0x00000000080073a0                __kernel_rem_pio2
 .text.__kernel_sin
                0x0000000008007a20      0x17c c:/st/stm32cubeide_1.7.0/stm32cubeide/plugins/com.st.stm32cube.ide.mcu.externaltools.gnu-tools-for-stm32.9-2020-q2-update.win32_2.0.0.202105311346/tools/bin/../lib/gcc/arm-none-eabi/9.3.1/../../../../arm-none-eabi/lib/thumb/v7e-m+fp/hard\libm.a(lib_a-k_sin.o)
                0x0000000008007a20                __kernel_sin
 .text.fabs     0x0000000008007b9c       0x12 c:/st/stm32cubeide_1.7.0/stm32cubeide/plugins/com.st.stm32cube.ide.mcu.externaltools.gnu-tools-for-stm32.9-2020-q2-update.win32_2.0.0.202105311346/tools/bin/../lib/gcc/arm-none-eabi/9.3.1/../../../../arm-none-eabi/lib/thumb/v7e-m+fp/hard\libm.a(lib_a-s_fabs.o)
                0x0000000008007b9c                fabs
 *fill*         0x0000000008007bae        0x2 
 .text.floor    0x0000000008007bb0      0x100 c:/st/stm32cubeide_1.7.0/stm32cubeide/plugins/com.st.stm32cube.ide.mcu.externaltools.gnu-tools-for-stm32.9-2020-q2-update.win32_2.0.0.202105311346/tools/bin/../lib/gcc/arm-none-eabi/9.3.1/../../../../arm-none-eabi/lib/thumb/v7e-m+fp/hard\libm.a(lib_a-s_floor.o)
                0x0000000008007bb0                floor
 .text.scalbn   0x0000000008007cb0      0x10c c:/st/stm32cubeide_1.7.0/stm32cubeide/plugins/com.st.stm32cube.ide.mcu.externaltools.gnu-tools-for-stm32.9-2020-q2-update.win32_2.0.0.202105311346/tools/bin/../lib/gcc/arm-none-eabi/9.3.1/../../../../arm-none-eabi/lib/thumb/v7e-m+fp/hard\libm.a(lib_a-s_scalbn.o)
                0x0000000008007cb0                scalbn
 .text.abort    0x0000000008007dbc        0xe c:/st/stm32cubeide_1.7.0/stm32cubeide/plugins/com.st.stm32cube.ide.mcu.externaltools.gnu-tools-for-stm32.9-2020-q2-update.win32_2.0.0.202105311346/tools/bin/../lib/gcc/arm-none-eabi/9.3.1/../../../../arm-none-eabi/lib/thumb/v7e-m+fp/hard\libc_nano.a(lib_a-abort.o)
                0x0000000008007dbc                abort
 .text.atexit   0x0000000008007dca        0xc c:/st/stm32cubeide_1.7.0/stm32cubeide/plugins/com.st.stm32cube.ide.mcu.externaltools.gnu-tools-for-stm32.9-2020-q2-update.win32_2.0.0.202105311346/tools/bin/../lib/gcc/arm-none-eabi/9.3.1/../../../../arm-none-eabi/lib/thumb/v7e-m+fp/hard\libc_nano.a(lib_a-atexit.o)
                0x0000000008007dca                atexit
 *fill*         0x0000000008007dd6        0x2 
 .text.__errno  0x0000000008007dd8        0xc c:/st/stm32cubeide_1.7.0/stm32cubeide/plugins/com.st.stm32cube.ide.mcu.externaltools.gnu-tools-for-stm32.9-2020-q2-update.win32_2.0.0.202105311346/tools/bin/../lib/gcc/arm-none-eabi/9.3.1/../../../../arm-none-eabi/lib/thumb/v7e-m+fp/hard\libc_nano.a(lib_a-errno.o)
                0x0000000008007dd8                __errno
 .text.__libc_init_array
                0x0000000008007de4       0x48 c:/st/stm32cubeide_1.7.0/stm32cubeide/plugins/com.st.stm32cube.ide.mcu.externaltools.gnu-tools-for-stm32.9-2020-q2-update.win32_2.0.0.202105311346/tools/bin/../lib/gcc/arm-none-eabi/9.3.1/../../../../arm-none-eabi/lib/thumb/v7e-m+fp/hard\libc_nano.a(lib_a-init.o)
                0x0000000008007de4                __libc_init_array
 .text.malloc   0x0000000008007e2c       0x10 c:/st/stm32cubeide_1.7.0/stm32cubeide/plugins/com.st.stm32cube.ide.mcu.externaltools.gnu-tools-for-stm32.9-2020-q2-update.win32_2.0.0.202105311346/tools/bin/../lib/gcc/arm-none-eabi/9.3.1/../../../../arm-none-eabi/lib/thumb/v7e-m+fp/hard\libc_nano.a(lib_a-malloc.o)
                0x0000000008007e2c                malloc
 .text.free     0x0000000008007e3c       0x10 c:/st/stm32cubeide_1.7.0/stm32cubeide/plugins/com.st.stm32cube.ide.mcu.externaltools.gnu-tools-for-stm32.9-2020-q2-update.win32_2.0.0.202105311346/tools/bin/../lib/gcc/arm-none-eabi/9.3.1/../../../../arm-none-eabi/lib/thumb/v7e-m+fp/hard\libc_nano.a(lib_a-malloc.o)
                0x0000000008007e3c                free
 .text.memcpy   0x0000000008007e4c       0x1c c:/st/stm32cubeide_1.7.0/stm32cubeide/plugins/com.st.stm32cube.ide.mcu.externaltools.gnu-tools-for-stm32.9-2020-q2-update.win32_2.0.0.202105311346/tools/bin/../lib/gcc/arm-none-eabi/9.3.1/../../../../arm-none-eabi/lib/thumb/v7e-m+fp/hard\libc_nano.a(lib_a-memcpy-stub.o)
                0x0000000008007e4c                memcpy
 .text.memset   0x0000000008007e68       0x10 c:/st/stm32cubeide_1.7.0/stm32cubeide/plugins/com.st.stm32cube.ide.mcu.externaltools.gnu-tools-for-stm32.9-2020-q2-update.win32_2.0.0.202105311346/tools/bin/../lib/gcc/arm-none-eabi/9.3.1/../../../../arm-none-eabi/lib/thumb/v7e-m+fp/hard\libc_nano.a(lib_a-memset.o)
                0x0000000008007e68                memset
 .text._free_r  0x0000000008007e78       0xa0 c:/st/stm32cubeide_1.7.0/stm32cubeide/plugins/com.st.stm32cube.ide.mcu.externaltools.gnu-tools-for-stm32.9-2020-q2-update.win32_2.0.0.202105311346/tools/bin/../lib/gcc/arm-none-eabi/9.3.1/../../../../arm-none-eabi/lib/thumb/v7e-m+fp/hard\libc_nano.a(lib_a-nano-freer.o)
                0x0000000008007e78                _free_r
 .text._malloc_r
                0x0000000008007f18       0xb4 c:/st/stm32cubeide_1.7.0/stm32cubeide/plugins/com.st.stm32cube.ide.mcu.externaltools.gnu-tools-for-stm32.9-2020-q2-update.win32_2.0.0.202105311346/tools/bin/../lib/gcc/arm-none-eabi/9.3.1/../../../../arm-none-eabi/lib/thumb/v7e-m+fp/hard\libc_nano.a(lib_a-nano-mallocr.o)
                0x0000000008007f18                _malloc_r
 .text.rand     0x0000000008007fcc       0x80 c:/st/stm32cubeide_1.7.0/stm32cubeide/plugins/com.st.stm32cube.ide.mcu.externaltools.gnu-tools-for-stm32.9-2020-q2-update.win32_2.0.0.202105311346/tools/bin/../lib/gcc/arm-none-eabi/9.3.1/../../../../arm-none-eabi/lib/thumb/v7e-m+fp/hard\libc_nano.a(lib_a-rand.o)
                0x0000000008007fcc                rand
 .text._sbrk_r  0x000000000800804c       0x20 c:/st/stm32cubeide_1.7.0/stm32cubeide/plugins/com.st.stm32cube.ide.mcu.externaltools.gnu-tools-for-stm32.9-2020-q2-update.win32_2.0.0.202105311346/tools/bin/../lib/gcc/arm-none-eabi/9.3.1/../../../../arm-none-eabi/lib/thumb/v7e-m+fp/hard\libc_nano.a(lib_a-sbrkr.o)
                0x000000000800804c                _sbrk_r
 .text._raise_r
                0x000000000800806c       0x50 c:/st/stm32cubeide_1.7.0/stm32cubeide/plugins/com.st.stm32cube.ide.mcu.externaltools.gnu-tools-for-stm32.9-2020-q2-update.win32_2.0.0.202105311346/tools/bin/../lib/gcc/arm-none-eabi/9.3.1/../../../../arm-none-eabi/lib/thumb/v7e-m+fp/hard\libc_nano.a(lib_a-signal.o)
                0x000000000800806c                _raise_r
 .text.raise    0x00000000080080bc       0x10 c:/st/stm32cubeide_1.7.0/stm32cubeide/plugins/com.st.stm32cube.ide.mcu.externaltools.gnu-tools-for-stm32.9-2020-q2-update.win32_2.0.0.202105311346/tools/bin/../lib/gcc/arm-none-eabi/9.3.1/../../../../arm-none-eabi/lib/thumb/v7e-m+fp/hard\libc_nano.a(lib_a-signal.o)
                0x00000000080080bc                raise
 .text._kill_r  0x00000000080080cc       0x24 c:/st/stm32cubeide_1.7.0/stm32cubeide/plugins/com.st.stm32cube.ide.mcu.externaltools.gnu-tools-for-stm32.9-2020-q2-update.win32_2.0.0.202105311346/tools/bin/../lib/gcc/arm-none-eabi/9.3.1/../../../../arm-none-eabi/lib/thumb/v7e-m+fp/hard\libc_nano.a(lib_a-signalr.o)
                0x00000000080080cc                _kill_r
 .text._getpid_r
                0x00000000080080f0        0x4 c:/st/stm32cubeide_1.7.0/stm32cubeide/plugins/com.st.stm32cube.ide.mcu.externaltools.gnu-tools-for-stm32.9-2020-q2-update.win32_2.0.0.202105311346/tools/bin/../lib/gcc/arm-none-eabi/9.3.1/../../../../arm-none-eabi/lib/thumb/v7e-m+fp/hard\libc_nano.a(lib_a-signalr.o)
                0x00000000080080f0                _getpid_r
 .text._vsprintf_r
                0x00000000080080f4       0x2c c:/st/stm32cubeide_1.7.0/stm32cubeide/plugins/com.st.stm32cube.ide.mcu.externaltools.gnu-tools-for-stm32.9-2020-q2-update.win32_2.0.0.202105311346/tools/bin/../lib/gcc/arm-none-eabi/9.3.1/../../../../arm-none-eabi/lib/thumb/v7e-m+fp/hard\libc_nano.a(lib_a-vsprintf.o)
                0x00000000080080f4                _vsprintf_r
                0x00000000080080f4                _vsiprintf_r
 .text.vsprintf
                0x0000000008008120       0x14 c:/st/stm32cubeide_1.7.0/stm32cubeide/plugins/com.st.stm32cube.ide.mcu.externaltools.gnu-tools-for-stm32.9-2020-q2-update.win32_2.0.0.202105311346/tools/bin/../lib/gcc/arm-none-eabi/9.3.1/../../../../arm-none-eabi/lib/thumb/v7e-m+fp/hard\libc_nano.a(lib_a-vsprintf.o)
                0x0000000008008120                vsiprintf
                0x0000000008008120                vsprintf
 .text.__register_exitproc
                0x0000000008008134       0xc4 c:/st/stm32cubeide_1.7.0/stm32cubeide/plugins/com.st.stm32cube.ide.mcu.externaltools.gnu-tools-for-stm32.9-2020-q2-update.win32_2.0.0.202105311346/tools/bin/../lib/gcc/arm-none-eabi/9.3.1/../../../../arm-none-eabi/lib/thumb/v7e-m+fp/hard\libc_nano.a(lib_a-__atexit.o)
                0x0000000008008134                __register_exitproc
 .text.__assert_func
                0x00000000080081f8       0x3c c:/st/stm32cubeide_1.7.0/stm32cubeide/plugins/com.st.stm32cube.ide.mcu.externaltools.gnu-tools-for-stm32.9-2020-q2-update.win32_2.0.0.202105311346/tools/bin/../lib/gcc/arm-none-eabi/9.3.1/../../../../arm-none-eabi/lib/thumb/v7e-m+fp/hard\libc_nano.a(lib_a-assert.o)
                0x00000000080081f8                __assert_func
 .text.fprintf  0x0000000008008234       0x24 c:/st/stm32cubeide_1.7.0/stm32cubeide/plugins/com.st.stm32cube.ide.mcu.externaltools.gnu-tools-for-stm32.9-2020-q2-update.win32_2.0.0.202105311346/tools/bin/../lib/gcc/arm-none-eabi/9.3.1/../../../../arm-none-eabi/lib/thumb/v7e-m+fp/hard\libc_nano.a(lib_a-fprintf.o)
                0x0000000008008234                fiprintf
                0x0000000008008234                fprintf
 .text.__retarget_lock_init_recursive
                0x0000000008008258        0x2 c:/st/stm32cubeide_1.7.0/stm32cubeide/plugins/com.st.stm32cube.ide.mcu.externaltools.gnu-tools-for-stm32.9-2020-q2-update.win32_2.0.0.202105311346/tools/bin/../lib/gcc/arm-none-eabi/9.3.1/../../../../arm-none-eabi/lib/thumb/v7e-m+fp/hard\libc_nano.a(lib_a-lock.o)
                0x0000000008008258                __retarget_lock_init_recursive
 .text.__retarget_lock_acquire_recursive
                0x000000000800825a        0x2 c:/st/stm32cubeide_1.7.0/stm32cubeide/plugins/com.st.stm32cube.ide.mcu.externaltools.gnu-tools-for-stm32.9-2020-q2-update.win32_2.0.0.202105311346/tools/bin/../lib/gcc/arm-none-eabi/9.3.1/../../../../arm-none-eabi/lib/thumb/v7e-m+fp/hard\libc_nano.a(lib_a-lock.o)
                0x000000000800825a                __retarget_lock_acquire_recursive
 .text.__retarget_lock_release
                0x000000000800825c        0x2 c:/st/stm32cubeide_1.7.0/stm32cubeide/plugins/com.st.stm32cube.ide.mcu.externaltools.gnu-tools-for-stm32.9-2020-q2-update.win32_2.0.0.202105311346/tools/bin/../lib/gcc/arm-none-eabi/9.3.1/../../../../arm-none-eabi/lib/thumb/v7e-m+fp/hard\libc_nano.a(lib_a-lock.o)
                0x000000000800825c                __retarget_lock_release
 .text.__retarget_lock_release_recursive
                0x000000000800825e        0x2 c:/st/stm32cubeide_1.7.0/stm32cubeide/plugins/com.st.stm32cube.ide.mcu.externaltools.gnu-tools-for-stm32.9-2020-q2-update.win32_2.0.0.202105311346/tools/bin/../lib/gcc/arm-none-eabi/9.3.1/../../../../arm-none-eabi/lib/thumb/v7e-m+fp/hard\libc_nano.a(lib_a-lock.o)
                0x000000000800825e                __retarget_lock_release_recursive
 .text.__malloc_lock
                0x0000000008008260        0xc c:/st/stm32cubeide_1.7.0/stm32cubeide/plugins/com.st.stm32cube.ide.mcu.externaltools.gnu-tools-for-stm32.9-2020-q2-update.win32_2.0.0.202105311346/tools/bin/../lib/gcc/arm-none-eabi/9.3.1/../../../../arm-none-eabi/lib/thumb/v7e-m+fp/hard\libc_nano.a(lib_a-mlock.o)
                0x0000000008008260                __malloc_lock
 .text.__malloc_unlock
                0x000000000800826c        0xc c:/st/stm32cubeide_1.7.0/stm32cubeide/plugins/com.st.stm32cube.ide.mcu.externaltools.gnu-tools-for-stm32.9-2020-q2-update.win32_2.0.0.202105311346/tools/bin/../lib/gcc/arm-none-eabi/9.3.1/../../../../arm-none-eabi/lib/thumb/v7e-m+fp/hard\libc_nano.a(lib_a-mlock.o)
                0x000000000800826c                __malloc_unlock
 .text.__ssputs_r
                0x0000000008008278       0xb6 c:/st/stm32cubeide_1.7.0/stm32cubeide/plugins/com.st.stm32cube.ide.mcu.externaltools.gnu-tools-for-stm32.9-2020-q2-update.win32_2.0.0.202105311346/tools/bin/../lib/gcc/arm-none-eabi/9.3.1/../../../../arm-none-eabi/lib/thumb/v7e-m+fp/hard\libc_nano.a(lib_a-nano-svfprintf.o)
                0x0000000008008278                __ssputs_r
 *fill*         0x000000000800832e        0x2 
 .text._svfprintf_r
                0x0000000008008330      0x200 c:/st/stm32cubeide_1.7.0/stm32cubeide/plugins/com.st.stm32cube.ide.mcu.externaltools.gnu-tools-for-stm32.9-2020-q2-update.win32_2.0.0.202105311346/tools/bin/../lib/gcc/arm-none-eabi/9.3.1/../../../../arm-none-eabi/lib/thumb/v7e-m+fp/hard\libc_nano.a(lib_a-nano-svfprintf.o)
                0x0000000008008330                _svfiprintf_r
                0x0000000008008330                _svfprintf_r
 .text.__sfputc_r
                0x0000000008008530       0x2e c:/st/stm32cubeide_1.7.0/stm32cubeide/plugins/com.st.stm32cube.ide.mcu.externaltools.gnu-tools-for-stm32.9-2020-q2-update.win32_2.0.0.202105311346/tools/bin/../lib/gcc/arm-none-eabi/9.3.1/../../../../arm-none-eabi/lib/thumb/v7e-m+fp/hard\libc_nano.a(lib_a-nano-vfprintf.o)
 .text.__sfputs_r
                0x000000000800855e       0x24 c:/st/stm32cubeide_1.7.0/stm32cubeide/plugins/com.st.stm32cube.ide.mcu.externaltools.gnu-tools-for-stm32.9-2020-q2-update.win32_2.0.0.202105311346/tools/bin/../lib/gcc/arm-none-eabi/9.3.1/../../../../arm-none-eabi/lib/thumb/v7e-m+fp/hard\libc_nano.a(lib_a-nano-vfprintf.o)
                0x000000000800855e                __sfputs_r
 *fill*         0x0000000008008582        0x2 
 .text._vfprintf_r
                0x0000000008008584      0x260 c:/st/stm32cubeide_1.7.0/stm32cubeide/plugins/com.st.stm32cube.ide.mcu.externaltools.gnu-tools-for-stm32.9-2020-q2-update.win32_2.0.0.202105311346/tools/bin/../lib/gcc/arm-none-eabi/9.3.1/../../../../arm-none-eabi/lib/thumb/v7e-m+fp/hard\libc_nano.a(lib_a-nano-vfprintf.o)
                0x0000000008008584                _vfprintf_r
                0x0000000008008584                _vfiprintf_r
 .text._printf_common
                0x00000000080087e4       0xda c:/st/stm32cubeide_1.7.0/stm32cubeide/plugins/com.st.stm32cube.ide.mcu.externaltools.gnu-tools-for-stm32.9-2020-q2-update.win32_2.0.0.202105311346/tools/bin/../lib/gcc/arm-none-eabi/9.3.1/../../../../arm-none-eabi/lib/thumb/v7e-m+fp/hard\libc_nano.a(lib_a-nano-vfprintf_i.o)
                0x00000000080087e4                _printf_common
 *fill*         0x00000000080088be        0x2 
 .text._printf_i
                0x00000000080088c0      0x24c c:/st/stm32cubeide_1.7.0/stm32cubeide/plugins/com.st.stm32cube.ide.mcu.externaltools.gnu-tools-for-stm32.9-2020-q2-update.win32_2.0.0.202105311346/tools/bin/../lib/gcc/arm-none-eabi/9.3.1/../../../../arm-none-eabi/lib/thumb/v7e-m+fp/hard\libc_nano.a(lib_a-nano-vfprintf_i.o)
                0x00000000080088c0                _printf_i
 .text.__swbuf_r
                0x0000000008008b0c       0xa4 c:/st/stm32cubeide_1.7.0/stm32cubeide/plugins/com.st.stm32cube.ide.mcu.externaltools.gnu-tools-for-stm32.9-2020-q2-update.win32_2.0.0.202105311346/tools/bin/../lib/gcc/arm-none-eabi/9.3.1/../../../../arm-none-eabi/lib/thumb/v7e-m+fp/hard\libc_nano.a(lib_a-wbuf.o)
                0x0000000008008b0c                __swbuf_r
 .text.__swsetup_r
                0x0000000008008bb0       0xdc c:/st/stm32cubeide_1.7.0/stm32cubeide/plugins/com.st.stm32cube.ide.mcu.externaltools.gnu-tools-for-stm32.9-2020-q2-update.win32_2.0.0.202105311346/tools/bin/../lib/gcc/arm-none-eabi/9.3.1/../../../../arm-none-eabi/lib/thumb/v7e-m+fp/hard\libc_nano.a(lib_a-wsetup.o)
                0x0000000008008bb0                __swsetup_r
 .text.__sflush_r
                0x0000000008008c8c      0x10c c:/st/stm32cubeide_1.7.0/stm32cubeide/plugins/com.st.stm32cube.ide.mcu.externaltools.gnu-tools-for-stm32.9-2020-q2-update.win32_2.0.0.202105311346/tools/bin/../lib/gcc/arm-none-eabi/9.3.1/../../../../arm-none-eabi/lib/thumb/v7e-m+fp/hard\libc_nano.a(lib_a-fflush.o)
                0x0000000008008c8c                __sflush_r
 .text._fflush_r
                0x0000000008008d98       0x78 c:/st/stm32cubeide_1.7.0/stm32cubeide/plugins/com.st.stm32cube.ide.mcu.externaltools.gnu-tools-for-stm32.9-2020-q2-update.win32_2.0.0.202105311346/tools/bin/../lib/gcc/arm-none-eabi/9.3.1/../../../../arm-none-eabi/lib/thumb/v7e-m+fp/hard\libc_nano.a(lib_a-fflush.o)
                0x0000000008008d98                _fflush_r
 .text.std      0x0000000008008e10       0x48 c:/st/stm32cubeide_1.7.0/stm32cubeide/plugins/com.st.stm32cube.ide.mcu.externaltools.gnu-tools-for-stm32.9-2020-q2-update.win32_2.0.0.202105311346/tools/bin/../lib/gcc/arm-none-eabi/9.3.1/../../../../arm-none-eabi/lib/thumb/v7e-m+fp/hard\libc_nano.a(lib_a-findfp.o)
 .text._cleanup_r
                0x0000000008008e58        0xc c:/st/stm32cubeide_1.7.0/stm32cubeide/plugins/com.st.stm32cube.ide.mcu.externaltools.gnu-tools-for-stm32.9-2020-q2-update.win32_2.0.0.202105311346/tools/bin/../lib/gcc/arm-none-eabi/9.3.1/../../../../arm-none-eabi/lib/thumb/v7e-m+fp/hard\libc_nano.a(lib_a-findfp.o)
                0x0000000008008e58                _cleanup_r
 .text.__sfmoreglue
                0x0000000008008e64       0x2c c:/st/stm32cubeide_1.7.0/stm32cubeide/plugins/com.st.stm32cube.ide.mcu.externaltools.gnu-tools-for-stm32.9-2020-q2-update.win32_2.0.0.202105311346/tools/bin/../lib/gcc/arm-none-eabi/9.3.1/../../../../arm-none-eabi/lib/thumb/v7e-m+fp/hard\libc_nano.a(lib_a-findfp.o)