queue.h:11:5:core::Queue::Queue(uint8_t*, uint16_t)	24	static
queue.h:19:14:uint16_t core::Queue::available()	24	static
base.h:15:18:virtual void core::Component::init()	16	static
base.h:16:13:core::Component::~Component()	16	static
base.h:16:13:virtual core::Component::~Component()	16	static
base.h:29:13:core::Event::~Event()	16	static
base.h:29:13:virtual core::Event::~Event()	16	static
base.h:32:18:virtual void core::Event::execute()	16	static
controller.h:9:1:console::Controller::~Controller()	16	static
controller.h:9:1:virtual console::Controller::~Controller()	16	static
base.h:12:7:constexpr core::Component::Component()	16	static
event.h:32:5:core::EmptyEvent::EmptyEvent(core::Component*, core::EmptyEvent::Handler)	24	static
event.h:38:10:virtual void core::EmptyEvent::execute()	16	static
machine.h:13:10:void core::Machine::NullState()	16	static
machine.h:16:18:virtual bool core::Machine::check_(uint8_t, core::Machine::State)	24	static
machine.h:17:18:virtual void core::Machine::start_(core::Machine::State)	24	static
driver.h:10:1:void __tcf_3()	8	static
driver.h:10:1:static console::Driver& console::Driver::instance()	8	static
machine.h:8:7:core::Machine::~Machine()	16	static
machine.h:8:7:virtual core::Machine::~Machine()	16	static
machine.h:94:7:core::ByteMachine<unsigned char>::~ByteMachine()	16	static
machine.h:94:7:virtual core::ByteMachine<unsigned char>::~ByteMachine()	16	static
driver.h:10:1:console::Driver::~Driver()	16	static
driver.h:10:1:virtual console::Driver::~Driver()	16	static
machine.h:8:7:constexpr core::Machine::Machine()	16	static
machine.h:94:7:core::ByteMachine<unsigned char>::ByteMachine()	24	static
driver.h:10:1:console::Driver::Driver()	24	static
driver.h:15:10:bool console::Driver::checkBeforeSend(uint8_t)	16	static
controller.cpp:8:6:virtual void console::Controller::init()	16	static
controller.cpp:14:6:void console::Controller::print(const char*)	24	static
controller.cpp:25:6:bool console::Controller::sendOSC(uint8_t, uint8_t, uint16_t, const uint8_t*)	288	static
controller.cpp:47:6:)	284	static
controller.cpp:62:19:console::Command* console::Controller::registerCommand(uint16_t, console::Handler)	32	static
controller.cpp:72:6:void console::Controller::updateIntField(uint16_t, int32_t)	32	static
controller.cpp:85:6:void console::Controller::processCommand(uint16_t, uint8_t, uint8_t*)	32	static
controller.cpp:99:6:void console::Controller::updateTextField(uint16_t, char*)	32	static
controller.cpp:105:6:void console::Controller::updateTextField(uint16_t, uint8_t, uint8_t*)	48	dynamic
event.h:54:5:core::FixedEvent<E>::FixedEvent(core::Component*, core::FixedEvent<E>::Handler) [with E = unsigned char]	32	static
machine.h:106:10:void core::ByteMachine<T>::execute_(const T&) [with T = unsigned char]	16	static
mem-pool.h:33:5:MemPool<T>::MemPool(long unsigned int) [with T = unsigned char]	24	static
event.h:50:7:core::FixedEvent<unsigned char>::~FixedEvent()	16	static
event.h:50:7:virtual core::FixedEvent<unsigned char>::~FixedEvent()	16	static
event.h:28:7:core::EmptyEvent::~EmptyEvent()	16	static
event.h:28:7:virtual core::EmptyEvent::~EmptyEvent()	16	static
machine.h:113:10:void core::ByteMachine<T>::start_(core::Machine::State) [with T = unsigned char]	24	static
event.h:78:10:void core::FixedEvent<E>::execute() [with E = unsigned char]	24	static
mem-pool.h:78:10:void MemPool<T>::Free(T*) [with T = unsigned char]	32	static
