base.h:24:18:virtual void core::Component::init()	16	static
base.h:25:13:core::Component::~Component()	16	static
base.h:25:13:virtual core::Component::~Component()	16	static
base.h:32:13:core::Event::~Event()	16	static
base.h:32:13:virtual core::Event::~Event()	16	static
controller.h:9:1:console::Controller::~Controller()	16	static
controller.h:9:1:virtual console::Controller::~Controller()	16	static
base.h:21:7:constexpr core::Component::Component()	16	static
event.h:31:5:core::EmptyEvent::EmptyEvent(core::Component*, core::EmptyEvent::Handler)	24	static
event.h:37:10:virtual void core::EmptyEvent::execute(core::AbstractEventQueue*)	16	static
machine.h:13:7:void core::Machine::NullState()	16	static
machine.h:16:15:virtual bool core::Machine::check_(uint8_t, core::Machine::State)	24	static
machine.h:17:15:virtual void core::Machine::start_(core::Machine::State)	24	static
machine.h:31:7:void core::SimpleMachine::execute(uint8_t&)	16	static
machine.h:47:7:virtual bool core::SimpleMachine::check_(uint8_t, core::Machine::State)	24	static
machine.h:54:7:virtual void core::SimpleMachine::start_(core::Machine::State)	24	static
driver.h:11:1:void __tcf_3()	8	static
driver.h:11:1:static console::Driver& console::Driver::instance()	8	static
machine.h:8:7:core::Machine::~Machine()	16	static
machine.h:8:7:virtual core::Machine::~Machine()	16	static
machine.h:23:7:core::SimpleMachine::~SimpleMachine()	16	static
machine.h:23:7:virtual core::SimpleMachine::~SimpleMachine()	16	static
driver.h:11:1:console::Driver::~Driver()	16	static
driver.h:11:1:virtual console::Driver::~Driver()	16	static
machine.h:8:7:constexpr core::Machine::Machine()	16	static
machine.h:23:7:constexpr core::SimpleMachine::SimpleMachine()	24	static
driver.h:11:1:console::Driver::Driver()	32	static
controller.cpp:8:6:virtual void console::Controller::init()	16	static
controller.cpp:14:6:void console::Controller::print(const char*)	24	static
controller.cpp:20:6:bool console::Controller::sendOSC(uint8_t, uint8_t, uint16_t, const uint8_t*)	288	static
controller.cpp:35:6:)	284	static
controller.cpp:45:19:console::Command* console::Controller::registerCommand(uint16_t, console::Handler)	32	static
controller.cpp:55:6:void console::Controller::updateIntField(uint16_t, int32_t)	32	static
controller.cpp:63:6:void console::Controller::processCommand(uint16_t, uint8_t, uint8_t*)	32	static
controller.cpp:77:6:void console::Controller::updateTextField(uint16_t, char*)	32	static
controller.cpp:83:6:void console::Controller::updateTextField(uint16_t, uint8_t, uint8_t*)	48	dynamic
event.h:53:5:core::FixedEvent<E>::FixedEvent(core::Component*, core::FixedEvent<E>::Handler) [with E = unsigned char]	24	static
event.h:49:7:core::FixedEvent<unsigned char>::~FixedEvent()	16	static
event.h:49:7:virtual core::FixedEvent<unsigned char>::~FixedEvent()	16	static
event.h:27:7:core::EmptyEvent::~EmptyEvent()	16	static
event.h:27:7:virtual core::EmptyEvent::~EmptyEvent()	16	static
event.h:60:10:void core::FixedEvent<E>::execute(core::AbstractEventQueue*) [with E = unsigned char]	24	static
