queue.h:19:14:uint16_t core::Queue::available()	24	static
queue.h:26:10:bool core::Queue::empty()	16	static
queue.h:34:10:void core::Queue::push(uint8_t)	24	static
queue.h:45:13:uint8_t core::Queue::pop()	24	static
base.h:18:18:virtual void core::Component::init()	16	static
base.h:19:13:core::Component::~Component()	16	static
base.h:19:13:virtual core::Component::~Component()	16	static
base.h:32:13:core::Event::~Event()	16	static
base.h:32:13:virtual core::Event::~Event()	16	static
base.h:35:18:virtual void core::Event::execute()	16	static
event-queue.h:15:10:core::EventQueue::~EventQueue()	16	static
event-queue.h:15:10:virtual core::EventQueue::~EventQueue()	16	static
event-queue.h:33:24:EventStatus core::EventQueue::post(core::container_t)	32	static,ignoring_inline_asm
event-queue.h:49:17:void core::EventQueue::push_(core::container_t)	24	static
engine.h:18:5:core::Engine::~Engine()	16	static
engine.h:18:5:virtual core::Engine::~Engine()	16	static
engine.h:23:17:core::EventQueue& core::Engine::events()	16	static
engine.h:26:23:void __tcf_0()	8	static
engine.h:24:20:static core::Engine& core::Engine::instance()	8	static
controller.h:9:1:void __tcf_1()	8	static
controller.h:9:1:static console::Controller& console::Controller::instance()	8	static
controller.h:9:1:console::Controller::~Controller()	16	static
controller.h:9:1:virtual console::Controller::~Controller()	16	static
base.h:15:7:constexpr core::Component::Component()	16	static
controller.h:9:1:console::Controller::Controller()	24	static
event.h:33:17:EventStatus core::EmptyEvent::post()	16	static
event.h:38:10:virtual void core::EmptyEvent::execute()	16	static
machine.h:16:18:virtual bool core::Machine::check_(uint8_t, core::Machine::State)	24	static
machine.h:17:18:virtual void core::Machine::start_(core::Machine::State)	24	static
machine.h:8:7:core::Machine::~Machine()	16	static
machine.h:8:7:virtual core::Machine::~Machine()	16	static
machine.h:94:7:core::ByteMachine<unsigned char>::~ByteMachine()	16	static
machine.h:94:7:virtual core::ByteMachine<unsigned char>::~ByteMachine()	16	static
driver.h:10:1:console::Driver::~Driver()	16	static
driver.h:10:1:virtual console::Driver::~Driver()	16	static
driver.cpp:5:6:virtual void console::Driver::init()	24	static
driver.cpp:11:1:void console::Driver::ReceiveHeader()	16	static
driver.cpp:16:1:void console::Driver::ReceiveLength()	16	static
driver.cpp:29:1:void console::Driver::ReceiveType()	16	static
driver.cpp:41:1:void console::Driver::ReceiveData()	16	static
driver.cpp:47:1:void console::Driver::ReceiveChecksum()	16	static
driver.cpp:53:1:void console::Driver::ReceiveFooter()	16	static
driver.cpp:62:6:bool console::Driver::sendPacket(uint16_t, uint8_t, const uint8_t*)	40	static
driver.cpp:95:1:void console::Driver::sendHandler_()	16	static
machine.h:113:10:void core::ByteMachine<T>::start_(core::Machine::State) [with T = unsigned char]	24	static
event.h:50:7:core::FixedEvent<unsigned char>::~FixedEvent()	16	static
event.h:50:7:virtual core::FixedEvent<unsigned char>::~FixedEvent()	16	static
event.h:28:7:core::EmptyEvent::~EmptyEvent()	16	static
event.h:28:7:virtual core::EmptyEvent::~EmptyEvent()	16	static
event.h:78:10:void core::FixedEvent<E>::execute() [with E = unsigned char]	16	static
mem-pool.h:78:10:void MemPool<T>::Free(void*) [with T = unsigned char]	32	static
