stm32g4xx_ll_dma.h:518:22:void LL_DMA_EnableChannel(DMA_TypeDef*, uint32_t)	24	static
stm32g4xx_ll_dma.h:998:22:void LL_DMA_SetDataLength(DMA_TypeDef*, uint32_t, uint32_t)	32	static
base.h:24:18:virtual void core::Component::init()	16	static
base.h:25:13:core::Component::~Component()	16	static
base.h:25:13:virtual core::Component::~Component()	16	static
base.h:32:13:core::Event::~Event()	16	static
base.h:32:13:virtual core::Event::~Event()	16	static
controller.h:9:1:void __tcf_1()	8	static
controller.h:9:1:static console::Controller& console::Controller::instance()	8	static
controller.h:9:1:console::Controller::~Controller()	16	static
controller.h:9:1:virtual console::Controller::~Controller()	16	static
base.h:21:7:constexpr core::Component::Component()	16	static
controller.h:9:1:console::Controller::Controller()	24	static
event.h:37:10:virtual void core::EmptyEvent::execute(core::AbstractEventQueue*)	16	static
machine.h:16:15:virtual bool core::Machine::check_(uint8_t, core::Machine::State)	24	static
machine.h:17:15:virtual void core::Machine::start_(core::Machine::State)	24	static
machine.h:47:7:virtual bool core::SimpleMachine::check_(uint8_t, core::Machine::State)	24	static
machine.h:54:7:virtual void core::SimpleMachine::start_(core::Machine::State)	24	static
machine.h:8:7:core::Machine::~Machine()	16	static
machine.h:8:7:virtual core::Machine::~Machine()	16	static
machine.h:23:7:core::SimpleMachine::~SimpleMachine()	16	static
machine.h:23:7:virtual core::SimpleMachine::~SimpleMachine()	16	static
driver.h:11:1:console::Driver::~Driver()	16	static
driver.h:11:1:virtual console::Driver::~Driver()	16	static
driver.h:17:21:uint16_t console::Driver::txAvailable()	16	static
driver.h:32:14:void console::Driver::transferDMA_()	24	static
driver.cpp:5:6:virtual void console::Driver::init()	16	static
driver.cpp:10:6:void console::Driver::ReceiveHeader_(uint8_t)	16	static
driver.cpp:15:6:void console::Driver::ReceiveLength_(uint8_t)	16	static
driver.cpp:28:6:void console::Driver::ReceiveType_(uint8_t)	16	static
driver.cpp:40:6:void console::Driver::ReceiveData_(uint8_t)	16	static
driver.cpp:46:6:void console::Driver::ReceiveChecksum_(uint8_t)	16	static
driver.cpp:52:6:void console::Driver::ReceiveFooter_(uint8_t)	16	static
driver.cpp:61:6:bool console::Driver::sendPacket(uint16_t, uint8_t, const uint8_t*)	40	static
driver.cpp:96:1:void console::Driver::sendHandler_()	16	static
driver.cpp:102:1:void console::Driver::receiveHandler_(const uint8_t&)	16	static
event.h:49:7:core::FixedEvent<unsigned char>::~FixedEvent()	16	static
event.h:49:7:virtual core::FixedEvent<unsigned char>::~FixedEvent()	16	static
event.h:27:7:core::EmptyEvent::~EmptyEvent()	16	static
event.h:27:7:virtual core::EmptyEvent::~EmptyEvent()	16	static
event.h:60:10:void core::FixedEvent<E>::execute(core::AbstractEventQueue*) [with E = unsigned char]	24	static
