queue.h:11:5:core::Queue::Queue(uint8_t*, uint16_t)	24	static
stm32f4xx_ll_usart.h:1793:26:uint32_t LL_USART_IsActiveFlag_RXNE(USART_TypeDef*)	16	static
stm32f4xx_ll_usart.h:1804:26:uint32_t LL_USART_IsActiveFlag_TC(USART_TypeDef*)	16	static
stm32f4xx_ll_usart.h:1815:26:uint32_t LL_USART_IsActiveFlag_TXE(USART_TypeDef*)	16	static
stm32f4xx_ll_usart.h:1969:22:void LL_USART_ClearFlag_TC(USART_TypeDef*)	16	static
stm32f4xx_ll_usart.h:2036:22:void LL_USART_EnableIT_RXNE(USART_TypeDef*)	40	static,ignoring_inline_asm
stm32f4xx_ll_usart.h:2097:22:void LL_USART_EnableIT_ERROR(USART_TypeDef*)	40	static,ignoring_inline_asm
stm32f4xx_ll_usart.h:2143:22:void LL_USART_DisableIT_TC(USART_TypeDef*)	40	static,ignoring_inline_asm
stm32f4xx_ll_usart.h:2154:22:void LL_USART_DisableIT_TXE(USART_TypeDef*)	40	static,ignoring_inline_asm
stm32f4xx_ll_usart.h:2228:26:uint32_t LL_USART_IsEnabledIT_RXNE(USART_TypeDef*)	16	static
stm32f4xx_ll_usart.h:2404:25:uint8_t LL_USART_ReceiveData8(USART_TypeDef*)	16	static
stm32f4xx_ll_usart.h:2427:22:void LL_USART_TransmitData8(USART_TypeDef*, uint8_t)	16	static
base.h:18:18:virtual void core::Component::init()	16	static
base.h:19:13:core::Component::~Component()	16	static
base.h:19:13:virtual core::Component::~Component()	16	static
base.h:32:13:core::Event::~Event()	16	static
base.h:32:13:virtual core::Event::~Event()	16	static
base.h:35:18:virtual void core::Event::execute()	16	static
event-queue.h:15:10:core::EventQueue::~EventQueue()	16	static
event-queue.h:15:10:virtual core::EventQueue::~EventQueue()	16	static
event-queue.h:33:24:EventStatus core::EventQueue::post(core::container_t)	32	static,ignoring_inline_asm
event-queue.h:49:17:void core::EventQueue::push_(core::container_t)	24	static
engine.h:18:5:core::Engine::~Engine()	16	static
engine.h:18:5:virtual core::Engine::~Engine()	16	static
engine.h:23:17:core::EventQueue& core::Engine::events()	16	static
engine.h:26:23:void __tcf_0()	8	static
engine.h:24:20:static core::Engine& core::Engine::instance()	8	static
base.h:15:7:constexpr core::Component::Component()	16	static
event.h:32:5:core::EmptyEvent::EmptyEvent(core::Component*, core::EmptyEvent::Handler)	24	static
event.h:38:10:virtual void core::EmptyEvent::execute()	16	static
machine.h:13:10:void core::Machine::NullState()	16	static
machine.h:16:18:virtual bool core::Machine::check_(uint8_t, core::Machine::State)	24	static
machine.h:17:18:virtual void core::Machine::start_(core::Machine::State)	24	static
driver.h:10:1:void __tcf_3()	8	static
driver.h:10:1:static console::Driver& console::Driver::instance()	8	static
machine.h:8:7:core::Machine::~Machine()	16	static
machine.h:8:7:virtual core::Machine::~Machine()	16	static
machine.h:94:7:core::ByteMachine<unsigned char>::~ByteMachine()	16	static
machine.h:94:7:virtual core::ByteMachine<unsigned char>::~ByteMachine()	16	static
driver.h:10:1:console::Driver::~Driver()	16	static
driver.h:10:1:virtual console::Driver::~Driver()	16	static
machine.h:8:7:constexpr core::Machine::Machine()	16	static
machine.h:94:7:core::ByteMachine<unsigned char>::ByteMachine()	32	static
driver.h:10:1:console::Driver::Driver()	24	static
hal.cpp:9:6:static void console::HAL::init()	8	static
hal.cpp:18:6:static bool console::HAL::txReady()	8	static
hal.cpp:23:6:static void console::HAL::write(uint8_t)	16	static
hal.cpp:28:1:void USART2_IRQHandler()	16	static
event.h:54:5:core::FixedEvent<E>::FixedEvent(core::Component*, core::FixedEvent<E>::Handler, uint8_t) [with E = unsigned char]	32	static
event.h:61:17:EventStatus core::FixedEvent<E>::post(const E&) [with E = unsigned char]	24	static,ignoring_inline_asm
machine.h:106:10:void core::ByteMachine<T>::execute_(const T&) [with T = unsigned char]	16	static
machine.h:97:17:EventStatus core::ByteMachine<T>::post(T) [with T = unsigned char]	16	static
mem-pool.h:33:5:MemPool<T>::MemPool(long unsigned int) [with T = unsigned char]	24	static
mem-pool.h:63:11:void* MemPool<T>::Alloc() [with T = unsigned char]	24	static
event.h:50:7:core::FixedEvent<unsigned char>::~FixedEvent()	16	static
event.h:50:7:virtual core::FixedEvent<unsigned char>::~FixedEvent()	16	static
event.h:28:7:core::EmptyEvent::~EmptyEvent()	16	static
event.h:28:7:virtual core::EmptyEvent::~EmptyEvent()	16	static
machine.h:113:10:void core::ByteMachine<T>::start_(core::Machine::State) [with T = unsigned char]	24	static
event.h:78:10:void core::FixedEvent<E>::execute() [with E = unsigned char]	16	static
mem-pool.h:78:10:void MemPool<T>::Free(void*) [with T = unsigned char]	32	static
