base.h:24:18:virtual void core::Component::init()	16	static
base.h:25:13:core::Component::~Component()	16	static
base.h:25:13:virtual core::Component::~Component()	16	static
base.h:32:13:core::Event::~Event()	16	static
base.h:32:13:virtual core::Event::~Event()	16	static
base.h:21:7:constexpr core::Component::Component()	16	static
event.h:31:5:core::EmptyEvent::EmptyEvent(core::Component*, core::EmptyEvent::Handler)	24	static
event.h:37:10:virtual void core::EmptyEvent::execute(core::AbstractEventQueue*)	16	static
machine.h:13:7:void core::Machine::NullState()	16	static
machine.h:16:15:virtual bool core::Machine::check_(uint8_t, core::Machine::State)	24	static
machine.h:17:15:virtual void core::Machine::start_(core::Machine::State)	24	static
machine.h:31:7:void core::SimpleMachine::execute(uint8_t&)	16	static
machine.h:47:7:virtual bool core::SimpleMachine::check_(uint8_t, core::Machine::State)	24	static
machine.h:54:7:virtual void core::SimpleMachine::start_(core::Machine::State)	24	static
driver.h:11:1:void __tcf_3()	8	static
driver.h:11:1:static console::Driver& console::Driver::instance()	8	static
machine.h:8:7:core::Machine::~Machine()	16	static
machine.h:8:7:virtual core::Machine::~Machine()	16	static
machine.h:23:7:core::SimpleMachine::~SimpleMachine()	16	static
machine.h:23:7:virtual core::SimpleMachine::~SimpleMachine()	16	static
driver.h:11:1:console::Driver::~Driver()	16	static
driver.h:11:1:virtual console::Driver::~Driver()	16	static
machine.h:8:7:constexpr core::Machine::Machine()	16	static
machine.h:23:7:constexpr core::SimpleMachine::SimpleMachine()	24	static
driver.h:11:1:console::Driver::Driver()	32	static
plot.cpp:7:6:void console::Controller::plot(uint8_t, int32_t)	24	static
plot.cpp:14:1:void console::Controller::plotHandler_()	64	static
event.h:53:5:core::FixedEvent<E>::FixedEvent(core::Component*, core::FixedEvent<E>::Handler) [with E = unsigned char]	24	static
event.h:49:7:core::FixedEvent<unsigned char>::~FixedEvent()	16	static
event.h:49:7:virtual core::FixedEvent<unsigned char>::~FixedEvent()	16	static
event.h:27:7:core::EmptyEvent::~EmptyEvent()	16	static
event.h:27:7:virtual core::EmptyEvent::~EmptyEvent()	16	static
event.h:60:10:void core::FixedEvent<E>::execute(core::AbstractEventQueue*) [with E = unsigned char]	24	static
