queue.h:11:5:core::Queue::Queue(uint8_t*, uint16_t)	24	static
base.h:18:18:virtual void core::Component::init()	16	static
base.h:19:13:core::Component::~Component()	16	static
base.h:19:13:virtual core::Component::~Component()	16	static
base.h:32:13:core::Event::~Event()	16	static
base.h:32:13:virtual core::Event::~Event()	16	static
base.h:35:18:virtual void core::Event::execute()	16	static
base.h:15:7:constexpr core::Component::Component()	16	static
event.h:32:5:core::EmptyEvent::EmptyEvent(core::Component*, core::EmptyEvent::Handler)	24	static
event.h:38:10:virtual void core::EmptyEvent::execute()	16	static
machine.h:13:10:void core::Machine::NullState()	16	static
machine.h:16:18:virtual bool core::Machine::check_(uint8_t, core::Machine::State)	24	static
machine.h:17:18:virtual void core::Machine::start_(core::Machine::State)	24	static
driver.h:10:1:void __tcf_3()	8	static
driver.h:10:1:static console::Driver& console::Driver::instance()	8	static
machine.h:8:7:core::Machine::~Machine()	16	static
machine.h:8:7:virtual core::Machine::~Machine()	16	static
machine.h:94:7:core::ByteMachine<unsigned char>::~ByteMachine()	16	static
machine.h:94:7:virtual core::ByteMachine<unsigned char>::~ByteMachine()	16	static
driver.h:10:1:console::Driver::~Driver()	16	static
driver.h:10:1:virtual console::Driver::~Driver()	16	static
machine.h:8:7:constexpr core::Machine::Machine()	16	static
machine.h:94:7:core::ByteMachine<unsigned char>::ByteMachine()	32	static
driver.h:10:1:console::Driver::Driver()	24	static
plot.cpp:7:6:void console::Controller::plot(uint8_t, int32_t)	24	static
plot.cpp:14:1:void console::Controller::plotHandler_()	64	static
event.h:54:5:core::FixedEvent<E>::FixedEvent(core::Component*, core::FixedEvent<E>::Handler, uint8_t) [with E = unsigned char]	32	static
machine.h:106:10:void core::ByteMachine<T>::execute_(const T&) [with T = unsigned char]	16	static
mem-pool.h:33:5:MemPool<T>::MemPool(long unsigned int) [with T = unsigned char]	24	static
event.h:50:7:core::FixedEvent<unsigned char>::~FixedEvent()	16	static
event.h:50:7:virtual core::FixedEvent<unsigned char>::~FixedEvent()	16	static
event.h:28:7:core::EmptyEvent::~EmptyEvent()	16	static
event.h:28:7:virtual core::EmptyEvent::~EmptyEvent()	16	static
machine.h:113:10:void core::ByteMachine<T>::start_(core::Machine::State) [with T = unsigned char]	24	static
event.h:75:10:void core::FixedEvent<E>::execute() [with E = unsigned char]	24	static
mem-pool.h:78:10:void MemPool<T>::Free(T*) [with T = unsigned char]	32	static
