queue.h:19:14:uint16_t core::Queue::available()	24	static
queue.h:26:10:bool core::Queue::empty()	16	static
queue.h:34:10:void core::Queue::push(uint8_t)	24	static
queue.h:45:13:uint8_t core::Queue::pop()	24	static
base.h:24:18:virtual void core::Component::init()	16	static
base.h:25:13:core::Component::~Component()	16	static
base.h:25:13:virtual core::Component::~Component()	16	static
base.h:32:13:core::Event::~Event()	16	static
base.h:32:13:virtual core::Event::~Event()	16	static
event-queue.h:15:10:core::EventQueue::~EventQueue()	16	static
event-queue.h:15:10:virtual core::EventQueue::~EventQueue()	16	static
event-queue.h:17:21:uint16_t core::EventQueue::getMinAvail()	16	static
event-queue.h:30:17:void core::EventQueue::post(uint8_t)	24	static,ignoring_inline_asm
event-queue.h:45:17:virtual void core::EventQueue::pushFixed(uint8_t, uint8_t*, uint8_t)	32	static,ignoring_inline_asm
event-queue.h:64:17:virtual void core::EventQueue::popFixed(uint8_t*, uint8_t)	40	static
event-queue.h:72:17:virtual void core::EventQueue::pushBuffer(uint8_t, uint8_t*, uint8_t)	32	static,ignoring_inline_asm
event-queue.h:93:17:virtual void core::EventQueue::popBuffer(uint8_t*, uint8_t&)	40	static
event-queue.h:103:17:void core::EventQueue::push_(uint8_t)	16	static
event-queue.h:110:20:uint8_t core::EventQueue::pop_()	24	static
engine.h:18:5:core::Engine::~Engine()	16	static
engine.h:18:5:virtual core::Engine::~Engine()	16	static
engine.h:23:17:core::EventQueue& core::Engine::events()	16	static
engine.h:27:23:void __tcf_0()	8	static
engine.h:25:20:static core::Engine& core::Engine::instance()	8	static
controller.h:9:1:void __tcf_1()	8	static
controller.h:9:1:static console::Controller& console::Controller::instance()	8	static
controller.h:9:1:console::Controller::~Controller()	16	static
controller.h:9:1:virtual console::Controller::~Controller()	16	static
base.h:21:7:constexpr core::Component::Component()	16	static
controller.h:9:1:console::Controller::Controller()	24	static
event.h:31:5:core::EmptyEvent::EmptyEvent(core::Component*, core::EmptyEvent::Handler)	24	static
event.h:32:10:void core::EmptyEvent::post()	16	static
event.h:37:10:virtual void core::EmptyEvent::execute(core::AbstractEventQueue*)	16	static
dual.h:20:17:void osc::Dual::plot(uint16_t, uint16_t)	16	static
strand.h:18:10:void core::Strand::post(core::EmptyEvent*, core::ByteEvent*)	24	static,ignoring_inline_asm
strand.h:74:10:void core::Strand::done(uint8_t)	16	static
strand.h:82:17:virtual void core::Strand::popFixed(uint8_t*, uint8_t)	40	static
strand.h:90:17:virtual void core::Strand::pushFixed(uint8_t, uint8_t*, uint8_t)	24	static
strand.h:95:17:virtual void core::Strand::pushBuffer(uint8_t, uint8_t*, uint8_t)	24	static
strand.h:100:17:virtual void core::Strand::popBuffer(uint8_t*, uint8_t&)	24	static
strand.h:110:10:void core::Strand::next_()	16	static
console.h:12:1:test::Console::~Console()	16	static
console.h:12:1:virtual test::Console::~Console()	16	static
console.h:24:5:void test::Console::dualPlot(uint16_t, uint16_t)	16	static
machine.h:13:7:void core::Machine::NullState()	16	static
machine.h:16:15:virtual bool core::Machine::check_(uint8_t, core::Machine::State)	24	static
machine.h:17:15:virtual void core::Machine::start_(core::Machine::State)	24	static
machine.h:31:7:void core::SimpleMachine::execute(uint8_t&)	16	static
machine.h:47:7:virtual bool core::SimpleMachine::check_(uint8_t, core::Machine::State)	24	static
machine.h:54:7:virtual void core::SimpleMachine::start_(core::Machine::State)	24	static
driver.h:11:1:void __tcf_4()	8	static
driver.h:11:1:static console::Driver& console::Driver::instance()	8	static
machine.h:8:7:core::Machine::~Machine()	16	static
machine.h:8:7:virtual core::Machine::~Machine()	16	static
machine.h:23:7:core::SimpleMachine::~SimpleMachine()	16	static
machine.h:23:7:virtual core::SimpleMachine::~SimpleMachine()	16	static
driver.h:11:1:console::Driver::~Driver()	16	static
driver.h:11:1:virtual console::Driver::~Driver()	16	static
machine.h:8:7:constexpr core::Machine::Machine()	16	static
machine.h:23:7:constexpr core::SimpleMachine::SimpleMachine()	24	static
driver.h:11:1:console::Driver::Driver()	32	static
driver.h:16:21:uint16_t console::Driver::getMinAvail()	16	static
console.cpp:8:6:virtual void test::Console::init()	40	static
console.cpp:24:1:void test::Console::testStrandHandler_()	16	static
console.cpp:31:1:void test::Console::strandHandler_()	16	static
console.cpp:37:1:void test::Console::finishedHandler_(const uint8_t&)	24	static
console.cpp:42:1:void test::Console::startCommandHandler_()	32	static
console.cpp:53:1:void test::Console::emptyHandler_()	16	static
console.cpp:58:1:void test::Console::fixedHandler_(const uint16_t&)	16	static
console.cpp:63:1:void test::Console::stopCommandHandler_()	16	static
console.cpp:71:1:void test::Console::intervalCommandHandler_(int32_t)	16	static
console.cpp:77:1:void test::Console::nameCommandHandler_(uint8_t, uint8_t*)	32	static
console.cpp:84:1:void test::Console::helloCommandHandler_()	16	static
console.cpp:89:1:void test::Console::syncCommandHandler_()	16	static
console.cpp:95:1:void test::Console::plotHandler_()	16	static
console.cpp:103:1:void test::Console::oscilloscopeHandler_()	24	static
event.h:68:17:void core::FixedEvent<E>::execute_(E*) [with E = unsigned char]	16	static
event.h:53:5:core::FixedEvent<E>::FixedEvent(core::Component*, core::FixedEvent<E>::Handler) [with E = unsigned char]	24	static
event.h:54:10:void core::FixedEvent<E>::post(const E&) [with E = short unsigned int]	32	static
event.h:49:7:core::FixedEvent<short unsigned int>::~FixedEvent()	16	static
event.h:49:7:virtual core::FixedEvent<short unsigned int>::~FixedEvent()	16	static
event.h:49:7:core::FixedEvent<unsigned char>::~FixedEvent()	16	static
event.h:49:7:virtual core::FixedEvent<unsigned char>::~FixedEvent()	16	static
strand.h:13:7:core::Strand::~Strand()	16	static
strand.h:13:7:virtual core::Strand::~Strand()	16	static
dual.h:13:7:osc::Dual::~Dual()	16	static
dual.h:13:7:virtual osc::Dual::~Dual()	16	static
event.h:27:7:core::EmptyEvent::~EmptyEvent()	16	static
event.h:27:7:virtual core::EmptyEvent::~EmptyEvent()	16	static
event.h:60:10:void core::FixedEvent<E>::execute(core::AbstractEventQueue*) [with E = short unsigned int]	24	static
event.h:60:10:void core::FixedEvent<E>::execute(core::AbstractEventQueue*) [with E = unsigned char]	24	static
