queue.h:11:5:core::Queue::Queue(uint8_t*, uint16_t)	24	static
queue.h:26:10:bool core::Queue::empty()	16	static
queue.h:45:13:uint8_t core::Queue::pop()	24	static
base.h:24:18:virtual void core::Component::init()	16	static
base.h:25:13:core::Component::~Component()	16	static
base.h:25:13:virtual core::Component::~Component()	16	static
base.h:32:13:core::Event::~Event()	16	static
base.h:32:13:virtual core::Event::~Event()	16	static
event-queue.h:15:10:core::EventQueue::~EventQueue()	16	static
event-queue.h:15:10:virtual core::EventQueue::~EventQueue()	16	static
base.h:12:7:constexpr core::AbstractEventQueue::AbstractEventQueue()	16	static
event-queue.h:30:17:void core::EventQueue::post(uint8_t)	24	static,ignoring_inline_asm
event-queue.h:45:17:virtual void core::EventQueue::pushFixed(uint8_t, uint8_t*, uint8_t)	32	static,ignoring_inline_asm
event-queue.h:64:17:virtual void core::EventQueue::popFixed(uint8_t*, uint8_t)	40	static
event-queue.h:72:17:virtual void core::EventQueue::pushBuffer(uint8_t, uint8_t*, uint8_t)	32	static,ignoring_inline_asm
event-queue.h:93:17:virtual void core::EventQueue::popBuffer(uint8_t*, uint8_t&)	40	static
event-queue.h:103:17:void core::EventQueue::push_(uint8_t)	16	static
event-queue.h:110:20:uint8_t core::EventQueue::pop_()	24	static
engine.h:18:5:core::Engine::~Engine()	16	static
engine.h:18:5:virtual core::Engine::~Engine()	16	static
engine.h:23:17:core::EventQueue& core::Engine::events()	16	static
engine.h:27:23:void __tcf_0()	8	static
engine.h:25:20:static core::Engine& core::Engine::instance()	8	static
controller.h:9:1:void __tcf_1()	8	static
controller.h:9:1:static console::Controller& console::Controller::instance()	8	static
controller.h:9:1:console::Controller::~Controller()	16	static
controller.h:9:1:virtual console::Controller::~Controller()	16	static
base.h:21:7:constexpr core::Component::Component()	16	static
controller.h:9:1:console::Controller::Controller()	24	static
event.h:31:5:core::EmptyEvent::EmptyEvent(core::Component*, core::EmptyEvent::Handler)	24	static
event.h:32:10:void core::EmptyEvent::post()	16	static
event.h:37:10:virtual void core::EmptyEvent::execute(core::AbstractEventQueue*)	16	static
strand.h:16:5:core::Strand::Strand(core::Queue&)	32	static
strand.h:82:17:virtual void core::Strand::popFixed(uint8_t*, uint8_t)	40	static
strand.h:90:17:virtual void core::Strand::pushFixed(uint8_t, uint8_t*, uint8_t)	24	static
strand.h:95:17:virtual void core::Strand::pushBuffer(uint8_t, uint8_t*, uint8_t)	24	static
strand.h:100:17:virtual void core::Strand::popBuffer(uint8_t*, uint8_t&)	24	static
strand.h:110:10:void core::Strand::next_()	16	static
strand.h:117:10:void core::Strand::timeout_()	16	static
strand.h:123:10:void core::Strand::execute_()	40	static
console.h:12:1:void __tcf_3()	8	static
console.h:12:1:static test::Console& test::Console::instance()	8	static
console.h:12:1:test::Console::~Console()	16	static
console.h:12:1:virtual test::Console::~Console()	16	static
console.h:12:1:test::Console::Console()	72	static
console.h:16:5:static void test::Console::syncCommand(uint16_t, uint8_t, uint8_t*)	16	static
console.h:17:5:static void test::Console::startCommand(uint16_t, uint8_t, uint8_t*)	16	static
console.h:18:5:static void test::Console::stopCommand(uint16_t, uint8_t, uint8_t*)	16	static
console.h:19:5:static void test::Console::intervalCommand(uint16_t, uint8_t, uint8_t*)	24	static
console.h:20:5:static void test::Console::nameCommand(uint16_t, uint8_t, uint8_t*)	16	static
console.h:21:5:static void test::Console::helloCommand(uint16_t, uint8_t, uint8_t*)	16	static
main.cpp:4:5:int main()	8	static
event.h:53:5:core::FixedEvent<E>::FixedEvent(core::Component*, core::FixedEvent<E>::Handler) [with E = short unsigned int]	24	static
event.h:53:5:core::FixedEvent<E>::FixedEvent(core::Component*, core::FixedEvent<E>::Handler) [with E = unsigned char]	24	static
event.h:49:7:core::FixedEvent<short unsigned int>::~FixedEvent()	16	static
event.h:49:7:virtual core::FixedEvent<short unsigned int>::~FixedEvent()	16	static
event.h:49:7:core::FixedEvent<unsigned char>::~FixedEvent()	16	static
event.h:49:7:virtual core::FixedEvent<unsigned char>::~FixedEvent()	16	static
strand.h:13:7:core::Strand::~Strand()	16	static
strand.h:13:7:virtual core::Strand::~Strand()	16	static
dual.h:13:7:osc::Dual::~Dual()	16	static
dual.h:13:7:virtual osc::Dual::~Dual()	16	static
event.h:27:7:core::EmptyEvent::~EmptyEvent()	16	static
event.h:27:7:virtual core::EmptyEvent::~EmptyEvent()	16	static
event.h:60:10:void core::FixedEvent<E>::execute(core::AbstractEventQueue*) [with E = short unsigned int]	24	static
event.h:60:10:void core::FixedEvent<E>::execute(core::AbstractEventQueue*) [with E = unsigned char]	24	static
