stm32f4xx_ll_gpio.h:940:22:void LL_GPIO_TogglePin(GPIO_TypeDef*, uint32_t)	24	static
base.h:18:18:virtual void core::Component::init()	16	static
base.h:19:13:core::Component::~Component()	16	static
base.h:19:13:virtual core::Component::~Component()	16	static
base.h:32:13:core::Event::~Event()	16	static
base.h:32:13:virtual core::Event::~Event()	16	static
base.h:35:18:virtual void core::Event::execute()	16	static
event-queue.h:15:10:core::EventQueue::~EventQueue()	16	static
event-queue.h:15:10:virtual core::EventQueue::~EventQueue()	16	static
event-queue.h:33:24:EventStatus core::EventQueue::post(core::container_t)	32	static,ignoring_inline_asm
event-queue.h:49:17:void core::EventQueue::push_(core::container_t)	24	static
engine.h:18:5:core::Engine::~Engine()	16	static
engine.h:18:5:virtual core::Engine::~Engine()	16	static
engine.h:23:17:core::EventQueue& core::Engine::events()	16	static
engine.h:26:23:void __tcf_0()	8	static
engine.h:24:20:static core::Engine& core::Engine::instance()	8	static
controller.h:9:1:void __tcf_1()	8	static
controller.h:9:1:static console::Controller& console::Controller::instance()	8	static
controller.h:9:1:console::Controller::~Controller()	16	static
controller.h:9:1:virtual console::Controller::~Controller()	16	static
base.h:15:7:constexpr core::Component::Component()	16	static
controller.h:9:1:console::Controller::Controller()	24	static
event.h:33:17:EventStatus core::EmptyEvent::post()	16	static
event.h:38:10:virtual void core::EmptyEvent::execute()	16	static
machine.h:16:18:virtual bool core::Machine::check_(uint8_t, core::Machine::State)	24	static
machine.h:17:18:virtual void core::Machine::start_(core::Machine::State)	24	static
machine.h:57:10:void core::SimpleMachine::postEvent(uint8_t)	16	static
machine.h:78:10:virtual bool core::SimpleMachine::check_(uint8_t, core::Machine::State)	24	static
machine.h:85:10:virtual void core::SimpleMachine::start_(core::Machine::State)	24	static
signal.h:12:10:void core::EmptySignalOne::connect(core::EmptyEvent*)	16	static
signal.h:14:24:EventStatus core::EmptySignalOne::emit()	16	static
quad.h:18:17:void osc::Quad::plot(uint16_t, uint16_t, uint16_t, uint16_t)	40	static
machine.h:8:7:core::Machine::~Machine()	16	static
machine.h:8:7:virtual core::Machine::~Machine()	16	static
machine.h:23:7:core::SimpleMachine::~SimpleMachine()	16	static
machine.h:23:7:virtual core::SimpleMachine::~SimpleMachine()	16	static
example.h:12:1:ex::Test::~Test()	16	static
example.h:12:1:virtual ex::Test::~Test()	16	static
example.h:20:2:void ex::Test::quadPlot(uint16_t, uint16_t, uint16_t, uint16_t)	40	static
example.cpp:8:6:virtual void ex::Test::init()	48	static
example.cpp:29:1:void ex::Test::plotHandler_()	24	static
example.cpp:47:1:void ex::Test::oscilloscopeHandler_()	40	static
example.cpp:57:1:void ex::Test::timeoutHandler_()	24	static
example.cpp:74:1:void ex::Test::emptyEventHandler_()	16	static
example.cpp:79:1:void ex::Test::fixedEventHandler_(const uint32_t&)	16	static
example.cpp:84:1:void ex::Test::emptySignalReceivedHandler_()	16	static
example.cpp:89:1:void ex::Test::fixedSignalReceivedHandler_(const uint16_t&)	16	static
example.cpp:94:1:void ex::Test::startCommandHandler_()	16	static
example.cpp:100:1:void ex::Test::stopCommandHandler_()	16	static
example.cpp:105:1:void ex::Test::integerCommandHandler_(int32_t)	16	static
example.cpp:110:1:void ex::Test::nameCommandHandler_(uint8_t, uint8_t*)	32	static
event.h:61:17:EventStatus core::FixedEvent<E>::post(const E&) [with E = unsigned char]	24	static
signal.h:27:10:void core::SignalOne<EV, E>::connect(EV*) [with EV = core::FixedEvent<short unsigned int>; E = short unsigned int]	16	static
signal.h:29:24:EventStatus core::SignalOne<EV, E>::emit(E&) [with EV = core::FixedEvent<short unsigned int>; E = short unsigned int]	16	static
event.h:61:17:EventStatus core::FixedEvent<E>::post(const E&) [with E = long unsigned int]	24	static
mem-pool.h:63:11:void* MemPool<T>::Alloc() [with T = unsigned char]	24	static
event.h:61:17:EventStatus core::FixedEvent<E>::post(const E&) [with E = short unsigned int]	24	static
mem-pool.h:63:11:void* MemPool<T>::Alloc() [with T = long unsigned int]	24	static
mem-pool.h:63:11:void* MemPool<T>::Alloc() [with T = short unsigned int]	24	static
event.h:50:7:core::FixedEvent<short unsigned int>::~FixedEvent()	16	static
event.h:50:7:virtual core::FixedEvent<short unsigned int>::~FixedEvent()	16	static
event.h:50:7:core::FixedEvent<long unsigned int>::~FixedEvent()	16	static
event.h:50:7:virtual core::FixedEvent<long unsigned int>::~FixedEvent()	16	static
quad.h:12:7:osc::Quad::~Quad()	16	static
quad.h:12:7:virtual osc::Quad::~Quad()	16	static
event.h:50:7:core::FixedEvent<unsigned char>::~FixedEvent()	16	static
event.h:50:7:virtual core::FixedEvent<unsigned char>::~FixedEvent()	16	static
event.h:28:7:core::EmptyEvent::~EmptyEvent()	16	static
event.h:28:7:virtual core::EmptyEvent::~EmptyEvent()	16	static
event.h:75:10:void core::FixedEvent<E>::execute() [with E = short unsigned int]	24	static
event.h:75:10:void core::FixedEvent<E>::execute() [with E = long unsigned int]	24	static
event.h:75:10:void core::FixedEvent<E>::execute() [with E = unsigned char]	24	static
mem-pool.h:78:10:void MemPool<T>::Free(T*) [with T = short unsigned int]	32	static
mem-pool.h:78:10:void MemPool<T>::Free(T*) [with T = long unsigned int]	32	static
mem-pool.h:78:10:void MemPool<T>::Free(T*) [with T = unsigned char]	32	static
