base.h:29:13:core::Event::~Event()	16	static
base.h:29:13:virtual core::Event::~Event()	16	static
base.h:32:18:virtual void core::Event::execute()	16	static
base.h:33:5:core::Event::Event(uint8_t)	16	static
event-queue.h:15:10:core::EventQueue::~EventQueue()	16	static
event-queue.h:15:10:virtual core::EventQueue::~EventQueue()	16	static
event-queue.h:16:5:core::EventQueue::EventQueue()	16	static
event-queue.h:17:14:bool core::EventQueue::next()	32	static
event-queue.h:56:24:core::container_t core::EventQueue::pop_()	16	static
event-queue.h:75:13:uint8_t core::EventQueue::registerEvent_(core::Event*)	16	static
engine.h:18:5:core::Engine::~Engine()	16	static
engine.h:18:5:virtual core::Engine::~Engine()	16	static
engine.h:23:17:core::EventQueue& core::Engine::events()	16	static
engine.h:26:23:void __tcf_0()	8	static
engine.h:24:20:static core::Engine& core::Engine::instance()	8	static
engine.cpp:6:1:core::Event::Event()	16	static
engine.cpp:12:1:core::Engine::Engine()	16	static
engine.cpp:18:6:void core::Engine::run()	16	static,ignoring_inline_asm
engine.cpp:27:6:void core::Engine::registerTask_(core::Task*)	16	static
engine.cpp:33:6:void core::Engine::startTask_(core::Task*)	24	static
engine.cpp:51:6:void core::Engine::stopTask_(core::Task*)	24	static
engine.cpp:68:6:void core::Engine::delay(uint32_t)	32	static,ignoring_inline_asm
engine.cpp:74:6:virtual void core::Engine::execute()	32	static
