base.h:32:13:core::Event::~Event()	16	static
base.h:32:13:virtual core::Event::~Event()	16	static
base.h:35:5:core::Event::Event(uint8_t)	16	static
event-queue.h:15:10:core::EventQueue::~EventQueue()	16	static
event-queue.h:15:10:virtual core::EventQueue::~EventQueue()	16	static
base.h:12:7:constexpr core::AbstractEventQueue::AbstractEventQueue()	16	static
event-queue.h:16:5:core::EventQueue::EventQueue()	16	static
event-queue.h:18:14:bool core::EventQueue::next()	24	static
event-queue.h:45:17:virtual void core::EventQueue::pushFixed(uint8_t, uint8_t*, uint8_t)	32	static,ignoring_inline_asm
event-queue.h:64:17:virtual void core::EventQueue::popFixed(uint8_t*, uint8_t)	40	static
event-queue.h:72:17:virtual void core::EventQueue::pushBuffer(uint8_t, uint8_t*, uint8_t)	32	static,ignoring_inline_asm
event-queue.h:93:17:virtual void core::EventQueue::popBuffer(uint8_t*, uint8_t&)	40	static
event-queue.h:103:17:void core::EventQueue::push_(uint8_t)	16	static
event-queue.h:110:20:uint8_t core::EventQueue::pop_()	24	static
event-queue.h:130:13:uint8_t core::EventQueue::registerEvent_(core::Event*)	16	static
engine.h:18:5:core::Engine::~Engine()	16	static
engine.h:18:5:virtual core::Engine::~Engine()	16	static
engine.h:23:17:core::EventQueue& core::Engine::events()	16	static
engine.h:27:23:void __tcf_0()	8	static
engine.h:25:20:static core::Engine& core::Engine::instance()	8	static
engine.cpp:6:1:core::Event::Event()	16	static
engine.cpp:11:1:core::Engine::Engine()	16	static
engine.cpp:17:6:void core::Engine::run()	16	static,ignoring_inline_asm
engine.cpp:26:6:void core::Engine::registerTask_(core::Task*)	16	static
engine.cpp:32:6:void core::Engine::startTask_(core::Task*)	24	static
engine.cpp:50:6:void core::Engine::stopTask_(core::Task*)	24	static
engine.cpp:67:6:void core::Engine::delay(uint32_t)	32	static,ignoring_inline_asm
engine.cpp:73:6:virtual void core::Engine::execute(core::AbstractEventQueue*)	32	static
