stm32g4xx_ll_cortex.h:272:22:void LL_SYSTICK_EnableIT()	4	static
base.h:32:13:core::Event::~Event()	16	static
base.h:32:13:virtual core::Event::~Event()	16	static
event-queue.h:15:10:core::EventQueue::~EventQueue()	16	static
event-queue.h:15:10:virtual core::EventQueue::~EventQueue()	16	static
event-queue.h:30:17:void core::EventQueue::post(uint8_t)	24	static,ignoring_inline_asm
event-queue.h:45:17:virtual void core::EventQueue::pushFixed(uint8_t, uint8_t*, uint8_t)	32	static,ignoring_inline_asm
event-queue.h:64:17:virtual void core::EventQueue::popFixed(uint8_t*, uint8_t)	40	static
event-queue.h:72:17:virtual void core::EventQueue::pushBuffer(uint8_t, uint8_t*, uint8_t)	32	static,ignoring_inline_asm
event-queue.h:93:17:virtual void core::EventQueue::popBuffer(uint8_t*, uint8_t&)	40	static
event-queue.h:103:17:void core::EventQueue::push_(uint8_t)	16	static
event-queue.h:110:20:uint8_t core::EventQueue::pop_()	24	static
engine.h:18:5:core::Engine::~Engine()	16	static
engine.h:18:5:virtual core::Engine::~Engine()	16	static
engine.h:27:23:void __tcf_0()	8	static
engine.h:25:20:static core::Engine& core::Engine::instance()	8	static
engine.h:47:13:void core::Engine::tick()	16	static
system.cpp:7:17:void SysTick_Handler()	8	static
system.cpp:13:6:void systemInit()	8	static
