stm32f4xx_ll_cortex.h:273:22:void LL_SYSTICK_EnableIT()	4	static
base.h:29:13:core::Event::~Event()	16	static
base.h:29:13:virtual core::Event::~Event()	16	static
base.h:32:18:virtual void core::Event::execute()	16	static
event-queue.h:15:10:core::EventQueue::~EventQueue()	16	static
event-queue.h:15:10:virtual core::EventQueue::~EventQueue()	16	static
event-queue.h:33:17:void core::EventQueue::post(core::container_t)	32	static
event-queue.h:47:17:void core::EventQueue::push_(core::container_t)	24	static
engine.h:18:5:core::Engine::~Engine()	16	static
engine.h:18:5:virtual core::Engine::~Engine()	16	static
engine.h:26:23:void __tcf_0()	8	static
engine.h:24:20:static core::Engine& core::Engine::instance()	8	static
engine.h:46:13:void core::Engine::tick()	16	static
system.cpp:7:17:void SysTick_Handler()	8	static
system.cpp:12:6:void systemInit()	8	static
