base.h:29:13:core::Event::~Event()	16	static
base.h:29:13:virtual core::Event::~Event()	16	static
base.h:32:18:virtual void core::Event::execute()	16	static
event-queue.h:15:10:core::EventQueue::~EventQueue()	16	static
event-queue.h:15:10:virtual core::EventQueue::~EventQueue()	16	static
engine.h:18:5:core::Engine::~Engine()	16	static
engine.h:18:5:virtual core::Engine::~Engine()	16	static
engine.h:26:23:void __tcf_0()	8	static
engine.h:24:20:static core::Engine& core::Engine::instance()	8	static
task.cpp:4:1:core::Task::Task(core::Component*, core::Task::Handler)	24	static
task.cpp:9:6:void core::Task::start(uint32_t, int32_t)	40	static
task.cpp:18:6:void core::Task::stop()	16	static
task.cpp:25:6:void core::Task::run_()	24	static
